 Game

 Timestamp is 68ab9933 (Sun Aug 24 18:58:59 2025)

 Preferred load address is 00400000

 Start         Length     Name                   Class
 0001:00000000 0007fb48H .text                   CODE
 0001:0007fb50 00009c7cH .text$x                 CODE
 0002:00000000 000003d4H .idata$5                DATA
 0002:000003d8 000022ccH .rdata                  DATA
 0002:000026a8 00008bb8H .xdata$x                DATA
 0002:0000b260 000000c8H .idata$2                DATA
 0002:0000b328 00000014H .idata$3                DATA
 0002:0000b33c 000003d4H .idata$4                DATA
 0002:0000b710 000017f4H .idata$6                DATA
 0002:0000cf04 00000000H .edata                  DATA
 0003:00000000 00000004H .CRT$XCA                DATA
 0003:00000004 00000068H .CRT$XCU                DATA
 0003:0000006c 00000004H .CRT$XCZ                DATA
 0003:00000070 00000004H .CRT$XIA                DATA
 0003:00000074 00000004H .CRT$XIZ                DATA
 0003:00000080 000081a5H .data                   DATA
 0003:00008228 00003af0H .bss                    DATA
 0004:00000000 000000a0H .rsrc$01                DATA
 0004:000000a0 000008c0H .rsrc$02                DATA

  Address         Publics by Value              Rva+Base     Lib:Object

 0001:00000000       ?ALW_GetWndPosition@@YAXAAH0HH_N1@Z 00401000 f   AutoLocateWnd.obj
 0001:000000d0       ?gGetComClassFactory@@YAPAVKComClassFactory@@XZ 004010d0 f   ComWindow.obj
 0001:000000e0       ??0KComClassFactory@@QAE@XZ 004010e0 f   ComWindow.obj
 0001:000000f0       ?FindComClass@KComClassFactory@@QAEPAUKComClassInfo@@PBD@Z 004010f0 f   ComWindow.obj
 0001:00000160       ?FindComClass@KComClassFactory@@QAEPAUKComClassInfo@@PBU2@@Z 00401160 f   ComWindow.obj
 0001:00000180       ?RegisterComClass@KComClassFactory@@QAEHABUKComClassInfo@@@Z 00401180 f   ComWindow.obj
 0001:000001c0       ?CreateComObject@KComClassFactory@@QAEPAVKWndWindow@@PBD@Z 004011c0 f   ComWindow.obj
 0001:00000200       ?SetHoverObjDescColor@@YAXI@Z 00401200 f   MouseHover.obj
 0001:00000210       ?SetMouseHoverObjectDesc@@YAXPAXHIIHHH@Z 00401210 f   MouseHover.obj
 0001:000003b0       ?DrawDraggingGameObjFunc@@YAHHHABUKUiDraggedObject@@H@Z 004013b0 f   MouseHover.obj
 0001:000003e0       ??0KMouseOver@@QAE@XZ      004013e0 f   MouseHover.obj
 0001:00000470       ?IsMoseHoverWndObj@KMouseOver@@QAEHPAXH@Z 00401470 f   MouseHover.obj
 0001:000004a0       ?CancelMouseHoverInfo@KMouseOver@@QAEXXZ 004014a0 f   MouseHover.obj
 0001:000004e0       ?SetMouseHoverInfo@KMouseOver@@QAEXPAXHHH_N1@Z 004014e0 f   MouseHover.obj
 0001:00000550       ?SetMouseHoverTitle@KMouseOver@@QAEXPBDHI@Z 00401550 f   MouseHover.obj
 0001:000005c0       ?SetMouseHoverProp@KMouseOver@@QAEXPBDHI@Z 004015c0 f   MouseHover.obj
 0001:00000630       ?SetMouseHoverDesc@KMouseOver@@QAEXPBDHI@Z 00401630 f   MouseHover.obj
 0001:000006a0       ?Update@KMouseOver@@AAEXHH@Z 004016a0 f   MouseHover.obj
 0001:00000830       ?UpdateCursorPos@KMouseOver@@QAEXHH@Z 00401830 f   MouseHover.obj
 0001:00000860       ?OnWndClosed@KMouseOver@@QAEXPAX@Z 00401860 f   MouseHover.obj
 0001:00000880       ?LoadScheme@KMouseOver@@QAEXPBD@Z 00401880 f   MouseHover.obj
 0001:00000b00       ?PaintMouseHoverInfo@KMouseOver@@QAEXXZ 00401b00 f   MouseHover.obj
 0001:00000de0       ?OnWndDelete@KPopupMenu@@SAXPAVKWndWindow@@@Z 00401de0 f   PopupMenu.obj
 0001:00000e00       ?Popup@KPopupMenu@@SAXPAUKPopupMenuData@@PAVKWndWindow@@I@Z 00401e00 f   PopupMenu.obj
 0001:00001100       ?PaintMenu@KPopupMenu@@SAXXZ 00402100 f   PopupMenu.obj
 0001:000017c0       ?HandleInput@KPopupMenu@@SAHIIH@Z 004027c0 f   PopupMenu.obj
 0001:000018a0       ?SelectItem@KPopupMenu@@CA_NH_N@Z 004028a0 f   PopupMenu.obj
 0001:00001930       ?SelectItem@KPopupMenu@@CA_NHH_N@Z 00402930 f   PopupMenu.obj
 0001:00001a50       ?Cancel@KPopupMenu@@SAXXZ  00402a50 f   PopupMenu.obj
 0001:00001a80       ?InitMenuData@KPopupMenu@@SAXPAUKPopupMenuData@@H@Z 00402a80 f   PopupMenu.obj
 0001:00001b50       ?LoadTheme@KPopupMenu@@SAXPBD@Z 00402b50 f   PopupMenu.obj
 0001:00001e70       ?OutputTabSplitText@@YAHPBDHHHPAUKOutputTextParam@@@Z 00402e70 f   SpecialFuncs.obj
 0001:00001ff0       ?SetScrPicPath@@YA_NPBD@Z  00402ff0 f   SpecialFuncs.obj
 0001:000020b0       ?GetAPrintScreenFileName@@YA_NPADH@Z 004030b0 f   SpecialFuncs.obj
 0001:000020f0       ?SaveScreenToFile@@YAXW4ScreenFileType@@I@Z 004030f0 f   SpecialFuncs.obj
 0001:000021c0       ??0KInlinePicSink@@QAE@XZ  004031c0 f   TextPic.obj
 0001:00002210       ?Init@KInlinePicSink@@QAEHPAUiRepresentShell@@@Z 00403210 f   TextPic.obj
 0001:00002700       ?UnInit@KInlinePicSink@@QAEHXZ 00403700 f   TextPic.obj
 0001:00002730       ?GetPicSize@KInlinePicSink@@UAEJGAAH0@Z 00403730 f   TextPic.obj
 0001:00002840       ?DrawPic@KInlinePicSink@@UAEJGHH@Z 00403840 f   TextPic.obj
 0001:00002940       ?AddCustomInlinePic@KInlinePicSink@@UAEJAAGPBD@Z 00403940 f   TextPic.obj
 0001:00002cd0       ?RemoveCustomInlinePic@KInlinePicSink@@UAEJG@Z 00403cd0 f   TextPic.obj
 0001:00002d40       ?_Destroy@?$vector@UKImageParam@@V?$allocator@UKImageParam@@@std@@@std@@IAEXPAUKImageParam@@0@Z 00403d40 f i TextPic.obj
 0001:00002d50       ?insert@?$vector@UKUiImageRef@@V?$allocator@UKUiImageRef@@@std@@@std@@QAEXPAUKUiImageRef@@IABU3@@Z 00403d50 f i TextPic.obj
 0001:00003070       ?size@?$vector@UKImageParam@@V?$allocator@UKImageParam@@@std@@@std@@QBEIXZ 00404070 f i TextPic.obj
 0001:000030a0       ?_Ucopy@?$vector@UKImageParam@@V?$allocator@UKImageParam@@@std@@@std@@IAEPAUKImageParam@@PBU3@0PAU3@@Z 004040a0 f i TextPic.obj
 0001:000030f0       ?_Ufill@?$vector@UKImageParam@@V?$allocator@UKImageParam@@@std@@@std@@IAEXPAUKImageParam@@IABU3@@Z 004040f0 f i TextPic.obj
 0001:00003140       ?_Construct@std@@YAXPAUKImageParam@@ABU2@@Z 00404140 f i TextPic.obj
 0001:00003170       ??0KUiCursor@@QAE@XZ       00404170 f   UiCursor.obj
 0001:000031a0       ?Cleanup@KUiCursor@@QAEXXZ 004041a0 f   UiCursor.obj
 0001:000031d0       ??1KUiCursor@@QAE@XZ       004041d0 f   UiCursor.obj
 0001:000031e0       ?SetPosition@KUiCursor@@QAEXHH@Z 004041e0 f   UiCursor.obj
 0001:00003200       ?GetPosition@KUiCursor@@QAEXAAH0@Z 00404200 f   UiCursor.obj
 0001:00003220       ?KUiLoadCursor@@YAHPBDAAPAUHICON__@@@Z 00404220 f   UiCursor.obj
 0001:00003410       ?SetImage@KUiCursor@@QAEXHPBD@Z 00404410 f   UiCursor.obj
 0001:00003450       ?SwitchImage@KUiCursor@@QAEHH@Z 00404450 f   UiCursor.obj
 0001:00003490       ?RestoreCursor@KUiCursor@@QAEXXZ 00404490 f   UiCursor.obj
 0001:000034a0       ?Paint@KUiCursor@@QAEXXZ   004044a0 f   UiCursor.obj
 0001:000034b0       ?Show@KUiCursor@@QAEXH@Z   004044b0 f   UiCursor.obj
 0001:000034c0       ?IR_GetCurrentTime@@YAIXZ  004044c0 f   UiImage.obj
 0001:000034d0       ?IR_UpdateTime@@YAXXZ      004044d0 f   UiImage.obj
 0001:000034e0       ?IR_InitUiImageRef@@YAXAAUKUiImageRef@@@Z 004044e0 f   UiImage.obj
 0001:00003500       ?IR_InitUiImagePartRef@@YAXAAUKUiImagePartRef@@@Z 00404500 f   UiImage.obj
 0001:00003520       ?IR_IsTimePassed@@YAHIAAI@Z 00404520 f   UiImage.obj
 0001:00003550       ?IR_GetRemainTime@@YAIII@Z 00404550 f   UiImage.obj
 0001:00003570       ?IR_NextFrame@@YAHAAUKUiImageRef@@@Z 00404570 f   UiImage.obj
 0001:00003650       ?IR_UpdateImagePart@@YAXAAUKUiImagePartRef@@HH@Z 00404650 f   UiImage.obj
 0001:00003820       ?IR_DrawImage@@YAXPAUKUiImageRef@@@Z 00404820 f   UiImage.obj
 0001:00003840       ?IR_DrawImagePart@@YAXPAUKUiImagePartRef@@@Z 00404840 f   UiImage.obj
 0001:00003860       ?IR_GetSpritePixcelAlpha@@YAHAAUKUiImageRef@@HH@Z 00404860 f   UiImage.obj
 0001:000038a0       ?IR_GetReferenceSpot@@YAXAAUKUiImageRef@@AAH1@Z 004048a0 f   UiImage.obj
 0001:00003900       ?SetAllButtonTipTextColor@KWndButton@@SAXI@Z 00404900 f   WndButton.obj
 0001:00003910       ?EnableAllButtonTip@KWndButton@@SAXH@Z 00404910 f   WndButton.obj
 0001:00003930       ??0KWndButton@@QAE@XZ      00404930 f   WndButton.obj
 0001:00003990       ?UpdateData@KWndWindow@@UAEXXZ 00404990 f i WndButton.obj
 0001:000039a0       ?CloseWindow@KWndWindow@@UAEH_N@Z 004049a0 f i WndButton.obj
 0001:000039b0       ?Breathe@KWndWindow@@EAEXXZ 004049b0 f i WndButton.obj
 0001:000039c0       ?GetShortKey@KWndButton@@UAEPBDXZ 004049c0 f i WndButton.obj
 0001:000039d0       ?OnButtonClick@KWndButton@@UAEXXZ 004049d0 f i WndButton.obj
 0001:000039e0       ??_EKWndButton@@UAEPAXI@Z  004049e0 f i WndButton.obj
 0001:000039e0       ??_GKWndButton@@UAEPAXI@Z  004049e0 f i WndButton.obj
 0001:00003a00       ??1KWndButton@@UAE@XZ      00404a00 f i WndButton.obj
 0001:00003a10       ?Clone@KWndButton@@QAEXPAV1@@Z 00404a10 f   WndButton.obj
 0001:00003ac0       ?Init@KWndButton@@UAEHPAVKIniFile@@PBD@Z 00404ac0 f   WndButton.obj
 0001:00003d30       ?IsButtonChecked@KWndButton@@QAEHXZ 00404d30 f   WndButton.obj
 0001:00003d40       ?CheckButton@KWndButton@@QAEXH@Z 00404d40 f   WndButton.obj
 0001:00003dc0       ?IsButtonActive@KWndButton@@QAEHXZ 00404dc0 f   WndButton.obj
 0001:00003dd0       ?WndProc@KWndButton@@UAEHIIH@Z 00404dd0 f   WndButton.obj
 0001:00004080       ?GetToolTipInfo@KWndButton@@UAEHPADH@Z 00405080 f   WndButton.obj
 0001:00004130       ?SetToolTipInfo@KWndButton@@QAEHPADH@Z 00405130 f   WndButton.obj
 0001:000041a0       ?PaintWindow@KWndButton@@UAEXXZ 004051a0 f   WndButton.obj
 0001:00004260       ?OnLBtnDown@KWndButton@@AAEX_N@Z 00405260 f   WndButton.obj
 0001:00004350       ?OnRButtonDown@KWndButton@@AAEXXZ 00405350 f   WndButton.obj
 0001:00004380       ?OnLBtnUp@KWndButton@@AAEXXZ 00405380 f   WndButton.obj
 0001:000043e0       ?OnLBtnDownMove@KWndButton@@AAEXXZ 004053e0 f   WndButton.obj
 0001:00004410       ?Enable@KWndButton@@UAEXH@Z 00405410 f   WndButton.obj
 0001:00004480       ??0KWndImageTextButton@@QAE@XZ 00405480 f   WndButton.obj
 0001:00004500       ??_EKWndImageTextButton@@UAEPAXI@Z 00405500 f i WndButton.obj
 0001:00004500       ??_GKWndImageTextButton@@UAEPAXI@Z 00405500 f i WndButton.obj
 0001:00004520       ??1KWndMovingImage@@UAE@XZ 00405520 f i WndButton.obj
 0001:00004530       ??1KWndImagePart@@UAE@XZ   00405530 f i WndButton.obj
 0001:00004540       ??1KWndImageTextButton@@UAE@XZ 00405540 f i WndButton.obj
 0001:000045b0       ?Init@KWndImageTextButton@@UAEHPAVKIniFile@@PBD@Z 004055b0 f   WndButton.obj
 0001:000046b0       ?Set2IntText@KWndImageTextButton@@QAEXHHD@Z 004056b0 f   WndButton.obj
 0001:000046d0       ?SetIntText@KWndImageTextButton@@QAEXHD@Z 004056d0 f   WndButton.obj
 0001:000046f0       ?SetText@KWndImageTextButton@@QAEXPBDH@Z 004056f0 f   WndButton.obj
 0001:00004710       ?GetText@KWndImageTextButton@@QAEHPADH@Z 00405710 f   WndButton.obj
 0001:00004730       ?Set2IntValue@KWndImageTextButton@@QAEXHH@Z 00405730 f   WndButton.obj
 0001:00004770       ?SetWorldText@KWndImageTextButton@@QAEXHD@Z 00405770 f   WndButton.obj
 0001:00004790       ??0KWndChessPanel@@AAE@XZ  00405790 f   WndChessPanel.obj
 0001:000047b0       ??_EKWndChessPanel@@EAEPAXI@Z 004057b0 f i WndChessPanel.obj
 0001:000047b0       ??_GKWndChessPanel@@EAEPAXI@Z 004057b0 f i WndChessPanel.obj
 0001:000047d0       ??1KWndChessPanel@@EAE@XZ  004057d0 f   WndChessPanel.obj
 0001:000047e0       ?OpenWindow@KWndChessPanel@@SAPAV1@_N@Z 004057e0 f   WndChessPanel.obj
 0001:000048a0       ?CloseWindow@KWndChessPanel@@SAX_N@Z 004058a0 f   WndChessPanel.obj
 0001:000048e0       ?Clear@KWndChessPanel@@SAXXZ 004058e0 f   WndChessPanel.obj
 0001:000048f0       ?GetIfVisible@KWndChessPanel@@SAPAV1@XZ 004058f0 f   WndChessPanel.obj
 0001:00004910       ?PaintWindow@KWndChessPanel@@UAEXXZ 00405910 f   WndChessPanel.obj
 0001:00004a30       ?PtInWindow@KWndChessPanel@@UAEHHH@Z 00405a30 f   WndChessPanel.obj
 0001:00004a40       ?WndProc@KWndChessPanel@@UAEHIIH@Z 00405a40 f   WndChessPanel.obj
 0001:00004a50       ?Initialize@KWndChessPanel@@AAEXXZ 00405a50 f   WndChessPanel.obj
 0001:00004a60       ?Init@KWndChessPanel@@UAEHPAVKIniFile@@PBD@Z 00405a60 f   WndChessPanel.obj
 0001:00004ab0       ??0KWndEdit@@QAE@XZ        00405ab0 f   WndEdit.obj
 0001:00004af0       ??_EKWndEdit@@UAEPAXI@Z    00405af0 f i WndEdit.obj
 0001:00004af0       ??_GKWndEdit@@UAEPAXI@Z    00405af0 f i WndEdit.obj
 0001:00004b10       ??1KWndEdit@@UAE@XZ        00405b10 f   WndEdit.obj
 0001:00004b20       ?Clone@KWndEdit@@QAEXPAV1@@Z 00405b20 f   WndEdit.obj
 0001:00004b70       ?Init@KWndEdit@@UAEHPAVKIniFile@@PBD@Z 00405b70 f   WndEdit.obj
 0001:00004dc0       ?Enable@KWndEdit@@UAEXH@Z  00405dc0 f   WndEdit.obj
 0001:00004e00       ?WndProc@KWndEdit@@UAEHIIH@Z 00405e00 f   WndEdit.obj
 0001:00005030       ?SetColor@KWndEdit@@QAEXI@Z 00406030 f   WndEdit.obj
 0001:00005040       ?InsertString@KWndEdit@@QAEHPBDH@Z 00406040 f   WndEdit.obj
 0001:00005100       ?Paste@KWndEdit@@AAEHXZ    00406100 f   WndEdit.obj
 0001:00005140       ?OnKeyDown@KWndEdit@@IAEHHH@Z 00406140 f   WndEdit.obj
 0001:00005540       ?InsertChar@KWndEdit@@IAEHH@Z 00406540 f   WndEdit.obj
 0001:000055f0       ?InsertChar@KWndEdit@@IAEHDD@Z 004065f0 f   WndEdit.obj
 0001:000056a0       ?UpdateData@KWndEdit@@EAEXXZ 004066a0 f   WndEdit.obj
 0001:000056c0       ?FmtForShow@KWndEdit@@AAEXXZ 004066c0 f   WndEdit.obj
 0001:00005880       ?SplitStringLine@@YAHPADHH@Z 00406880 f   WndEdit.obj
 0001:000058e0       ?PaintWindow@KWndEdit@@UAEXXZ 004068e0 f   WndEdit.obj
 0001:00005c50       ?SetTextPtr@KWndEdit@@IAEXPADH@Z 00406c50 f   WndEdit.obj
 0001:00005c80       ?SetText@KWndEdit@@QAEXPBD@Z 00406c80 f   WndEdit.obj
 0001:00005cf0       ?ClearText@KWndEdit@@QAEX_N@Z 00406cf0 f   WndEdit.obj
 0001:00005d40       ?SetIntText@KWndEdit@@QAEXH@Z 00406d40 f   WndEdit.obj
 0001:00005d80       ?GetIntNumber@KWndEdit@@QAEHXZ 00406d80 f   WndEdit.obj
 0001:00005da0       ?GetText@KWndEdit@@QAEHPADH_N@Z 00406da0 f   WndEdit.obj
 0001:00005e20       ?GetCaretPosition@KWndEdit@@QAEXPAH0@Z 00406e20 f   WndEdit.obj
 0001:00005e60       ??0KWndEdit32@@QAE@XZ      00406e60 f   WndEdit.obj
 0001:00005e90       ??_GKWndEdit32@@UAEPAXI@Z  00406e90 f i WndEdit.obj
 0001:00005e90       ??_EKWndEdit32@@UAEPAXI@Z  00406e90 f i WndEdit.obj
 0001:00005eb0       ??1KWndEdit32@@UAE@XZ      00406eb0 f i WndEdit.obj
 0001:00005ec0       ??0KWndEdit512@@QAE@XZ     00406ec0 f   WndEdit.obj
 0001:00005ef0       ??_EKWndEdit512@@UAEPAXI@Z 00406ef0 f i WndEdit.obj
 0001:00005ef0       ??_GKWndEdit512@@UAEPAXI@Z 00406ef0 f i WndEdit.obj
 0001:00005f10       ??1KWndEdit512@@UAE@XZ     00406f10 f i WndEdit.obj
 0001:00005f20       ??0KWndImage@@QAE@XZ       00406f20 f   WndImage.obj
 0001:00005f70       ??_EKWndImage@@UAEPAXI@Z   00406f70 f i WndImage.obj
 0001:00005f70       ??_GKWndImage@@UAEPAXI@Z   00406f70 f i WndImage.obj
 0001:00005f90       ??1KWndImage@@UAE@XZ       00406f90 f i WndImage.obj
 0001:00005fa0       ?Clone@KWndImage@@QAEXPAV1@@Z 00406fa0 f   WndImage.obj
 0001:00005fd0       ?Init@KWndImage@@UAEHPAVKIniFile@@PBD@Z 00406fd0 f   WndImage.obj
 0001:00006140       ?PtInWindow@KWndImage@@UAEHHH@Z 00407140 f   WndImage.obj
 0001:000061c0       ?SetFrame@KWndImage@@QAEXH@Z 004071c0 f   WndImage.obj
 0001:000061d0       ?SetMaxFrame@KWndImage@@QAEXH@Z 004071d0 f   WndImage.obj
 0001:000061e0       ?SetImage@KWndImage@@QAEXFPBD_N@Z 004071e0 f   WndImage.obj
 0001:00006270       ?RemoveImage@KWndImage@@QAEXXZ 00407270 f   WndImage.obj
 0001:000062a0       ?UpdateTimer@KWndImage@@QAEXXZ 004072a0 f   WndImage.obj
 0001:000062b0       ?NextFrame@KWndImage@@QAEHXZ 004072b0 f   WndImage.obj
 0001:000062c0       ?PaintWindow@KWndImage@@UAEXXZ 004072c0 f   WndImage.obj
 0001:00006300       ??0KWndImagePart@@QAE@XZ   00407300 f   WndImagePart.obj
 0001:00006350       ??_GKWndImagePart@@UAEPAXI@Z 00407350 f i WndImagePart.obj
 0001:00006350       ??_EKWndImagePart@@UAEPAXI@Z 00407350 f i WndImagePart.obj
 0001:00006370       ?Clone@KWndImagePart@@IAEXPAV1@@Z 00407370 f   WndImagePart.obj
 0001:000063b0       ?Init@KWndImagePart@@UAEHPAVKIniFile@@PBD@Z 004073b0 f   WndImagePart.obj
 0001:00006470       ?PaintWindow@KWndImagePart@@UAEXXZ 00407470 f   WndImagePart.obj
 0001:00006570       ?SetPart@KWndImagePart@@QAEXHH_N@Z 00407570 f   WndImagePart.obj
 0001:000065c0       ??0KWndLabeledButton@@QAE@XZ 004075c0 f   WndLabeledButton.obj
 0001:00006600       ??_EKWndLabeledButton@@UAEPAXI@Z 00407600 f i WndLabeledButton.obj
 0001:00006600       ??_GKWndLabeledButton@@UAEPAXI@Z 00407600 f i WndLabeledButton.obj
 0001:00006620       ??1KWndLabeledButton@@UAE@XZ 00407620 f i WndLabeledButton.obj
 0001:00006630       ?Clone@KWndLabeledButton@@QAEXPAV1@@Z 00407630 f   WndLabeledButton.obj
 0001:000066c0       ?Init@KWndLabeledButton@@UAEHPAVKIniFile@@PBD@Z 004076c0 f   WndLabeledButton.obj
 0001:00006810       ?SetLabel@KWndLabeledButton@@QAEXPBD@Z 00407810 f   WndLabeledButton.obj
 0001:00006870       ?GetLabel@KWndLabeledButton@@QAEHPADH@Z 00407870 f   WndLabeledButton.obj
 0001:000068c0       ?SetLabelColor@KWndLabeledButton@@QAEXI@Z 004078c0 f   WndLabeledButton.obj
 0001:000068d0       ?PaintWindow@KWndLabeledButton@@UAEXXZ 004078d0 f   WndLabeledButton.obj
 0001:000069a0       ?Init@KWndRichLabeledButton@@UAEHPAVKIniFile@@PBD@Z 004079a0 f   WndLabeledButton.obj
 0001:000069f0       ?SetLabel@KWndRichLabeledButton@@QAEXPBDH@Z 004079f0 f   WndLabeledButton.obj
 0001:00006a10       ?SetLabelColor@KWndRichLabeledButton@@QAEXI@Z 00407a10 f   WndLabeledButton.obj
 0001:00006a30       ?PaintWindow@KWndRichLabeledButton@@UAEXXZ 00407a30 f   WndLabeledButton.obj
 0001:00006a60       ??0KWndList@@QAE@XZ        00407a60 f   WndList.obj
 0001:00006ac0       ??_EKWndList@@UAEPAXI@Z    00407ac0 f i WndList.obj
 0001:00006ac0       ??_GKWndList@@UAEPAXI@Z    00407ac0 f i WndList.obj
 0001:00006ae0       ?Clone@KWndList@@IAEXPAV1@@Z 00407ae0 f   WndList.obj
 0001:00006b50       ??1KWndList@@UAE@XZ        00407b50 f   WndList.obj
 0001:00006bb0       ?SetScrollbar@KWndList@@QAEXPAVKWndScrollBar@@@Z 00407bb0 f   WndList.obj
 0001:00006c10       ?Init@KWndList@@UAEHPAVKIniFile@@PBD@Z 00407c10 f   WndList.obj
 0001:00006e60       ?EnableMultiSel@KWndList@@QAEXH@Z 00407e60 f   WndList.obj
 0001:00006f30       ?SetCustomColorOffset@KWndList@@QAEXH@Z 00407f30 f   WndList.obj
 0001:00006f50       ?WndProc@KWndList@@UAEHIIH@Z 00407f50 f   WndList.obj
 0001:00007070       ?GetIemIndexAtPoint@KWndList@@AAEHHH@Z 00408070 f   WndList.obj
 0001:000070d0       ?OnLButtonDown@KWndList@@AAEXHH@Z 004080d0 f   WndList.obj
 0001:00007170       ?IsItemSel@KWndList@@QAEHH@Z 00408170 f   WndList.obj
 0001:000071e0       ?OnRButtonDown@KWndList@@AAEXHH@Z 004081e0 f   WndList.obj
 0001:00007210       ?OnLButtonDClick@KWndList@@AAEXHH@Z 00408210 f   WndList.obj
 0001:00007240       ?SetCurSel@KWndList@@QAEHH@Z 00408240 f   WndList.obj
 0001:000072f0       ?UpdateData@KWndList@@EAEXXZ 004082f0 f   WndList.obj
 0001:00007340       ?OnMouseMove@KWndList@@AAEXHH@Z 00408340 f   WndList.obj
 0001:00007380       ?PaintWindow@KWndList@@UAEXXZ 00408380 f   WndList.obj
 0001:000075c0       ?SetContent@KWndList@@QAEXPAEHHH@Z 004085c0 f   WndList.obj
 0001:000076a0       ?FindString@KWndList@@QAEHHPBD@Z 004086a0 f   WndList.obj
 0001:00007720       ?GetItemDataInt@KWndList@@QAEHHH@Z 00408720 f   WndList.obj
 0001:00007760       ?GetString@KWndList@@QAEXHPAD@Z 00408760 f   WndList.obj
 0001:000077b0       ?GetStrignLen@KWndList@@QAEHH@Z 004087b0 f   WndList.obj
 0001:000077f0       ?SetTopItemIndex@KWndList@@QAEXH@Z 004087f0 f   WndList.obj
 0001:00007810       ?GetVisibleItemCount@KWndList@@QBEHXZ 00408810 f   WndList.obj
 0001:00007830       ??0KWndList2@@QAE@XZ       00408830 f   WndList2.obj
 0001:00007870       ??_EKWndList2@@UAEPAXI@Z   00408870 f i WndList2.obj
 0001:00007870       ??_GKWndList2@@UAEPAXI@Z   00408870 f i WndList2.obj
 0001:00007890       ??1KWndList2@@UAE@XZ       00408890 f   WndList2.obj
 0001:000078e0       ?Clone@KWndList2@@IAEXPAV1@@Z 004088e0 f   WndList2.obj
 0001:00007920       ?Init@KWndList2@@UAEHPAVKIniFile@@PBD@Z 00408920 f   WndList2.obj
 0001:00007aa0       ?SetScrollbar@KWndList2@@QAEXPAVKWndScrollBar@@@Z 00408aa0 f   WndList2.obj
 0001:00007af0       ?WndProc@KWndList2@@UAEHIIH@Z 00408af0 f   WndList2.obj
 0001:00007b90       ?SetCurSel@KWndList2@@QAEHH@Z 00408b90 f   WndList2.obj
 0001:00007c10       ?OnLButtonDown@KWndList2@@AAEXHH@Z 00408c10 f   WndList2.obj
 0001:00007c60       ?OnMouseMove@KWndList2@@AAEXHH@Z 00408c60 f   WndList2.obj
 0001:00007cb0       ?AddString@KWndList2@@QAEHHPBDI@Z 00408cb0 f   WndList2.obj
 0001:00007e20       ?DeleteString@KWndList2@@QAEHH@Z 00408e20 f   WndList2.obj
 0001:00007f10       ?ResetContent@KWndList2@@QAEXXZ 00408f10 f   WndList2.obj
 0001:00007fb0       ?PaintWindow@KWndList2@@UAEXXZ 00408fb0 f   WndList2.obj
 0001:000080e0       ?FindString@KWndList2@@QAEHHPBD@Z 004090e0 f   WndList2.obj
 0001:00008140       ?SetItemData@KWndList2@@QAEHHH@Z 00409140 f   WndList2.obj
 0001:00008170       ?GetItemData@KWndList2@@QAEHH@Z 00409170 f   WndList2.obj
 0001:00008190       ?GetString@KWndList2@@QAEHHPADI@Z 00409190 f   WndList2.obj
 0001:000081f0       ?SetTopItemIndex@KWndList2@@QAEXH@Z 004091f0 f   WndList2.obj
 0001:00008210       ?GetVisibleLineCount@KWndList2@@QBEHXZ 00409210 f   WndList2.obj
 0001:00008220       ??0KWndMessageListBox@@QAE@XZ 00409220 f   WndMessageListBox.obj
 0001:00008280       ??_EKWndMessageListBox@@UAEPAXI@Z 00409280 f i WndMessageListBox.obj
 0001:00008280       ??_GKWndMessageListBox@@UAEPAXI@Z 00409280 f i WndMessageListBox.obj
 0001:000082a0       ?UpdateChatItem@KWndMessageListBox@@QAEXXZ 004092a0 f   WndMessageListBox.obj
 0001:000082f0       ??1KWndMessageListBox@@UAE@XZ 004092f0 f   WndMessageListBox.obj
 0001:00008350       ?SetCapability@KWndMessageListBox@@QAEHH@Z 00409350 f   WndMessageListBox.obj
 0001:00008490       ?SetScrollbar@KWndMessageListBox@@QAEXPAVKWndScrollBar@@@Z 00409490 f   WndMessageListBox.obj
 0001:000084b0       ?AddOneMessage@KWndMessageListBox@@QAEHPBDHPAUChatItem@@_NHHHI@Z 004094b0 f   WndMessageListBox.obj
 0001:000086b0       ?RemoveAMessage@KWndMessageListBox@@QAEXH@Z 004096b0 f   WndMessageListBox.obj
 0001:00008790       ?Clear@KWndMessageListBox@@QAEXXZ 00409790 f   WndMessageListBox.obj
 0001:000087d0       ?Clone@KWndMessageListBox@@QAEXPAV1@@Z 004097d0 f   WndMessageListBox.obj
 0001:00008870       ?Init@KWndMessageListBox@@UAEHPAVKIniFile@@PBD@Z 00409870 f   WndMessageListBox.obj
 0001:00008c00       ?SetSize@KWndMessageListBox@@UAEXHH@Z 00409c00 f   WndMessageListBox.obj
 0001:00008d40       ?SetType@KWndMessageListBox@@QAEXH@Z 00409d40 f   WndMessageListBox.obj
 0001:00008d50       ?SetFontSize@KWndMessageListBox@@QAEXH@Z 00409d50 f   WndMessageListBox.obj
 0001:00008d80       ?UpdateDataP@KWndMessageListBox@@QAEXXZ 00409d80 f   WndMessageListBox.obj
 0001:00008d90       ?UpdateData@KWndMessageListBox@@EAEXXZ 00409d90 f   WndMessageListBox.obj
 0001:00008e00       ?GetFirstShowLine@KWndMessageListBox@@QAEHXZ 00409e00 f   WndMessageListBox.obj
 0001:00008e30       ?SetFirstShowLine@KWndMessageListBox@@QAEXH@Z 00409e30 f   WndMessageListBox.obj
 0001:00008ef0       ?GetItemLineCount@KWndMessageListBox@@QAEHH@Z 00409ef0 f   WndMessageListBox.obj
 0001:00008f20       ?PaintWindow@KWndMessageListBox@@EAEXXZ 00409f20 f   WndMessageListBox.obj
 0001:000092e0       ?WndProc@KWndMessageListBox@@EAEHIIH@Z 0040a2e0 f   WndMessageListBox.obj
 0001:000093f0       ?GetMsgAtPoint@KWndMessageListBox@@AAEHHH@Z 0040a3f0 f   WndMessageListBox.obj
 0001:00009460       ?HitTextAtPoint@KWndMessageListBox@@QAEHHH@Z 0040a460 f   WndMessageListBox.obj
 0001:00009520       ?OnLButtonDown@KWndMessageListBox@@AAEXHH@Z 0040a520 f   WndMessageListBox.obj
 0001:00009560       ?OnLButtonDClick@KWndMessageListBox@@AAEXHH@Z 0040a560 f   WndMessageListBox.obj
 0001:00009590       ?SetCurSel@KWndMessageListBox@@QAEHH@Z 0040a590 f   WndMessageListBox.obj
 0001:000095d0       ?OnMouseMove@KWndMessageListBox@@AAEXHH@Z 0040a5d0 f   WndMessageListBox.obj
 0001:00009610       ?GetOneMessage@KWndMessageListBox@@QAEHHPADH_N@Z 0040a610 f   WndMessageListBox.obj
 0001:00009690       ?SplitData@KWndMessageListBox@@QAEIXZ 0040a690 f   WndMessageListBox.obj
 0001:00009740       ?BindData@KWndMessageListBox@@QAEII@Z 0040a740 f   WndMessageListBox.obj
 0001:00009870       ?FreeData@KWndMessageListBox@@SAXI@Z 0040a870 f   WndMessageListBox.obj
 0001:000098a0       ?GetOffsetTextHeight@KWndMessageListBox@@AAEIXZ 0040a8a0 f   WndMessageListBox.obj
 0001:000098c0       ?PtInWindow@KWndMessageListBox@@UAEHHH@Z 0040a8c0 f   WndMessageListBox.obj
 0001:00009900       ?ClearHideLine@KWndMessageListBox@@QAEXXZ 0040a900 f   WndMessageListBox.obj
 0001:00009910       ?HideNextLine@KWndMessageListBox@@QAEXXZ 0040a910 f   WndMessageListBox.obj
 0001:00009990       ?HideAllLine@KWndMessageListBox@@QAEXXZ 0040a990 f   WndMessageListBox.obj
 0001:000099a0       ?GetMinHeight@KWndMessageListBox@@QAEHXZ 0040a9a0 f   WndMessageListBox.obj
 0001:000099c0       ??0KScrollMessageListBox@@QAE@XZ 0040a9c0 f   WndMessageListBox.obj
 0001:00009a60       ??1KWndScrollBar@@UAE@XZ   0040aa60 f i WndMessageListBox.obj
 0001:00009ab0       ??_GKScrollMessageListBox@@UAEPAXI@Z 0040aab0 f i WndMessageListBox.obj
 0001:00009ab0       ??_EKScrollMessageListBox@@UAEPAXI@Z 0040aab0 f i WndMessageListBox.obj
 0001:00009ad0       ??1KScrollMessageListBox@@UAE@XZ 0040aad0 f i WndMessageListBox.obj
 0001:00009b50       ?Init@KScrollMessageListBox@@UAEHPAVKIniFile@@PBD@Z 0040ab50 f   WndMessageListBox.obj
 0001:00009c80       ?WndProc@KScrollMessageListBox@@UAEHIIH@Z 0040ac80 f   WndMessageListBox.obj
 0001:00009db0       ?InitMinMaxLineCount@KScrollMessageListBox@@IAEXHH@Z 0040adb0 f   WndMessageListBox.obj
 0001:00009df0       ?HeightToLineHeight@KScrollMessageListBox@@QAEHH@Z 0040adf0 f   WndMessageListBox.obj
 0001:00009e10       ?WidthToCharWidth@KScrollMessageListBox@@QAEHH@Z 0040ae10 f   WndMessageListBox.obj
 0001:00009e30       ?GetMinHeight@KScrollMessageListBox@@QAEHXZ 0040ae30 f   WndMessageListBox.obj
 0001:00009e70       ?MsgListBox_LoadContent@@YA_NPAVKWndMessageListBox@@PAVKIniFile@@PBD@Z 0040ae70 f   WndMessageListBox.obj
 0001:00009f90       ??0KWndMovingImage@@QAE@XZ 0040af90 f   WndMovingImage.obj
 0001:00009fc0       ??_EKWndMovingImage@@UAEPAXI@Z 0040afc0 f i WndMovingImage.obj
 0001:00009fc0       ??_GKWndMovingImage@@UAEPAXI@Z 0040afc0 f i WndMovingImage.obj
 0001:00009fe0       ?Clone@KWndMovingImage@@IAEXPAV1@@Z 0040afe0 f   WndMovingImage.obj
 0001:0000a040       ?Init@KWndMovingImage@@UAEHPAVKIniFile@@PBD@Z 0040b040 f   WndMovingImage.obj
 0001:0000a0d0       ?SetMoveValue@KWndMovingImage@@QAEXHH@Z 0040b0d0 f   WndMovingImage.obj
 0001:0000a150       ?WndObjContainerInit@@YAXPAVKIniFile@@@Z 0040b150 f   WndObjContainer.obj
 0001:0000a300       ??0KWndObjectBox@@QAE@XZ   0040b300 f   WndObjContainer.obj
 0001:0000a330       ??_GKWndObjectBox@@UAEPAXI@Z 0040b330 f i WndObjContainer.obj
 0001:0000a330       ??_EKWndObjectBox@@UAEPAXI@Z 0040b330 f i WndObjContainer.obj
 0001:0000a350       ??1KWndObjectBox@@UAE@XZ   0040b350 f i WndObjContainer.obj
 0001:0000a360       ?SetContainerId@KWndObjectBox@@QAEXH@Z 0040b360 f   WndObjContainer.obj
 0001:0000a370       ?SetObjectGenre@KWndObjectBox@@QAEXI@Z 0040b370 f   WndObjContainer.obj
 0001:0000a380       ?Celar@KWndObjectBox@@QAEXXZ 0040b380 f   WndObjContainer.obj
 0001:0000a390       ?GetObjectA@KWndObjectBox@@QBEHAAUKUiDraggedObject@@@Z 0040b390 f   WndObjContainer.obj
 0001:0000a3c0       ?HoldObject@KWndObjectBox@@QAEXIIHH@Z 0040b3c0 f   WndObjContainer.obj
 0001:0000a440       ?PaintWindow@KWndObjectBox@@MAEXXZ 0040b440 f   WndObjContainer.obj
 0001:0000a9f0       ?Clone@KWndObjectBox@@QAEXPAV1@@Z 0040b9f0 f   WndObjContainer.obj
 0001:0000aa10       ?Init@KWndObjectBox@@UAEHPAVKIniFile@@PBD@Z 0040ba10 f   WndObjContainer.obj
 0001:0000aaa0       ?EnablePickPut@KWndObjectBox@@QAEX_N@Z 0040baa0 f   WndObjContainer.obj
 0001:0000aac0       ?WndProc@KWndObjectBox@@MAEHIIH@Z 0040bac0 f   WndObjContainer.obj
 0001:0000ad60       ?DropObject@KWndObjectBox@@IAEH_N@Z 0040bd60 f   WndObjContainer.obj
 0001:0000ae10       ??0KWndObjectMatrix@@QAE@XZ 0040be10 f   WndObjContainer.obj
 0001:0000ae50       ??_EKWndObjectMatrix@@UAEPAXI@Z 0040be50 f i WndObjContainer.obj
 0001:0000ae50       ??_GKWndObjectMatrix@@UAEPAXI@Z 0040be50 f i WndObjContainer.obj
 0001:0000ae70       ?SetContainerId@KWndObjectMatrix@@QAEXH@Z 0040be70 f   WndObjContainer.obj
 0001:0000ae80       ??1KWndObjectMatrix@@UAE@XZ 0040be80 f   WndObjContainer.obj
 0001:0000aed0       ?Clone@KWndObjectMatrix@@IAEXPAV1@@Z 0040bed0 f   WndObjContainer.obj
 0001:0000af00       ?Init@KWndObjectMatrix@@UAEHPAVKIniFile@@PBD@Z 0040bf00 f   WndObjContainer.obj
 0001:0000b020       ?PaintWindow@KWndObjectMatrix@@EAEXXZ 0040c020 f   WndObjContainer.obj
 0001:0000b740       ?AddObject@KWndObjectMatrix@@QAEHPAUKUiDraggedObject@@H@Z 0040c740 f   WndObjContainer.obj
 0001:0000b7f0       ?RemoveObject@KWndObjectMatrix@@QAEHPAUKUiDraggedObject@@@Z 0040c7f0 f   WndObjContainer.obj
 0001:0000b8a0       ?GetObjectA@KWndObjectMatrix@@QBEHAAUKUiDraggedObject@@HH@Z 0040c8a0 f   WndObjContainer.obj
 0001:0000b8f0       ?Clear@KWndObjectMatrix@@QAEXXZ 0040c8f0 f   WndObjContainer.obj
 0001:0000b920       ?WndProc@KWndObjectMatrix@@EAEHIIH@Z 0040c920 f   WndObjContainer.obj
 0001:0000bcc0       ?GetObjectAt@KWndObjectMatrix@@AAEHHH@Z 0040ccc0 f   WndObjContainer.obj
 0001:0000bd30       ?PickUpObjectAt@KWndObjectMatrix@@AAEHHH@Z 0040cd30 f   WndObjContainer.obj
 0001:0000bda0       ?DropObject@KWndObjectMatrix@@AAEHHH_N@Z 0040cda0 f   WndObjContainer.obj
 0001:0000c010       ?TryDropObjAtPos@KWndObjectMatrix@@AAEHABUtagRECT@@AAPAUKUiDraggedObject@@@Z 0040d010 f   WndObjContainer.obj
 0001:0000c090       ?DropObject@KWndObjectMatrix@@AAEXHHPAUKUiDraggedObject@@@Z 0040d090 f   WndObjContainer.obj
 0001:0000c100       ?EnableTracePutPos@KWndObjectMatrix@@QAEX_N@Z 0040d100 f   WndObjContainer.obj
 0001:0000c120       ?EnablePickPut@KWndObjectMatrix@@QAEX_N@Z 0040d120 f   WndObjContainer.obj
 0001:0000c140       ?WndProc@KWndPage@@UAEHIIH@Z 0040d140 f   WndPage.obj
 0001:0000c1a0       ??0KWndPageSet@@QAE@XZ     0040d1a0 f   WndPage.obj
 0001:0000c1d0       ??_EKWndPageSet@@UAEPAXI@Z 0040d1d0 f i WndPage.obj
 0001:0000c1d0       ??_GKWndPageSet@@UAEPAXI@Z 0040d1d0 f i WndPage.obj
 0001:0000c1f0       ??1KWndPageSet@@UAE@XZ     0040d1f0 f   WndPage.obj
 0001:0000c230       ?WndProc@KWndPageSet@@UAEHIIH@Z 0040d230 f   WndPage.obj
 0001:0000c260       ?AddPage@KWndPageSet@@QAE_NPAVKWndPage@@PAVKWndButton@@@Z 0040d260 f   WndPage.obj
 0001:0000c320       ?ActivePage@KWndPageSet@@QAE_NH@Z 0040d320 f   WndPage.obj
 0001:0000c3e0       ?OnPageBtnClick@KWndPageSet@@AAEXPAVKWndWindow@@@Z 0040d3e0 f   WndPage.obj
 0001:0000c460       ?GetActivePage@KWndPageSet@@QAEPAVKWndPage@@XZ 0040d460 f   WndPage.obj
 0001:0000c480       ??0KWndPureTextBtn@@QAE@XZ 0040d480 f   WndPureTextBtn.obj
 0001:0000c500       ??_GKWndPureTextBtn@@UAEPAXI@Z 0040d500 f i WndPureTextBtn.obj
 0001:0000c500       ??_EKWndPureTextBtn@@UAEPAXI@Z 0040d500 f i WndPureTextBtn.obj
 0001:0000c520       ??1KWndPureTextBtn@@UAE@XZ 0040d520 f i WndPureTextBtn.obj
 0001:0000c530       ?Clone@KWndPureTextBtn@@QAEXPAV1@@Z 0040d530 f   WndPureTextBtn.obj
 0001:0000c5a0       ?Init@KWndPureTextBtn@@UAEHPAVKIniFile@@PBD@Z 0040d5a0 f   WndPureTextBtn.obj
 0001:0000c730       ?AdjustPosition@KWndPureTextBtn@@AAEXXZ 0040d730 f   WndPureTextBtn.obj
 0001:0000c780       ?PaintWindow@KWndPureTextBtn@@UAEXXZ 0040d780 f   WndPureTextBtn.obj
 0001:0000c860       ?SetText@KWndPureTextBtn@@QAEXPBDH@Z 0040d860 f   WndPureTextBtn.obj
 0001:0000c8d0       ?CheckButton@KWndPureTextBtn@@QAEXH@Z 0040d8d0 f   WndPureTextBtn.obj
 0001:0000c8f0       ?WndProc@KWndPureTextBtn@@UAEHIIH@Z 0040d8f0 f   WndPureTextBtn.obj
 0001:0000ca20       ?SetColor@KWndPureTextBtn@@QAEXIIIIII@Z 0040da20 f   WndPureTextBtn.obj
 0001:0000ca60       ?SetItemInfo@KWndPureTextBtn@@QAEXPAUChatItem@@@Z 0040da60 f   WndPureTextBtn.obj
 0001:0000ca80       ?Clone@KWndRect@@QAEXPAV1@@Z 0040da80 f   WndRect.obj
 0001:0000caa0       ?Init@KWndRect@@UAEHPAVKIniFile@@PBD@Z 0040daa0 f   WndRect.obj
 0001:0000cb60       ?PaintWindow@KWndRect@@MAEXXZ 0040db60 f   WndRect.obj
 0001:0000cbc0       ?PtInWindow@KWndRect@@UAEHHH@Z 0040dbc0 f   WndRect.obj
 0001:0000cbd0       ?SetColor@KWndRect@@QAEXI@Z 0040dbd0 f   WndRect.obj
 0001:0000cc00       ??0KWndStation@@QAE@XZ     0040dc00 f i Wnds.obj
 0001:0000cd00       ??1KWndStation@@QAE@XZ     0040dd00 f i Wnds.obj
 0001:0000cd70       ?Wnd_Cleanup@@YAXXZ        0040dd70 f   Wnds.obj
 0001:0000cdc0       ?Wnd_RenderWindows@@YAXXZ  0040ddc0 f   Wnds.obj
 0001:0000ce90       ?Wnd_Heartbeat@@YAXXZ      0040de90 f   Wnds.obj
 0001:0000cec0       ?Wnd_AddWindow@@YAXPAVKWndWindow@@W4WND_LAYER_LIST@@@Z 0040dec0 f   Wnds.obj
 0001:0000cf00       ?Wnd_SetGameSpaceWnd@@YAXPAVKWndWindow@@@Z 0040df00 f   Wnds.obj
 0001:0000cf10       ?Wnd_GameSpaceHandleInput@@YAX_N@Z 0040df10 f   Wnds.obj
 0001:0000cf20       ?Wnd_ShowHideGameSpace@@YAX_N@Z 0040df20 f   Wnds.obj
 0001:0000cf30       ?Wnd_OnWindowDelete@@YAXPAVKWndWindow@@@Z 0040df30 f   Wnds.obj
 0001:0000cfd0       ?Wnd_DragBegin@@YAHPBUKUiDraggedObject@@P6AHHHABU1@H@Z@Z 0040dfd0 f   Wnds.obj
 0001:0000d010       ?Wnd_GetDragObj@@YAHPAUKUiDraggedObject@@@Z 0040e010 f   Wnds.obj
 0001:0000d050       ?Wnd_DragFinished@@YAXXZ   0040e050 f   Wnds.obj
 0001:0000d060       ?Wnd_ProcessInput@@YAXIIH@Z 0040e060 f   Wnds.obj
 0001:0000d440       ?Wnd_TransmitInputToGameSpace@@YAXIIH@Z 0040e440 f   Wnds.obj
 0001:0000d4e0       ?Wnd_ShowCursor@@YAXH@Z    0040e4e0 f   Wnds.obj
 0001:0000d4f0       ?Wnd_SetCursorPos@@YAXHH@Z 0040e4f0 f   Wnds.obj
 0001:0000d540       ?Wnd_GetCursorPos@@YAXPAH0@Z 0040e540 f   Wnds.obj
 0001:0000d580       ?Wnd_GetFocusWnd@@YAPAVKWndWindow@@XZ 0040e580 f   Wnds.obj
 0001:0000d590       ?Wnd_SetFocusWnd@@YAXPAVKWndWindow@@@Z 0040e590 f   Wnds.obj
 0001:0000d5e0       ?Wnd_SetCapture@@YAXPAVKWndWindow@@@Z 0040e5e0 f   Wnds.obj
 0001:0000d600       ?Wnd_ReleaseCapture@@YAXXZ 0040e600 f   Wnds.obj
 0001:0000d630       ?Wnd_SetExclusive@@YAXPAVKWndWindow@@@Z 0040e630 f   Wnds.obj
 0001:0000d6c0       ?Wnd_ReleaseExclusive@@YAXPAVKWndWindow@@@Z 0040e6c0 f   Wnds.obj
 0001:0000d710       ?Wnd_LoadCursor@@YAXHPBD@Z 0040e710 f   Wnds.obj
 0001:0000d730       ?Wnd_SwitchCursor@@YAHH@Z  0040e730 f   Wnds.obj
 0001:0000d740       ?Wnd_SetScreenSize@@YAXHH@Z 0040e740 f   Wnds.obj
 0001:0000d760       ?Wnd_GetScreenSize@@YAXAAH0@Z 0040e760 f   Wnds.obj
 0001:0000d780       ?Wnd_RestoreCursor@@YAXXZ  0040e780 f   Wnds.obj
 0001:0000d790       ??0KWndScrollBar@@QAE@XZ   0040e790 f   WndScrollBar.obj
 0001:0000d820       ??_GKWndScrollBar@@UAEPAXI@Z 0040e820 f i WndScrollBar.obj
 0001:0000d820       ??_EKWndScrollBar@@UAEPAXI@Z 0040e820 f i WndScrollBar.obj
 0001:0000d840       ?Clone@KWndScrollBar@@QAEXPAV1@@Z 0040e840 f   WndScrollBar.obj
 0001:0000d8e0       ?Init@KWndScrollBar@@UAEHPAVKIniFile@@PBD@Z 0040e8e0 f   WndScrollBar.obj
 0001:0000da60       ?SetSize@KWndScrollBar@@UAEXHH@Z 0040ea60 f   WndScrollBar.obj
 0001:0000dac0       ?WndProc@KWndScrollBar@@UAEHIIH@Z 0040eac0 f   WndScrollBar.obj
 0001:0000dbd0       ?PaintWindow@KWndScrollBar@@UAEXXZ 0040ebd0 f   WndScrollBar.obj
 0001:0000dc60       ?SetValueRange@KWndScrollBar@@QAEXHH@Z 0040ec60 f   WndScrollBar.obj
 0001:0000dc90       ?SetScrollPos@KWndScrollBar@@QAEXH@Z 0040ec90 f   WndScrollBar.obj
 0001:0000dcf0       ?SetSlideBtnPos@KWndScrollBar@@AAEXXZ 0040ecf0 f   WndScrollBar.obj
 0001:0000ddb0       ?OnLButtonDown@KWndScrollBar@@AAEXHH@Z 0040edb0 f   WndScrollBar.obj
 0001:0000de90       ?ScrollLine@KWndScrollBar@@QAEH_N@Z 0040ee90 f   WndScrollBar.obj
 0001:0000dec0       ?ScrollPage@KWndScrollBar@@QAEH_N@Z 0040eec0 f   WndScrollBar.obj
 0001:0000def0       ?OnSlideBtnPressed@KWndScrollBar@@AAEXXZ 0040eef0 f   WndScrollBar.obj
 0001:0000df10       ?OnDraggingSlide@KWndScrollBar@@AAEXHH@Z 0040ef10 f   WndScrollBar.obj
 0001:0000df90       ?GetMinHeight@KWndScrollBar@@QAEHXZ 0040ef90 f   WndScrollBar.obj
 0001:0000dfd0       ?Clone@KWndShadow@@QAEXPAV1@@Z 0040efd0 f   WndShadow.obj
 0001:0000dff0       ?Init@KWndShadow@@UAEHPAVKIniFile@@PBD@Z 0040eff0 f   WndShadow.obj
 0001:0000e100       ?PaintWindow@KWndShadow@@MAEXXZ 0040f100 f   WndShadow.obj
 0001:0000e1c0       ?PtInWindow@KWndShadow@@UAEHHH@Z 0040f1c0 f   WndShadow.obj
 0001:0000e1d0       ?SetColor@KWndShadow@@QAEXI@Z 0040f1d0 f   WndShadow.obj
 0001:0000e1e0       ??0KWndShowAnimate@@QAE@XZ 0040f1e0 f   WndShowAnimate.obj
 0001:0000e200       ??_GKWndShowAnimate@@UAEPAXI@Z 0040f200 f i WndShowAnimate.obj
 0001:0000e200       ??_EKWndShowAnimate@@UAEPAXI@Z 0040f200 f i WndShowAnimate.obj
 0001:0000e220       ??1KWndShowAnimate@@UAE@XZ 0040f220 f i WndShowAnimate.obj
 0001:0000e230       ?Clone@KWndShowAnimate@@QAEXPAV1@@Z 0040f230 f   WndShowAnimate.obj
 0001:0000e280       ?Init@KWndShowAnimate@@UAEHPAVKIniFile@@PBD@Z 0040f280 f   WndShowAnimate.obj
 0001:0000e320       ?Show@KWndShowAnimate@@UAEXXZ 0040f320 f   WndShowAnimate.obj
 0001:0000e3d0       ?Hide@KWndShowAnimate@@UAEXXZ 0040f3d0 f   WndShowAnimate.obj
 0001:0000e460       ?SetMoveSpeed@KWndShowAnimate@@SAXHH@Z 0040f460 f   WndShowAnimate.obj
 0001:0000e4a0       ?SetInterval@KWndShowAnimate@@SAXI@Z 0040f4a0 f   WndShowAnimate.obj
 0001:0000e4c0       ?ShowCompleted@KWndShowAnimate@@UAEXXZ 0040f4c0 f   WndShowAnimate.obj
 0001:0000e4d0       ?PaintWindow@KWndShowAnimate@@MAEXXZ 0040f4d0 f   WndShowAnimate.obj
 0001:0000e5b0       ??0KWndText@@QAE@XZ        0040f5b0 f   WndText.obj
 0001:0000e5e0       ??_EKWndText@@UAEPAXI@Z    0040f5e0 f i WndText.obj
 0001:0000e5e0       ??_GKWndText@@UAEPAXI@Z    0040f5e0 f i WndText.obj
 0001:0000e600       ??1KWndText@@UAE@XZ        0040f600 f i WndText.obj
 0001:0000e610       ?SetText@KWndText@@QAEXPBDH@Z 0040f610 f   WndText.obj
 0001:0000e6e0       ?GetText@KWndText@@QAEHPADH@Z 0040f6e0 f   WndText.obj
 0001:0000e720       ?Clear@KWndText@@QAEX_N@Z  0040f720 f   WndText.obj
 0001:0000e740       ?SetTopLine@KWndText@@QAEHH@Z 0040f740 f   WndText.obj
 0001:0000e760       ?SetTextPtr@KWndText@@IAEXPADH@Z 0040f760 f   WndText.obj
 0001:0000e780       ?Clone@KWndText@@QAEXPAV1@@Z 0040f780 f   WndText.obj
 0001:0000e7b0       ?Init@KWndText@@UAEHPAVKIniFile@@PBD@Z 0040f7b0 f   WndText.obj
 0001:0000e9b0       ?PaintWindow@KWndText@@UAEXXZ 0040f9b0 f   WndText.obj
 0001:0000eaf0       ?SetTextColor@KWndText@@QAEXI@Z 0040faf0 f   WndText.obj
 0001:0000eb00       ?SetIntText@KWndText@@QAEXHD@Z 0040fb00 f   WndText.obj
 0001:0000eb60       ?Set2IntText@KWndText@@QAEXHHD@Z 0040fb60 f   WndText.obj
 0001:0000ebb0       ?Set2IntTextCS@KWndText@@QAEXHHD@Z 0040fbb0 f   WndText.obj
 0001:0000ec20       ?Set2IntTextExp@KWndText@@QAEXDHHD@Z 0040fc20 f   WndText.obj
 0001:0000ec70       ?SetWorldText@KWndText@@QAEXHD@Z 0040fc70 f   WndText.obj
 0001:0000ecf0       ??0KWndText32@@QAE@XZ      0040fcf0 f   WndText.obj
 0001:0000ed20       ??_EKWndText32@@UAEPAXI@Z  0040fd20 f i WndText.obj
 0001:0000ed20       ??_GKWndText32@@UAEPAXI@Z  0040fd20 f i WndText.obj
 0001:0000ed40       ??1KWndText32@@UAE@XZ      0040fd40 f i WndText.obj
 0001:0000ed50       ??0KWndText80@@QAE@XZ      0040fd50 f   WndText.obj
 0001:0000ed80       ??_EKWndText80@@UAEPAXI@Z  0040fd80 f i WndText.obj
 0001:0000ed80       ??_GKWndText80@@UAEPAXI@Z  0040fd80 f i WndText.obj
 0001:0000eda0       ??1KWndText80@@UAE@XZ      0040fda0 f i WndText.obj
 0001:0000edb0       ??0KWndText256@@QAE@XZ     0040fdb0 f   WndText.obj
 0001:0000ede0       ??_EKWndText256@@UAEPAXI@Z 0040fde0 f i WndText.obj
 0001:0000ede0       ??_GKWndText256@@UAEPAXI@Z 0040fde0 f i WndText.obj
 0001:0000ee00       ??1KWndText256@@UAE@XZ     0040fe00 f i WndText.obj
 0001:0000ee10       ??0KWndText512@@QAE@XZ     0040fe10 f   WndText.obj
 0001:0000ee40       ??_EKWndText512@@UAEPAXI@Z 0040fe40 f i WndText.obj
 0001:0000ee40       ??_GKWndText512@@UAEPAXI@Z 0040fe40 f i WndText.obj
 0001:0000ee60       ??1KWndText512@@UAE@XZ     0040fe60 f i WndText.obj
 0001:0000ee70       ??0KWndToolBar@@QAE@XZ     0040fe70 f   WndToolBar.obj
 0001:0000ee90       ??_EKWndToolBar@@UAEPAXI@Z 0040fe90 f i WndToolBar.obj
 0001:0000ee90       ??_GKWndToolBar@@UAEPAXI@Z 0040fe90 f i WndToolBar.obj
 0001:0000eeb0       ??1KWndToolBar@@UAE@XZ     0040feb0 f   WndToolBar.obj
 0001:0000ef00       ?Clone@KWndToolBar@@QAEXPAV1@@Z 0040ff00 f   WndToolBar.obj
 0001:0000ef40       ?Init@KWndToolBar@@UAEHPAVKIniFile@@PBD@Z 0040ff40 f   WndToolBar.obj
 0001:0000efd0       ?WndProc@KWndToolBar@@UAEHIIH@Z 0040ffd0 f   WndToolBar.obj
 0001:0000f010       ?PaintWindow@KWndToolBar@@UAEXXZ 00410010 f   WndToolBar.obj
 0001:0000f020       ?AddOneWindow@KWndToolBar@@IAEXPAVKIniFile@@PBD@Z 00410020 f   WndToolBar.obj
 0001:0000f120       ?FreeAllWindow@KWndToolBar@@IAEXXZ 00410120 f   WndToolBar.obj
 0001:0000f190       ?UpdateData@KWndToolBar@@UAEXXZ 00410190 f   WndToolBar.obj
 0001:0000f1d0       ??0KWndValueImage@@QAE@XZ  004101d0 f   WndValueImage.obj
 0001:0000f200       ??_EKWndValueImage@@UAEPAXI@Z 00410200 f i WndValueImage.obj
 0001:0000f200       ??_GKWndValueImage@@UAEPAXI@Z 00410200 f i WndValueImage.obj
 0001:0000f220       ??1KWndValueImage@@UAE@XZ  00410220 f i WndValueImage.obj
 0001:0000f230       ?Clone@KWndValueImage@@QAEXPAV1@@Z 00410230 f   WndValueImage.obj
 0001:0000f270       ?Init@KWndValueImage@@UAEHPAVKIniFile@@PBD@Z 00410270 f   WndValueImage.obj
 0001:0000f2f0       ?SetValue@KWndValueImage@@QAEXHH@Z 004102f0 f   WndValueImage.obj
 0001:0000f340       ??0KWndWindow@@QAE@XZ      00410340 f   WndWindow.obj
 0001:0000f380       ??_GKWndWindow@@UAEPAXI@Z  00410380 f i WndWindow.obj
 0001:0000f380       ??_EKWndWindow@@UAEPAXI@Z  00410380 f i WndWindow.obj
 0001:0000f3a0       ??1KWndWindow@@UAE@XZ      004103a0 f   WndWindow.obj
 0001:0000f3d0       ?BringToTop@KWndWindow@@QAEXXZ 004103d0 f   WndWindow.obj
 0001:0000f430       ?GetPosition@KWndWindow@@QAEXPAH0@Z 00410430 f   WndWindow.obj
 0001:0000f450       ?SetPosition@KWndWindow@@QAEXHH@Z 00410450 f   WndWindow.obj
 0001:0000f480       ?GetAbsolutePos@KWndWindow@@QAEXPAH0@Z 00410480 f   WndWindow.obj
 0001:0000f4a0       ?GetSize@KWndWindow@@QAEXPAH0@Z 004104a0 f   WndWindow.obj
 0001:0000f4c0       ?SetSize@KWndWindow@@UAEXHH@Z 004104c0 f   WndWindow.obj
 0001:0000f5c0       ?AbsoluteMove@KWndWindow@@AAEXHH@Z 004105c0 f   WndWindow.obj
 0001:0000f600       ?Show@KWndWindow@@UAEXXZ   00410600 f   WndWindow.obj
 0001:0000f610       ?Hide@KWndWindow@@UAEXXZ   00410610 f   WndWindow.obj
 0001:0000f660       ?IsVisible@KWndWindow@@QAEHXZ 00410660 f   WndWindow.obj
 0001:0000f670       ?Enable@KWndWindow@@UAEXH@Z 00410670 f   WndWindow.obj
 0001:0000f6a0       ?Destroy@KWndWindow@@QAEXXZ 004106a0 f   WndWindow.obj
 0001:0000f6b0       ?Clone@KWndWindow@@QAEXPAV1@@Z 004106b0 f   WndWindow.obj
 0001:0000f6e0       ?Init@KWndWindow@@UAEHPAVKIniFile@@PBD@Z 004106e0 f   WndWindow.obj
 0001:0000f8b0       ?PtInWindow@KWndWindow@@UAEHHH@Z 004108b0 f   WndWindow.obj
 0001:0000f930       ?Paint@KWndWindow@@QAEXXZ  00410930 f   WndWindow.obj
 0001:0000f960       ?LetMeBreathe@KWndWindow@@QAEXXZ 00410960 f   WndWindow.obj
 0001:0000f9a0       ?AddChild@KWndWindow@@QAEXPAV1@@Z 004109a0 f   WndWindow.obj
 0001:0000fa10       ?AddBrother@KWndWindow@@QAEXPAV1@@Z 00410a10 f   WndWindow.obj
 0001:0000fa80       ?LeaveAlone@KWndWindow@@QAEXXZ 00410a80 f   WndWindow.obj
 0001:0000fab0       ?SplitSmaleFamily@KWndWindow@@QAEXXZ 00410ab0 f   WndWindow.obj
 0001:0000fb00       ?WndProc@KWndWindow@@UAEHIIH@Z 00410b00 f   WndWindow.obj
 0001:0000fbd0       ?OnLBtnDown@KWndWindow@@AAEXHH@Z 00410bd0 f   WndWindow.obj
 0001:0000fc00       ?OnMoveWnd@KWndWindow@@AAEXXZ 00410c00 f   WndWindow.obj
 0001:0000fca0       ?TopChildFromPoint@KWndWindow@@UAEPAV1@HH@Z 00410ca0 f   WndWindow.obj
 0001:0000fd10       ?GetOwner@KWndWindow@@QAEPAV1@XZ 00410d10 f   WndWindow.obj
 0001:0000fd30       ?PaintDebugInfo@KWndWindow@@QAEXXZ 00410d30 f   WndWindow.obj
 0001:0000fe60       ?PaintWindow@KWndWindow@@UAEXXZ 00410e60 f   WndWindow.obj
 0001:0000ffb0       ?GetColor@@YAIPBD@Z        00410fb0 f   WndWindow.obj
 0001:000100e0       ?GetColorString@@YAPBDI@Z  004110e0 f   WndWindow.obj
 0001:00010120       ?SetCursorAbove@KWndWindow@@QAEXXZ 00411120 f   WndWindow.obj
 0001:00010150       ?GetAllChildLayoutRect@KWndWindow@@QAEXPAUtagRECT@@@Z 00411150 f   WndWindow.obj
 0001:00010250       ??0KUiConnectInfo@@AAE@XZ  00411250 f   UiConnectInfo.obj
 0001:00010320       ??_GKUiConnectInfo@@EAEPAXI@Z 00411320 f i UiConnectInfo.obj
 0001:00010320       ??_EKUiConnectInfo@@EAEPAXI@Z 00411320 f i UiConnectInfo.obj
 0001:00010340       ??1KUiConnectInfo@@EAE@XZ  00411340 f i UiConnectInfo.obj
 0001:000103e0       ?OpenWindow@KUiConnectInfo@@SAPAV1@W4LOGIN_BG_INFO_MSG_INDEX@@HH@Z 004113e0 f   UiConnectInfo.obj
 0001:000104b0       ?CloseWindow@KUiConnectInfo@@SAX_N@Z 004114b0 f   UiConnectInfo.obj
 0001:000104f0       ?Initialize@KUiConnectInfo@@AAEXXZ 004114f0 f   UiConnectInfo.obj
 0001:00010530       ?LoadScheme@KUiConnectInfo@@AAEXPBD@Z 00411530 f   UiConnectInfo.obj
 0001:000107d0       ?OnClickConfirmBtn@KUiConnectInfo@@AAEXXZ 004117d0 f   UiConnectInfo.obj
 0001:000108b0       ?WndProc@KUiConnectInfo@@EAEHIIH@Z 004118b0 f   UiConnectInfo.obj
 0001:00010980       ?OnDelRole@KUiConnectInfo@@AAE_NXZ 00411980 f   UiConnectInfo.obj
 0001:00010a40       ?OnCancelDelRole@KUiConnectInfo@@AAEXXZ 00411a40 f   UiConnectInfo.obj
 0001:00010a60       ?SetInfoMsg@KUiConnectInfo@@AAEXW4LOGIN_BG_INFO_MSG_INDEX@@@Z 00411a60 f   UiConnectInfo.obj
 0001:00010bb0       ?GotoNextStep@KUiConnectInfo@@AAEXXZ 00411bb0 f   UiConnectInfo.obj
 0001:00010c40       ?Breathe@KUiConnectInfo@@EAEXXZ 00411c40 f   UiConnectInfo.obj
 0001:00010d80       ?PaintWindow@KUiConnectInfo@@EAEXXZ 00411d80 f   UiConnectInfo.obj
 0001:00010f40       ??0KUiLogin@@AAE@XZ        00411f40 f   UiLogin.obj
 0001:00010fe0       ??_GKUiLogin@@EAEPAXI@Z    00411fe0 f i UiLogin.obj
 0001:00010fe0       ??_EKUiLogin@@EAEPAXI@Z    00411fe0 f i UiLogin.obj
 0001:00011000       ??1KUiLogin@@EAE@XZ        00412000 f   UiLogin.obj
 0001:000110a0       ?OpenWindow@KUiLogin@@SAPAV1@XZ 004120a0 f   UiLogin.obj
 0001:00011140       ?CloseWindow@KUiLogin@@SAX_N@Z 00412140 f   UiLogin.obj
 0001:000111a0       ?Show@KUiLogin@@EAEXXZ     004121a0 f   UiLogin.obj
 0001:00011220       ?Initialize@KUiLogin@@AAEXXZ 00412220 f   UiLogin.obj
 0001:000112a0       ?LoadScheme@KUiLogin@@AAEXPBD@Z 004122a0 f   UiLogin.obj
 0001:000113f0       ?WndProc@KUiLogin@@EAEHIIH@Z 004123f0 f   UiLogin.obj
 0001:00011640       ?OnEnableAutoLogin@KUiLogin@@AAEXXZ 00412640 f   UiLogin.obj
 0001:000116b0       ?OnKeyDown@KUiLogin@@AAEXI@Z 004126b0 f   UiLogin.obj
 0001:000118c0       ?OnLogin@KUiLogin@@AAEXXZ  004128c0 f   UiLogin.obj
 0001:00011940       ?OnCancel@KUiLogin@@AAEXXZ 00412940 f   UiLogin.obj
 0001:00011960       ?GetInputInfo@KUiLogin@@AAEHPAD0@Z 00412960 f   UiLogin.obj
 0001:000119c0       ?IsValidPassword@KUiLogin@@SA_NPBDH@Z 004129c0 f   UiLogin.obj
 0001:000119d0       ?OpenWindow@KUiLoginBackGround@@SAPAV1@PBD@Z 004129d0 f   UiLoginBg.obj
 0001:00011ab0       ??_GKUiLoginBackGround@@EAEPAXI@Z 00412ab0 f i UiLoginBg.obj
 0001:00011ab0       ??_EKUiLoginBackGround@@EAEPAXI@Z 00412ab0 f i UiLoginBg.obj
 0001:00011ad0       ??1KUiLoginBackGround@@EAE@XZ 00412ad0 f i UiLoginBg.obj
 0001:00011b50       ?CloseWindow@KUiLoginBackGround@@SAX_N@Z 00412b50 f   UiLoginBg.obj
 0001:00011b80       ?Initialize@KUiLoginBackGround@@AAEXXZ 00412b80 f   UiLoginBg.obj
 0001:00011c40       ?SetConfig@KUiLoginBackGround@@SAXPBD@Z 00412c40 f   UiLoginBg.obj
 0001:00011db0       ?LoadScheme@KUiLoginBackGround@@AAEXPAVKIniFile@@@Z 00412db0 f   UiLoginBg.obj
 0001:00011eb0       ?Breathe@KUiLoginBackGround@@EAEXXZ 00412eb0 f   UiLoginBg.obj
 0001:00011f40       ??0KUiSelServer@@AAE@XZ    00412f40 f   UiSelServer.obj
 0001:00012000       ??_EKUiSelServer@@EAEPAXI@Z 00413000 f i UiSelServer.obj
 0001:00012000       ??_GKUiSelServer@@EAEPAXI@Z 00413000 f i UiSelServer.obj
 0001:00012020       ??1KUiSelServer@@EAE@XZ    00413020 f   UiSelServer.obj
 0001:00012120       ?OpenWindow@KUiSelServer@@SAPAV1@XZ 00413120 f   UiSelServer.obj
 0001:000121e0       ?CloseWindow@KUiSelServer@@SAX_N@Z 004131e0 f   UiSelServer.obj
 0001:00012210       ?Initialize@KUiSelServer@@AAEXXZ 00413210 f   UiSelServer.obj
 0001:000122b0       ?GetList@KUiSelServer@@AAEXXZ 004132b0 f   UiSelServer.obj
 0001:000123a0       ?LoadScheme@KUiSelServer@@AAEXPBD@Z 004133a0 f   UiSelServer.obj
 0001:00012500       ?WndProc@KUiSelServer@@EAEHIIH@Z 00413500 f   UiSelServer.obj
 0001:00012590       ?PaintWindow@KUiSelServer@@EAEXXZ 00413590 f   UiSelServer.obj
 0001:00012700       ?OnKeyDown@KUiSelServer@@AAEHI@Z 00413700 f   UiSelServer.obj
 0001:00012850       ?OnClickButton@KUiSelServer@@AAEXPAVKWndButton@@@Z 00413850 f   UiSelServer.obj
 0001:00012880       ?OnLogin@KUiSelServer@@AAEXXZ 00413880 f   UiSelServer.obj
 0001:00012930       ?OnCancel@KUiSelServer@@AAEXXZ 00413930 f   UiSelServer.obj
 0001:00012950       ?OpenWindow@KUiChatItem@@SAPAV1@H@Z 00413950 f   UiChatItem.obj
 0001:00012ab0       ??0KUiChatItem@@AAE@XZ     00413ab0 f   UiChatItem.obj
 0001:00012b50       ??_GKUiChatItem@@EAEPAXI@Z 00413b50 f i UiChatItem.obj
 0001:00012b50       ??_EKUiChatItem@@EAEPAXI@Z 00413b50 f i UiChatItem.obj
 0001:00012b70       ??1KUiChatItem@@EAE@XZ     00413b70 f i UiChatItem.obj
 0001:00012be0       ?GetIfVisible@KUiChatItem@@SAPAV1@XZ 00413be0 f   UiChatItem.obj
 0001:00012c00       ?CloseWindow@KUiChatItem@@SAXXZ 00413c00 f   UiChatItem.obj
 0001:00012c20       ?SetInfomation@KUiChatItem@@AAEXH@Z 00413c20 f   UiChatItem.obj
 0001:00012d80       ?PaintWindow@KUiChatItem@@EAEXXZ 00413d80 f   UiChatItem.obj
 0001:00013190       ?Initialize@KUiChatItem@@AAEHXZ 00414190 f   UiChatItem.obj
 0001:000131f0       ?LoadScheme@KUiChatItem@@AAEXPBD@Z 004141f0 f   UiChatItem.obj
 0001:000132f0       ?WndProc@KUiChatItem@@EAEHIIH@Z 004142f0 f   UiChatItem.obj
 0001:00013330       ?GetIfVisible@KUiChooseFace@@SAPAV1@XZ 00414330 f   UiChooseFace.obj
 0001:00013350       ?OpenWindow@KUiChooseFace@@SAPAV1@H@Z 00414350 f   UiChooseFace.obj
 0001:000135f0       ??_EKUiChooseFace@@UAEPAXI@Z 004145f0 f i UiChooseFace.obj
 0001:000135f0       ??_GKUiChooseFace@@UAEPAXI@Z 004145f0 f i UiChooseFace.obj
 0001:00013610       ??1KUiChooseFace@@UAE@XZ   00414610 f i UiChooseFace.obj
 0001:00013820       ?CloseWindow@KUiChooseFace@@SAXXZ 00414820 f   UiChooseFace.obj
 0001:00013850       ?Initialize@KUiChooseFace@@AAEXXZ 00414850 f   UiChooseFace.obj
 0001:00013a20       ?LoadScheme@KUiChooseFace@@AAEXPBD@Z 00414a20 f   UiChooseFace.obj
 0001:00013da0       ?ShowWindow@KUiChooseFace@@AAEXH@Z 00414da0 f   UiChooseFace.obj
 0001:000141f0       ?WndProc@KUiChooseFace@@EAEHIIH@Z 004151f0 f   UiChooseFace.obj
 0001:00014500       ?OnOK@KUiChooseFace@@AAEXXZ 00415500 f   UiChooseFace.obj
 0001:000145a0       ?PaintWindow@KUiChooseFace@@EAEXXZ 004155a0 f   UiChooseFace.obj
 0001:00014c40       ??0KUiContainer@@QAE@XZ    00415c40 f   UiContainer.obj
 0001:00014c60       ??_GKUiContainer@@UAEPAXI@Z 00415c60 f i UiContainer.obj
 0001:00014c60       ??_EKUiContainer@@UAEPAXI@Z 00415c60 f i UiContainer.obj
 0001:00014c80       ??1KUiContainer@@UAE@XZ    00415c80 f   UiContainer.obj
 0001:00014c90       ?DoSwitchUi@KUiContainer@@QAEHH@Z 00415c90 f   UiContainer.obj
 0001:00014da0       ?Initialize@KUiContainer@@QAEHPAVKWndWindow@@@Z 00415da0 f   UiContainer.obj
 0001:00014dc0       ??0KUiFaceSelector@@AAE@XZ 00415dc0 f   UiFaceSelector.obj
 0001:00014e70       ??_EKUiFaceSelector@@EAEPAXI@Z 00415e70 f i UiFaceSelector.obj
 0001:00014e70       ??_GKUiFaceSelector@@EAEPAXI@Z 00415e70 f i UiFaceSelector.obj
 0001:00014e90       ??1KUiFaceSelector@@EAE@XZ 00415e90 f i UiFaceSelector.obj
 0001:00014f00       ?OpenWindow@KUiFaceSelector@@SAPAV1@PAVKWndWindow@@PAX@Z 00415f00 f   UiFaceSelector.obj
 0001:00014fc0       ?CloseWindow@KUiFaceSelector@@SAX_N@Z 00415fc0 f   UiFaceSelector.obj
 0001:00014ff0       ?GetIfVisible@KUiFaceSelector@@SAPAV1@XZ 00415ff0 f   UiFaceSelector.obj
 0001:00015010       ?ConvertFaceText@KUiFaceSelector@@SAHPADPBDH@Z 00416010 f   UiFaceSelector.obj
 0001:00015110       ?ConvertFace@KUiFaceSelector@@CAHPADAAHPBDH1@Z 00416110 f   UiFaceSelector.obj
 0001:000151b0       ?Initialize@KUiFaceSelector@@AAEXXZ 004161b0 f   UiFaceSelector.obj
 0001:00015210       ?LoadFaceList@KUiFaceSelector@@SAXXZ 00416210 f   UiFaceSelector.obj
 0001:00015360       ?Clear@KUiFaceSelector@@SAXXZ 00416360 f   UiFaceSelector.obj
 0001:000153a0       ?OnSelFace@KUiFaceSelector@@AAEXXZ 004163a0 f   UiFaceSelector.obj
 0001:000153f0       ?WndProc@KUiFaceSelector@@EAEHIIH@Z 004163f0 f   UiFaceSelector.obj
 0001:00015500       ?OnExpandWnd@KUiFaceSelector@@AAEXXZ 00416500 f   UiFaceSelector.obj
 0001:00015560       ?OnUnExpandWnd@KUiFaceSelector@@AAEXXZ 00416560 f   UiFaceSelector.obj
 0001:000155b0       ?LoadScheme@KUiFaceSelector@@QAEXPBD@Z 004165b0 f   UiFaceSelector.obj
 0001:000158a0       ?UpdateFaceTip@KUiFaceSelector@@AAEXHH@Z 004168a0 f   UiFaceSelector.obj
 0001:00015950       ?PaintWindow@KUiFaceSelector@@EAEXXZ 00416950 f   UiFaceSelector.obj
 0001:00015c60       ?Show@KUiFaceSelector@@EAEXXZ 00416c60 f   UiFaceSelector.obj
 0001:00015c80       ?Hide@KUiFaceSelector@@EAEXXZ 00416c80 f   UiFaceSelector.obj
 0001:00015ca0       ?GetFaceAtPos@KUiFaceSelector@@AAEHHH@Z 00416ca0 f   UiFaceSelector.obj
 0001:00015d30       ?CreateObject@GameWorld_DateTime@@SAPAVKWndWindow@@XZ 00416d30 f i UiPlayerBar.obj
 0001:00015d90       ?GetFormatedTimeString@@YAHPAUtm@@PAD@Z 00416d90 f   UiPlayerBar.obj
 0001:00015dd0       ??0GameWorld_DateTime@@QAE@XZ 00416dd0 f   UiPlayerBar.obj
 0001:00015e40       ??_GGameWorld_DateTime@@UAEPAXI@Z 00416e40 f i UiPlayerBar.obj
 0001:00015e40       ??_EGameWorld_DateTime@@UAEPAXI@Z 00416e40 f i UiPlayerBar.obj
 0001:00015e60       ??1GameWorld_DateTime@@UAE@XZ 00416e60 f i UiPlayerBar.obj
 0001:00015e70       ?OnButtonClick@GameWorld_DateTime@@EAEXXZ 00416e70 f   UiPlayerBar.obj
 0001:00015e80       ?Init@GameWorld_DateTime@@UAEHPAVKIniFile@@PBD@Z 00416e80 f   UiPlayerBar.obj
 0001:00016010       ?UpdateData@GameWorld_DateTime@@UAEXXZ 00417010 f   UiPlayerBar.obj
 0001:00016150       ?UpdateNetStatus@GameWorld_DateTime@@AAEXXZ 00417150 f   UiPlayerBar.obj
 0001:000162c0       ?Init@KImmediaItem@@UAEHPAVKIniFile@@PBD@Z 004172c0 f   UiPlayerBar.obj
 0001:00016320       ?PaintWindow@KImmediaItem@@UAEXXZ 00417320 f   UiPlayerBar.obj
 0001:000163c0       ?CheckBox@KImmediaItem@@QAE_NHH@Z 004173c0 f   UiPlayerBar.obj
 0001:00016400       ?WndProc@KImmediaItem@@UAEHIIH@Z 00417400 f   UiPlayerBar.obj
 0001:00016430       ??0KUiPlayerBar@@AAE@XZ    00417430 f   UiPlayerBar.obj
 0001:00016830       ??0KImmediaItem@@QAE@XZ    00417830 f i UiPlayerBar.obj
 0001:00016850       ??_EKImmediaItem@@UAEPAXI@Z 00417850 f i UiPlayerBar.obj
 0001:00016850       ??_GKImmediaItem@@UAEPAXI@Z 00417850 f i UiPlayerBar.obj
 0001:00016870       ??1KImmediaItem@@UAE@XZ    00417870 f i UiPlayerBar.obj
 0001:00016880       ??_GKUiPlayerBar@@EAEPAXI@Z 00417880 f i UiPlayerBar.obj
 0001:00016880       ??_EKUiPlayerBar@@EAEPAXI@Z 00417880 f i UiPlayerBar.obj
 0001:000168a0       ??1KUiPlayerBar@@EAE@XZ    004178a0 f   UiPlayerBar.obj
 0001:00016c20       ?DropSkill@KUiPlayerBar@@QAEXHH@Z 00417c20 f   UiPlayerBar.obj
 0001:00016c90       ?GetIfVisible@KUiPlayerBar@@SAPAV1@XZ 00417c90 f   UiPlayerBar.obj
 0001:00016cb0       ?OpenWindow@KUiPlayerBar@@SAPAV1@XZ 00417cb0 f   UiPlayerBar.obj
 0001:00016d70       ?OnSwitchSize@KUiPlayerBar@@AAEXXZ 00417d70 f   UiPlayerBar.obj
 0001:00016db0       ?UpdateData@KUiPlayerBar@@EAEXXZ 00417db0 f   UiPlayerBar.obj
 0001:00016eb0       ?CloseWindow@KUiPlayerBar@@SAX_N@Z 00417eb0 f   UiPlayerBar.obj
 0001:00016f10       ?LoadScheme@KUiPlayerBar@@SAXPBD@Z 00417f10 f   UiPlayerBar.obj
 0001:00016fd0       ?LoadScheme@KUiPlayerBar@@AAEXPAVKIniFile@@@Z 00417fd0 f   UiPlayerBar.obj
 0001:00017550       ?Initialize@KUiPlayerBar@@AAEXXZ 00418550 f   UiPlayerBar.obj
 0001:00017890       ?WndProc@KUiPlayerBar@@EAEHIIH@Z 00418890 f   UiPlayerBar.obj
 0001:00017e60       ?PaintWindow@KUiPlayerBar@@EAEXXZ 00418e60 f   UiPlayerBar.obj
 0001:00017e90       ?PopupChannelMenu@KUiPlayerBar@@AAEXHH@Z 00418e90 f   UiPlayerBar.obj
 0001:00018210       ?PopupPhraseMenu@KUiPlayerBar@@AAEXHH_N@Z 00419210 f   UiPlayerBar.obj
 0001:000182d0       ?OnSend@KUiPlayerBar@@AAEXH@Z 004192d0 f   UiPlayerBar.obj
 0001:00018830       ?IsCanSendMessage@KUiPlayerBar@@SAHPBDHPADH@Z 00419830 f   UiPlayerBar.obj
 0001:000188e0       ?OnSendChannelMessage@KUiPlayerBar@@SAXKPBDH@Z 004198e0 f   UiPlayerBar.obj
 0001:00018990       ?OnDirectSendChannelMessage@KUiPlayerBar@@AAEXKEPBDH@Z 00419990 f   UiPlayerBar.obj
 0001:00018a40       ?OnSendSomeoneMessage@KUiPlayerBar@@SAXPBD0H@Z 00419a40 f   UiPlayerBar.obj
 0001:00018b10       ?InputRecentMsg@KUiPlayerBar@@AAEX_N@Z 00419b10 f   UiPlayerBar.obj
 0001:00018b90       ?OnObjPickedDropped@KUiPlayerBar@@AAEXPAUITEM_PICKDROP_PLACE@@0@Z 00419b90 f   UiPlayerBar.obj
 0001:00018c90       ?OnUseItem@KUiPlayerBar@@SAXH@Z 00419c90 f   UiPlayerBar.obj
 0001:00018d60       ?GetChannelIndex@KUiPlayerBar@@AAEHPBD@Z 00419d60 f   UiPlayerBar.obj
 0001:00018e20       ?SetCurrentChannel@KUiPlayerBar@@SAXH@Z 00419e20 f   UiPlayerBar.obj
 0001:00018f60       ?InputCurrentChannel@KUiPlayerBar@@AAEXH_N@Z 00419f60 f   UiPlayerBar.obj
 0001:00018fd0       ?SwitchChannel@KUiPlayerBar@@SAXH@Z 00419fd0 f   UiPlayerBar.obj
 0001:00019030       ?GetCurChannel@KUiPlayerBar@@SAHXZ 0041a030 f   UiPlayerBar.obj
 0001:00019050       ?UpdateXXXNumber@KUiPlayerBar@@AAEXAAH0@Z 0041a050 f   UiPlayerBar.obj
 0001:00019110       ?UpdateRuntimeAttribute@KUiPlayerBar@@AAEXAAH0@Z 0041a110 f   UiPlayerBar.obj
 0001:00019190       ?UpdateItem@KUiPlayerBar@@QAEXHII@Z 0041a190 f   UiPlayerBar.obj
 0001:000191d0       ?UpdateSkill@KUiPlayerBar@@QAEXHII@Z 0041a1d0 f   UiPlayerBar.obj
 0001:00019200       ?HideParty@KUiPlayerBar@@AAEXXZ 0041a200 f   UiPlayerBar.obj
 0001:000193f0       ?ShowIt@KUiPlayerBar@@AAEXIHPAVKWndImage@@@Z 0041a3f0 f   UiPlayerBar.obj
 0001:00019530       ?Breathe@KUiPlayerBar@@EAEXXZ 0041a530 f   UiPlayerBar.obj
 0001:00019f80       ?IsHasCost@KUiPlayerBar@@AAEHEHHHHAAH00@Z 0041af80 f   UiPlayerBar.obj
 0001:0001a1a0       ?InputNameMsg@KUiPlayerBar@@SAXDPBD_N@Z 0041b1a0 f   UiPlayerBar.obj
 0001:0001a410       ??Rstring_iless@@QBE_NABV?$basic_string@DU?$char_traits@D@std@@V?$allocator@D@2@@std@@0@Z 0041b410 f i UiPlayerBar.obj
 0001:0001a470       ?FindRecentPlayer@KUiPlayerBar@@SAHPBD@Z 0041b470 f   UiPlayerBar.obj
 0001:0001a4f0       ?GetRecentPlayerName@KUiPlayerBar@@SAPADH@Z 0041b4f0 f   UiPlayerBar.obj
 0001:0001a530       ?AddRecentPlayer@KUiPlayerBar@@SAHPBD@Z 0041b530 f   UiPlayerBar.obj
 0001:0001a640       ?ReplaceSpecialName@KUiPlayerBar@@AAEXPADI0@Z 0041b640 f   UiPlayerBar.obj
 0001:0001a660       ?GetExp@KUiPlayerBar@@SA_NAAH00@Z 0041b660 f   UiPlayerBar.obj
 0001:0001a6a0       ?LoadPrivateSetting@KUiPlayerBar@@SAHPAVKIniFile@@@Z 0041b6a0 f   UiPlayerBar.obj
 0001:0001a770       ?SavePrivateSetting@KUiPlayerBar@@SAHPAVKIniFile@@@Z 0041b770 f   UiPlayerBar.obj
 0001:0001a800       ?SetChatItem@KUiPlayerBar@@SAXUChatItem@@I@Z 0041b800 f   UiPlayerBar.obj
 0001:0001af60       ?SetItemBtnInfo@KUiPlayerBar@@SAXHPAUChatItem@@@Z 0041bf60 f   UiPlayerBar.obj
 0001:0001b190       ?ClearItemBtn@KUiPlayerBar@@SAXXZ 0041c190 f   UiPlayerBar.obj
 0001:0001b200       ?SetItemBtnPos@KUiPlayerBar@@SAXHHH@Z 0041c200 f   UiPlayerBar.obj
 0001:0001b2f0       ?Clear@KUiPlayerBar@@SAXXZ 0041c2f0 f   UiPlayerBar.obj
 0001:0001b310       ??1?$vector@IV?$allocator@I@std@@@std@@QAE@XZ 0041c310 f i UiPlayerBar.obj
 0001:0001b340       ?size@?$vector@IV?$allocator@I@std@@@std@@QBEIXZ 0041c340 f i UiPlayerBar.obj
 0001:0001b360       ?_Destroy@?$vector@IV?$allocator@I@std@@@std@@IAEXPAI0@Z 0041c360 f i UiPlayerBar.obj
 0001:0001b370       ?_Ucopy@?$vector@IV?$allocator@I@std@@@std@@IAEPAIPBI0PAI@Z 0041c370 f i UiPlayerBar.obj
 0001:0001b3a0       ?_Ufill@?$vector@IV?$allocator@I@std@@@std@@IAEXPAIIABI@Z 0041c3a0 f i UiPlayerBar.obj
 0001:0001b3d0       ?_Lbound@?$_Tree@V?$basic_string@DU?$char_traits@D@std@@V?$allocator@D@2@@std@@U?$pair@$$CBV?$basic_string@DU?$char_traits@D@std@@V?$allocator@D@2@@std@@UShortFuncInfo@@@2@U_Kfn@?$map@V?$basic_string@DU?$char_traits@D@std@@V?$allocator@D@2@@std@@UShortFuncInfo@@Ustring_iless@@V?$allocator@UShortFuncInfo@@@2@@2@Ustring_iless@@V?$allocator@UShortFuncInfo@@@2@@std@@IBEPAU_Node@12@ABV?$basic_string@DU?$char_traits@D@std@@V?$allocator@D@2@@2@@Z 0041c3d0 f i UiPlayerBar.obj
 0001:0001b460       ??0KUiPlayerControlBar@@AAE@XZ 0041c460 f   UiPlayerControlBar.obj
 0001:0001b510       ??_GKUiPlayerControlBar@@EAEPAXI@Z 0041c510 f i UiPlayerControlBar.obj
 0001:0001b510       ??_EKUiPlayerControlBar@@EAEPAXI@Z 0041c510 f i UiPlayerControlBar.obj
 0001:0001b530       ??1KUiPlayerControlBar@@EAE@XZ 0041c530 f   UiPlayerControlBar.obj
 0001:0001b5e0       ?OpenWindow@KUiPlayerControlBar@@SAPAV1@XZ 0041c5e0 f   UiPlayerControlBar.obj
 0001:0001b670       ?GetIfVisible@KUiPlayerControlBar@@SAPAV1@XZ 0041c670 f   UiPlayerControlBar.obj
 0001:0001b690       ?CloseWindow@KUiPlayerControlBar@@SAX_N@Z 0041c690 f   UiPlayerControlBar.obj
 0001:0001b6c0       ?Initialize@KUiPlayerControlBar@@AAEXXZ 0041c6c0 f   UiPlayerControlBar.obj
 0001:0001b730       ?LoadScheme@KUiPlayerControlBar@@SAXPBD@Z 0041c730 f   UiPlayerControlBar.obj
 0001:0001b8d0       ?Breathe@KUiPlayerControlBar@@EAEXXZ 0041c8d0 f   UiPlayerControlBar.obj
 0001:0001b9f0       ?Add@KUiPlayerControlBar@@AAEXHPAUKStateControl@@@Z 0041c9f0 f   UiPlayerControlBar.obj
 0001:0001bf40       ?Release@KUiPlayerControlBar@@AAEXXZ 0041cf40 f   UiPlayerControlBar.obj
 0001:0001bfb0       ?GetIfVisible@KUiStatus@@SAPAV1@XZ 0041cfb0 f   UiStatus.obj
 0001:0001bfd0       ?OpenWindow@KUiStatus@@SAPAV1@XZ 0041cfd0 f   UiStatus.obj
 0001:0001c080       ??0KUiStatus@@AAE@XZ       0041d080 f i UiStatus.obj
 0001:0001c3c0       ??_GKUiStatus@@EAEPAXI@Z   0041d3c0 f i UiStatus.obj
 0001:0001c3c0       ??_EKUiStatus@@EAEPAXI@Z   0041d3c0 f i UiStatus.obj
 0001:0001c3e0       ??1KUiStatus@@EAE@XZ       0041d3e0 f i UiStatus.obj
 0001:0001c720       ?CloseWindow@KUiStatus@@SAX_N@Z 0041d720 f   UiStatus.obj
 0001:0001c790       ?Initialize@KUiStatus@@AAEXXZ 0041d790 f   UiStatus.obj
 0001:0001ca70       ?LoadScheme@KUiStatus@@SAXPBD@Z 0041da70 f   UiStatus.obj
 0001:0001cb20       ?LoadScheme@KUiStatus@@AAEXPAVKIniFile@@@Z 0041db20 f   UiStatus.obj
 0001:0001cf60       ?WndProc@KUiStatus@@EAEHIIH@Z 0041df60 f   UiStatus.obj
 0001:0001d340       ?UseRemainPoint@KUiStatus@@AAEXHH@Z 0041e340 f   UiStatus.obj
 0001:0001d360       ?UpdateBaseData@KUiStatus@@QAEXXZ 0041e360 f   UiStatus.obj
 0001:0001d420       ?UpdateRuntimeInfo@KUiStatus@@QAEXPAUKUiPlayerRuntimeInfo@@@Z 0041e420 f   UiStatus.obj
 0001:0001d4a0       ?UpdateClientDT@KUiStatus@@SAXXZ 0041e4a0 f   UiStatus.obj
 0001:0001d4b0       ?UpdateData@KUiStatus@@UAEXXZ 0041e4b0 f   UiStatus.obj
 0001:0001d4d0       ?UpdateAllEquips@KUiStatus@@QAEXXZ 0041e4d0 f   UiStatus.obj
 0001:0001d540       ?UpdateRuntimeAttribute@KUiStatus@@QAEXPAUKUiPlayerAttribute@@@Z 0041e540 f   UiStatus.obj
 0001:0001d860       ?OnEquiptChanged@KUiStatus@@AAEXPAUITEM_PICKDROP_PLACE@@0@Z 0041e860 f   UiStatus.obj
 0001:0001d9f0       ?UpdateEquip@KUiStatus@@QAEXPAUKUiObjAtRegion@@H@Z 0041e9f0 f   UiStatus.obj
 0001:0001da70       ?Breathe@KUiStatus@@UAEXXZ 0041ea70 f   UiStatus.obj
 0001:0001dbb0       ??0KUiOptions@@AAE@XZ      0041ebb0 f   UiOptions.obj
 0001:0001dda0       ??_EKUiOptions@@EAEPAXI@Z  0041eda0 f i UiOptions.obj
 0001:0001dda0       ??_GKUiOptions@@EAEPAXI@Z  0041eda0 f i UiOptions.obj
 0001:0001ddc0       ??1KUiOptions@@EAE@XZ      0041edc0 f i UiOptions.obj
 0001:0001df70       ?CancelMenu@KUiOptions@@AAEXXZ 0041ef70 f   UiOptions.obj
 0001:0001dfa0       ?GetIfVisible@KUiOptions@@SAPAV1@XZ 0041efa0 f   UiOptions.obj
 0001:0001dfc0       ?OpenWindow@KUiOptions@@SAPAV1@PAVKWndWindow@@@Z 0041efc0 f   UiOptions.obj
 0001:0001e070       ?CloseWindow@KUiOptions@@SAXXZ 0041f070 f   UiOptions.obj
 0001:0001e0c0       ?Initialize@KUiOptions@@AAEXXZ 0041f0c0 f   UiOptions.obj
 0001:0001e1e0       ?LoadScheme@KUiOptions@@SAXPBD@Z 0041f1e0 f   UiOptions.obj
 0001:0001e290       ?LoadScheme@KUiOptions@@AAEXPAVKIniFile@@@Z 0041f290 f   UiOptions.obj
 0001:0001e5c0       ?WndProc@KUiOptions@@EAEHIIH@Z 0041f5c0 f   UiOptions.obj
 0001:0001e790       ?UpdateSettingSet@KUiOptions@@AAEXH_N@Z 0041f790 f   UiOptions.obj
 0001:0001e8a0       ?PopupSeleteSetMenu@KUiOptions@@AAEXHH@Z 0041f8a0 f   UiOptions.obj
 0001:0001e9b0       ?OnScrollBarPosChanged@KUiOptions@@AAEXPAVKWndWindow@@H@Z 0041f9b0 f   UiOptions.obj
 0001:0001ea00       ?UpdateAllToggleBtn@KUiOptions@@AAEXXZ 0041fa00 f   UiOptions.obj
 0001:0001eb20       ?UpdateAllStatusImg@KUiOptions@@AAEXXZ 0041fb20 f   UiOptions.obj
 0001:0001eb90       ?LoadSetting@KUiOptions@@SAX_N0@Z 0041fb90 f   UiOptions.obj
 0001:0001eeb0       ?StoreSetting@KUiOptions@@AAEXXZ 0041feb0 f   UiOptions.obj
 0001:0001ef70       ?ToggleOption@KUiOptions@@QAEXH@Z 0041ff70 f   UiOptions.obj
 0001:0001f0e0       ?SetMusicValue@KUiOptions@@QAEXH@Z 004200e0 f   UiOptions.obj
 0001:0001f110       ?SetSoundValue@KUiOptions@@QAEXH@Z 00420110 f   UiOptions.obj
 0001:0001f140       ?SetBrightness@KUiOptions@@QAEXH@Z 00420140 f   UiOptions.obj
 0001:0001f170       ?OpenWindow@KUiInit@@SAPAV1@_N0@Z 00420170 f   UiInit.obj
 0001:0001f330       ??_GKUiInit@@EAEPAXI@Z     00420330 f i UiInit.obj
 0001:0001f330       ??_EKUiInit@@EAEPAXI@Z     00420330 f i UiInit.obj
 0001:0001f350       ??1KUiInit@@EAE@XZ         00420350 f i UiInit.obj
 0001:0001f430       ?CloseWindow@KUiInit@@SAXXZ 00420430 f   UiInit.obj
 0001:0001f460       ?PlayStartMovie@KUiInit@@AAEXXZ 00420460 f   UiInit.obj
 0001:0001f640       ?PlayTitleMusic@KUiInit@@SAXXZ 00420640 f   UiInit.obj
 0001:0001f770       ?StopTitleMusic@KUiInit@@SAXXZ 00420770 f   UiInit.obj
 0001:0001f790       ?LoadScheme@KUiInit@@AAEXPBD@Z 00420790 f   UiInit.obj
 0001:0001f940       ?Initialize@KUiInit@@AAEXXZ 00420940 f   UiInit.obj
 0001:0001fa00       ?WndProc@KUiInit@@EAEHIIH@Z 00420a00 f   UiInit.obj
 0001:0001fa80       ?OnKeyDown@KUiInit@@AAEHI@Z 00420a80 f   UiInit.obj
 0001:0001fb50       ?OnClickButton@KUiInit@@AAEXPAVKWndButton@@@Z 00420b50 f   UiInit.obj
 0001:0001fbc0       ?OnAutoLogin@KUiInit@@AAEXXZ 00420bc0 f   UiInit.obj
 0001:0001fc40       ?GetActiveBtn@KUiInit@@AAEPAVKWndButton@@XZ 00420c40 f   UiInit.obj
 0001:0001fcb0       ?ShowCompleted@KUiInit@@EAEXXZ 00420cb0 f   UiInit.obj
 0001:0001fcc0       ?OpenWindow@KBuySelectItemShop@@SAPAV1@PAUKUiObjAtContRegion@@PAUKUiItemBuySelInfo@@@Z 00420cc0 f   BuySlectItemShop.obj
 0001:0001fe40       ??0KBuySelectItemShop@@AAE@XZ 00420e40 f   BuySlectItemShop.obj
 0001:0001fee0       ??_GKBuySelectItemShop@@EAEPAXI@Z 00420ee0 f i BuySlectItemShop.obj
 0001:0001fee0       ??_EKBuySelectItemShop@@EAEPAXI@Z 00420ee0 f i BuySlectItemShop.obj
 0001:0001ff00       ??1KBuySelectItemShop@@EAE@XZ 00420f00 f i BuySlectItemShop.obj
 0001:0001ffa0       ?GetIfVisible@KBuySelectItemShop@@SAPAV1@XZ 00420fa0 f   BuySlectItemShop.obj
 0001:0001ffc0       ?CloseWindow@KBuySelectItemShop@@SAX_N@Z 00420fc0 f   BuySlectItemShop.obj
 0001:0001fff0       ?Show@KBuySelectItemShop@@EAEXXZ 00420ff0 f   BuySlectItemShop.obj
 0001:000200f0       ?Hide@KBuySelectItemShop@@EAEXXZ 004210f0 f   BuySlectItemShop.obj
 0001:00020110       ?Initialize@KBuySelectItemShop@@AAEHXZ 00421110 f   BuySlectItemShop.obj
 0001:000201a0       ?LoadScheme@KBuySelectItemShop@@AAEXPBD@Z 004211a0 f   BuySlectItemShop.obj
 0001:00020340       ?WndProc@KBuySelectItemShop@@EAEHIIH@Z 00421340 f   BuySlectItemShop.obj
 0001:00020400       ?OnCancel@KBuySelectItemShop@@AAEXXZ 00421400 f   BuySlectItemShop.obj
 0001:00020410       ?OpenWindow@KUiKtc@@SAPAV1@XZ 00421410 f   KUiKtc.obj
 0001:000204a0       ??_EKUiKtc@@EAEPAXI@Z      004214a0 f i KUiKtc.obj
 0001:000204a0       ??_GKUiKtc@@EAEPAXI@Z      004214a0 f i KUiKtc.obj
 0001:000204c0       ??1KUiKtc@@EAE@XZ          004214c0 f i KUiKtc.obj
 0001:000204d0       ?CloseWindow@KUiKtc@@SAXXZ 004214d0 f   KUiKtc.obj
 0001:000204f0       ?Initialize@KUiKtc@@AAEXXZ 004214f0 f   KUiKtc.obj
 0001:00020540       ?LoadScheme@KUiKtc@@SAXPBD@Z 00421540 f   KUiKtc.obj
 0001:000205f0       ?DefaultScheme@KUiKtc@@SAXPBD@Z 004215f0 f   KUiKtc.obj
 0001:000206d0       ?Breathe@KUiKtc@@EAEXXZ    004216d0 f   KUiKtc.obj
 0001:000206e0       ?OpenWindow@KUiAuto@@SAPAV1@XZ 004216e0 f   UiAuto.obj
 0001:000209a0       ??0KWndShadow@@QAE@XZ      004219a0 f i UiAuto.obj
 0001:000209c0       ??_GKWndShadow@@UAEPAXI@Z  004219c0 f i UiAuto.obj
 0001:000209c0       ??_EKWndShadow@@UAEPAXI@Z  004219c0 f i UiAuto.obj
 0001:000209e0       ??1KWndShadow@@UAE@XZ      004219e0 f i UiAuto.obj
 0001:000209f0       ??_GKUiAuto@@EAEPAXI@Z     004219f0 f i UiAuto.obj
 0001:000209f0       ??_EKUiAuto@@EAEPAXI@Z     004219f0 f i UiAuto.obj
 0001:00020a10       ??1KUiAuto@@EAE@XZ         00421a10 f i UiAuto.obj
 0001:00020e50       ??1KUiOther@@UAE@XZ        00421e50 f i UiAuto.obj
 0001:00020e60       ??1KUiPick@@UAE@XZ         00421e60 f i UiAuto.obj
 0001:00021000       ??0KUiFight@@QAE@XZ        00422000 f i UiAuto.obj
 0001:00021250       ??1KUiFight@@UAE@XZ        00422250 f i UiAuto.obj
 0001:000214a0       ??0KUiRecover@@QAE@XZ      004224a0 f i UiAuto.obj
 0001:000216f0       ??1KUiRecover@@UAE@XZ      004226f0 f i UiAuto.obj
 0001:00021930       ??_EKUiOther@@UAEPAXI@Z    00422930 f i UiAuto.obj
 0001:00021930       ??_GKUiOther@@UAEPAXI@Z    00422930 f i UiAuto.obj
 0001:00021950       ??0KWndPage@@QAE@XZ        00422950 f i UiAuto.obj
 0001:00021970       ??1KWndPage@@UAE@XZ        00422970 f i UiAuto.obj
 0001:00021980       ??_EKUiPick@@UAEPAXI@Z     00422980 f i UiAuto.obj
 0001:00021980       ??_GKUiPick@@UAEPAXI@Z     00422980 f i UiAuto.obj
 0001:000219a0       ??_GKUiFight@@UAEPAXI@Z    004229a0 f i UiAuto.obj
 0001:000219a0       ??_EKUiFight@@UAEPAXI@Z    004229a0 f i UiAuto.obj
 0001:000219c0       ??_EKUiRecover@@UAEPAXI@Z  004229c0 f i UiAuto.obj
 0001:000219c0       ??_GKUiRecover@@UAEPAXI@Z  004229c0 f i UiAuto.obj
 0001:000219e0       ??_GKWndPage@@UAEPAXI@Z    004229e0 f i UiAuto.obj
 0001:000219e0       ??_EKWndPage@@UAEPAXI@Z    004229e0 f i UiAuto.obj
 0001:00021a00       ?CloseWindow@KUiAuto@@SAXXZ 00422a00 f   UiAuto.obj
 0001:00021a50       ?GetIfVisible@KUiAuto@@SAPAV1@XZ 00422a50 f   UiAuto.obj
 0001:00021a70       ?Initialize@KUiAuto@@AAEXXZ 00422a70 f   UiAuto.obj
 0001:00021b10       ?LoadScheme@KUiAuto@@SAXXZ 00422b10 f   UiAuto.obj
 0001:00021ce0       ?WndProc@KUiAuto@@EAEHIIH@Z 00422ce0 f   UiAuto.obj
 0001:00021d90       ?UpdateButton@KUiAuto@@AAEXH@Z 00422d90 f   UiAuto.obj
 0001:00021dc0       ?OnStart@KUiAuto@@AAEXXZ   00422dc0 f   UiAuto.obj
 0001:00021de0       ?OnStop@KUiAuto@@AAEXXZ    00422de0 f   UiAuto.obj
 0001:00021e00       ?OnSave@KUiAuto@@AAEXXZ    00422e00 f   UiAuto.obj
 0001:00021e10       ?UpdateSceneTimeInfo@KUiAuto@@SAXPAUKUiSceneTimeInfo@@@Z 00422e10 f   UiAuto.obj
 0001:00021e40       ?Initialize@KUiFight@@QAEXXZ 00422e40 f   UiAuto.obj
 0001:00022050       ?LoadScheme@KUiFight@@QAEXXZ 00423050 f   UiAuto.obj
 0001:00022430       ?OnCheckInput@KUiFight@@AAEXXZ 00423430 f   UiAuto.obj
 0001:00022460       ?WndProc@KUiFight@@EAEHIIH@Z 00423460 f   UiAuto.obj
 0001:000229d0       ?InsertMoveMpsList@KUiFight@@AAEHHHH@Z 004239d0 f   UiAuto.obj
 0001:00022a50       ?SetMoveMpsList@KUiFight@@AAEXXZ 00423a50 f   UiAuto.obj
 0001:00022b30       ?PlayerList@KUiFight@@AAEXH@Z 00423b30 f   UiAuto.obj
 0001:00022c70       ?OnAutoAttack@KUiFight@@QAEXXZ 00423c70 f   UiAuto.obj
 0001:00022cc0       ?OnBuffSkill1@KUiFight@@AAEXXZ 00423cc0 f   UiAuto.obj
 0001:00022d10       ?OnBuffSkill2@KUiFight@@AAEXXZ 00423d10 f   UiAuto.obj
 0001:00022d60       ?OnBuffSkill3@KUiFight@@AAEXXZ 00423d60 f   UiAuto.obj
 0001:00022db0       ?OnFightRadius@KUiFight@@AAEXXZ 00423db0 f   UiAuto.obj
 0001:00022e40       ?OnArrayRadius@KUiFight@@AAEXXZ 00423e40 f   UiAuto.obj
 0001:00022f60       ?PopUpFollow@KUiFight@@AAEXXZ 00423f60 f   UiAuto.obj
 0001:00023190       ?PopUpAutoAttack@KUiFight@@AAEXXZ 00424190 f   UiAuto.obj
 0001:000232e0       ?ProcessPopUpAttack@KUiFight@@AAEXH@Z 004242e0 f   UiAuto.obj
 0001:00023370       ?OnActiveMove@KUiFight@@AAEXXZ 00424370 f   UiAuto.obj
 0001:00023410       ?SupportSkillPopup@KUiFight@@AAEXH@Z 00424410 f   UiAuto.obj
 0001:00023690       ?SetSupportSkill@KUiFight@@AAEXHH@Z 00424690 f   UiAuto.obj
 0001:000237e0       ?LoadFightSetting@KUiFight@@QAEXXZ 004247e0 f   UiAuto.obj
 0001:00023cc0       ?SaveFightSetting@KUiFight@@QAEXXZ 00424cc0 f   UiAuto.obj
 0001:00023f70       ?Initialize@KUiRecover@@QAEXXZ 00424f70 f   UiAuto.obj
 0001:000241a0       ?LoadScheme@KUiRecover@@QAEXXZ 004251a0 f   UiAuto.obj
 0001:00024610       ?WndProc@KUiRecover@@EAEHIIH@Z 00425610 f   UiAuto.obj
 0001:00024a00       ?OnCheckInput@KUiRecover@@AAEXXZ 00425a00 f   UiAuto.obj
 0001:00024b20       ?OnBuff@KUiRecover@@AAEXXZ 00425b20 f   UiAuto.obj
 0001:00024bb0       ?OnDurability@KUiRecover@@AAEXXZ 00425bb0 f   UiAuto.obj
 0001:00024c40       ?OnCheckLife@KUiRecover@@AAEXXZ 00425c40 f   UiAuto.obj
 0001:00024c90       ?OnCheckMana@KUiRecover@@AAEXXZ 00425c90 f   UiAuto.obj
 0001:00024ce0       ?OnCheckLife2@KUiRecover@@AAEXXZ 00425ce0 f   UiAuto.obj
 0001:00024d70       ?OnCheckMana2@KUiRecover@@AAEXXZ 00425d70 f   UiAuto.obj
 0001:00024e00       ?OnUseTTL@KUiRecover@@AAEXXZ 00425e00 f   UiAuto.obj
 0001:00024e50       ?OnMoreMoney@KUiRecover@@AAEXXZ 00425e50 f   UiAuto.obj
 0001:00024ea0       ?OnNoLife@KUiRecover@@AAEXXZ 00425ea0 f   UiAuto.obj
 0001:00024ef0       ?OnNoMana@KUiRecover@@AAEXXZ 00425ef0 f   UiAuto.obj
 0001:00024f40       ?OnUseGD@KUiRecover@@AAEXXZ 00425f40 f   UiAuto.obj
 0001:00024f90       ?PopUpChooseTeam@KUiRecover@@AAEXXZ 00425f90 f   UiAuto.obj
 0001:000250e0       ?ProcessPopUpChooseTeam@KUiRecover@@AAEXH@Z 004260e0 f   UiAuto.obj
 0001:000251d0       ?OnActiveChangeAura@KUiRecover@@AAEXXZ 004261d0 f   UiAuto.obj
 0001:00025220       ?AuraSkillPopup@KUiRecover@@AAEXH@Z 00426220 f   UiAuto.obj
 0001:00025450       ?SetAuraSkill@KUiRecover@@AAEXHH@Z 00426450 f   UiAuto.obj
 0001:00025520       ?OnChooseTeam@KUiRecover@@AAEXXZ 00426520 f   UiAuto.obj
 0001:00025570       ?LoadRecoverSetting@KUiRecover@@QAEXXZ 00426570 f   UiAuto.obj
 0001:00025c10       ?SaveRecoverSetting@KUiRecover@@QAEXXZ 00426c10 f   UiAuto.obj
 0001:00025fb0       ?Initialize@KUiPick@@QAEXXZ 00426fb0 f   UiAuto.obj
 0001:00026140       ?LoadScheme@KUiPick@@QAEXXZ 00427140 f   UiAuto.obj
 0001:000263c0       ?WndProc@KUiPick@@EAEHIIH@Z 004273c0 f   UiAuto.obj
 0001:00026830       ?PopupSelRoomNE@KUiPick@@AAEXXZ 00427830 f   UiAuto.obj
 0001:00026900       ?SetPortalRoomNE@KUiPick@@AAEXH@Z 00427900 f   UiAuto.obj
 0001:00026940       ?OnPick@KUiPick@@AAEXXZ    00427940 f   UiAuto.obj
 0001:00026990       ?OnFillterItem@KUiPick@@AAEXXZ 00427990 f   UiAuto.obj
 0001:000269e0       ?OnGiveItem@KUiPick@@AAEXXZ 004279e0 f   UiAuto.obj
 0001:00026a30       ?SetFilterMagicList@KUiPick@@AAEXXZ 00427a30 f   UiAuto.obj
 0001:00026b00       ?FilterSameMagic@KUiPick@@AAEHPBD@Z 00427b00 f   UiAuto.obj
 0001:00026b60       ?FindSameMagic@KUiPick@@AAEHPBD@Z 00427b60 f   UiAuto.obj
 0001:00026bd0       ?SetPick@KUiPick@@AAEXHH@Z 00427bd0 f   UiAuto.obj
 0001:00026c60       ?OnSelectPickType@KUiPick@@AAEXH@Z 00427c60 f   UiAuto.obj
 0001:00026e50       ?LoadPickSetting@KUiPick@@QAEXXZ 00427e50 f   UiAuto.obj
 0001:000271e0       ?SavePickSetting@KUiPick@@QAEXXZ 004281e0 f   UiAuto.obj
 0001:000273e0       ?Initialize@KUiOther@@QAEXXZ 004283e0 f   UiAuto.obj
 0001:000273f0       ?LoadScheme@KUiOther@@QAEXXZ 004283f0 f   UiAuto.obj
 0001:00027470       ?WndProc@KUiOther@@EAEHIIH@Z 00428470 f   UiAuto.obj
 0001:000274a0       ?GetIfVisible@KUiBuyShop@@SAPAV1@XZ 004284a0 f   UiBuyShop.obj
 0001:000274c0       ?OpenWindow@KUiBuyShop@@SAPAV1@PAD@Z 004284c0 f   UiBuyShop.obj
 0001:000275e0       ??_EKUiBuyShop@@EAEPAXI@Z  004285e0 f i UiBuyShop.obj
 0001:000275e0       ??_GKUiBuyShop@@EAEPAXI@Z  004285e0 f i UiBuyShop.obj
 0001:00027600       ??1KUiBuyShop@@EAE@XZ      00428600 f i UiBuyShop.obj
 0001:00027680       ?CloseWindow@KUiBuyShop@@SAXXZ 00428680 f   UiBuyShop.obj
 0001:000276d0       ?Initialize@KUiBuyShop@@AAEXXZ 004286d0 f   UiBuyShop.obj
 0001:00027740       ?UpdateItem@KUiBuyShop@@QAEXPAUKUiObjAtRegion@@H@Z 00428740 f   UiBuyShop.obj
 0001:000277c0       ?LoadScheme@KUiBuyShop@@SAXPBD@Z 004287c0 f   UiBuyShop.obj
 0001:000278e0       ?WndProc@KUiBuyShop@@EAEHIIH@Z 004288e0 f   UiBuyShop.obj
 0001:000279c0       ?OnItemPickDrop@KUiBuyShop@@AAEXPAUITEM_PICKDROP_PLACE@@0@Z 004289c0 f   UiBuyShop.obj
 0001:00027a80       ?GetIfVisible@KUiCheckItemBox@@SAPAV1@XZ 00428a80 f   UiCheckItemBox.obj
 0001:00027aa0       ?OpenWindow@KUiCheckItemBox@@SAPAV1@PAD0@Z 00428aa0 f   UiCheckItemBox.obj
 0001:00027c00       ??_GKUiCheckItemBox@@EAEPAXI@Z 00428c00 f i UiCheckItemBox.obj
 0001:00027c00       ??_EKUiCheckItemBox@@EAEPAXI@Z 00428c00 f i UiCheckItemBox.obj
 0001:00027c20       ??1KUiCheckItemBox@@EAE@XZ 00428c20 f i UiCheckItemBox.obj
 0001:00027cc0       ?CloseWindow@KUiCheckItemBox@@SAXXZ 00428cc0 f   UiCheckItemBox.obj
 0001:00027cf0       ?Initialize@KUiCheckItemBox@@AAEXXZ 00428cf0 f   UiCheckItemBox.obj
 0001:00027d80       ?UpdateData@KUiCheckItemBox@@EAEXXZ 00428d80 f   UiCheckItemBox.obj
 0001:00027df0       ?UpdateItem@KUiCheckItemBox@@QAEXPAUKUiObjAtRegion@@H@Z 00428df0 f   UiCheckItemBox.obj
 0001:00027e80       ?LoadScheme@KUiCheckItemBox@@SAXPBD@Z 00428e80 f   UiCheckItemBox.obj
 0001:00027fd0       ?WndProc@KUiCheckItemBox@@EAEHIIH@Z 00428fd0 f   UiCheckItemBox.obj
 0001:000280d0       ?OnItemPickDrop@KUiCheckItemBox@@AAEXPAUITEM_PICKDROP_PLACE@@0@Z 004290d0 f   UiCheckItemBox.obj
 0001:000281b0       ??0KUiGetMoney@@AAE@XZ     004291b0 f   UiGetMoney.obj
 0001:00028240       ??_GKUiGetMoney@@EAEPAXI@Z 00429240 f i UiGetMoney.obj
 0001:00028240       ??_EKUiGetMoney@@EAEPAXI@Z 00429240 f i UiGetMoney.obj
 0001:00028260       ??1KUiGetMoney@@EAE@XZ     00429260 f i UiGetMoney.obj
 0001:000282e0       ?OpenWindow@KUiGetMoney@@SAPAV1@HHPAVKWndWindow@@I0@Z 004292e0 f   UiGetMoney.obj
 0001:000283f0       ?CloseWindow@KUiGetMoney@@SAX_N@Z 004293f0 f   UiGetMoney.obj
 0001:00028430       ?GetIfVisible@KUiGetMoney@@SAPAV1@XZ 00429430 f   UiGetMoney.obj
 0001:00028450       ?Show@KUiGetMoney@@AAEXPAVKWndWindow@@@Z 00429450 f   UiGetMoney.obj
 0001:00028500       ?Hide@KUiGetMoney@@EAEXXZ  00429500 f   UiGetMoney.obj
 0001:00028520       ?Initialize@KUiGetMoney@@AAEHXZ 00429520 f   UiGetMoney.obj
 0001:00028590       ?LoadScheme@KUiGetMoney@@SAXPBD@Z 00429590 f   UiGetMoney.obj
 0001:000286a0       ?WndProc@KUiGetMoney@@EAEHIIH@Z 004296a0 f   UiGetMoney.obj
 0001:00028760       ?OnOk@KUiGetMoney@@AAEXXZ  00429760 f   UiGetMoney.obj
 0001:000287a0       ?OnCheckInput@KUiGetMoney@@AAEXXZ 004297a0 f   UiGetMoney.obj
 0001:00028840       ?OnCancel@KUiGetMoney@@AAEXXZ 00429840 f   UiGetMoney.obj
 0001:00028870       ?GetIfVisible@KUiItem@@SAPAV1@XZ 00429870 f   UiItem.obj
 0001:00028890       ?OpenWindow@KUiItem@@SAPAV1@XZ 00429890 f   UiItem.obj
 0001:000289e0       ??_EKUiItem@@EAEPAXI@Z     004299e0 f i UiItem.obj
 0001:000289e0       ??_GKUiItem@@EAEPAXI@Z     004299e0 f i UiItem.obj
 0001:00028a00       ??1KUiItem@@EAE@XZ         00429a00 f i UiItem.obj
 0001:00028ae0       ?CloseWindow@KUiItem@@SAX_N@Z 00429ae0 f   UiItem.obj
[...]
 0003:0000a228       ?_Nil@?$_Tree@V?$basic_string@DU?$char_traits@D@std@@V?$allocator@D@2@@std@@U?$pair@$$CBV?$basic_string@DU?$char_traits@D@std@@V?$allocator@D@2@@std@@E@2@U_Kfn@?$map@V?$basic_string@DU?$char_traits@D@std@@V?$allocator@D@2@@std@@EU?$less@V?$basic_string@DU?$char_traits@D@std@@V?$allocator@D@2@@std@@@2@V?$allocator@E@2@@2@U?$less@V?$basic_string@DU?$char_traits@D@std@@V?$allocator@D@2@@std@@@2@V?$allocator@E@2@@std@@1PAU_Node@12@A 004a2228     UiChatCentre.obj
 0003:0000a22c       ?_Nilrefs@?$_Tree@V?$basic_string@DU?$char_traits@D@std@@V?$allocator@D@2@@std@@U?$pair@$$CBV?$basic_string@DU?$char_traits@D@std@@V?$allocator@D@2@@std@@E@2@U_Kfn@?$map@V?$basic_string@DU?$char_traits@D@std@@V?$allocator@D@2@@std@@EU?$less@V?$basic_string@DU?$char_traits@D@std@@V?$allocator@D@2@@std@@@2@V?$allocator@E@2@@2@U?$less@V?$basic_string@DU?$char_traits@D@std@@V?$allocator@D@2@@std@@@2@V?$allocator@E@2@@std@@1IA 004a222c     UiChatCentre.obj
 0003:0000a230       ?g_UiChatPhrase@@3VKUiChatPhrase@@A 004a2230     UiChatPhrase.obj
 0003:0000a4f0       ?m_pSelf@KUiChatStatus@@0PAV1@A 004a24f0     UiChatStatus.obj
 0003:0000a4f8       ?g_UiInformation@@3VKUiInformation@@A 004a24f8     UiInformation.obj
 0003:0000a9b0       ?g_UiInformation2@@3VKUiInformation2@@A 004a29b0     UiInformation2.obj
 0003:0000ad54       ?m_pSelf@KUiTeamManage@@0PAV1@A 004a2d54     UiTeamManage.obj
 0003:0000ad58       ?m_pSelf@KUiHeaderControlBar@@0PAV1@A 004a2d58     UiHeaderControlBar.obj
 0003:0000ad64       ?m_pSelf@KUiMsgCentrePad@@0PAV1@A 004a2d64     UiMsgCentrePad.obj
 0003:0000ad68       ?ms_DefaultWidth@KUiMsgCentrePad@@0HA 004a2d68     UiMsgCentrePad.obj
 0003:0000ad6c       ?ms_DefaultHeight@KUiMsgCentrePad@@0HA 004a2d6c     UiMsgCentrePad.obj
 0003:0000ad70       ?m_pSelf@KUiToolsControlBar@@0PAV1@A 004a2d70     UiToolsControlBar.obj
 0003:0000ad74       ?m_pSelf@KUiShop@@0PAV1@A  004a2d74     UiShop.obj
 0003:0000ad78       ?m_pSelf@KUiShopGold@@0PAV1@A 004a2d78     UiShopGold.obj
 0003:0000ad7c       ?m_pSelf@KUiTrade@@0PAV1@A 004a2d7c     UiTrade.obj
 0003:0000ad80       ?m_pSelf@KUiTradeConfirm@@0PAV1@A 004a2d80     UiTradeConfirmWnd.obj
 0003:0000ad88       ?g_WndGameSpace@@3VKUiGameSpace@@A 004a2d88     UiGame.obj
 0003:0000adf4       ?m_pSelf@KUiSysMsgCentre@@0PAV1@A 004a2df4     UiSysMsgCentre.obj
 0003:0000adf8       ?m_pSelf@KUiFindPos@@0PAV1@A 004a2df8     UiFindPos.obj
 0003:0000adfc       ?m_pSelf@KUiMapCave@@0PAV1@A 004a2dfc     UiMapCave.obj
 0003:0000ae00       ?m_pSelf@KUiMarket@@0PAV1@A 004a2e00     UiMarket.obj
 0003:0000ae04       ?ms_pSelf@KUiMiniMap@@0PAV1@A 004a2e04     UiMiniMap.obj
 0003:0000ae0c       ?m_pSelf@KUiNewPlayerStartMsg@@0PAV1@A 004a2e0c     UiNewPlayerStartMsg.obj
 0003:0000ae10       ?m_pSelf@KUiPlayVideo@@0PAV1@A 004a2e10     UiPlayVideo.obj
 0003:0000ae14       ?m_pSelf@KUiHelper@@0PAV1@A 004a2e14     UiHelper.obj
 0003:0000ae18       ?ms_nImgFrame@KUiHelper@@0HA 004a2e18     UiHelper.obj
 0003:0000ae1c       ?m_pSelf@KUiHelper2@@0PAV1@A 004a2e1c     UiHelper2.obj
 0003:0000ae20       ?m_pSelf@KReconnectWnd@@0PAV1@A 004a2e20     UiReconnect.obj
 0003:0000ae24       ?ms_pPersonalRecord@KTaskDataFile@@0PAUKPersonalRecord@1@A 004a2e24     UiTaskDataFile.obj
 0003:0000ae28       ?ms_pSystemRecordList@KTaskDataFile@@0PAUKTaskSystemRecordNode@1@A 004a2e28     UiTaskDataFile.obj
 0003:0000ae2c       ?ms_nSystemRecordCount@KTaskDataFile@@0HA 004a2e2c     UiTaskDataFile.obj
 0003:0000ae30       ?ms_pBindRecordList@KTaskDataFile@@0PAUKTaskBindRecordNode@1@A 004a2e30     UiTaskDataFile.obj
 0003:0000ae34       ?ms_nBindRecordCount@KTaskDataFile@@0HA 004a2e34     UiTaskDataFile.obj
 0003:0000ae38       ?m_pSelf@KUiTaskNote@@0PAV1@A 004a2e38     UiTaskNote.obj
 0003:0000ae3c       ?m_pSelf@KUiWorldmap@@0PAV1@A 004a2e3c     UiWorldMap.obj
 0003:0000ae40       ?m_pSelf@KUiNewsMessage@@0PAV1@A 004a2e40     UiNewsMessage.obj
 0003:0000ae44       ?ms_bEnableIdleMsg@KUiNewsMessage@@0HA 004a2e44     UiNewsMessage.obj
 0003:0000ae4c       ?m_pSelf@KUiNewsMessage1@@0PAV1@A 004a2e4c     UiNewsMessage1.obj
 0003:0000ae50       ?ms_bEnableIdleMsg@KUiNewsMessage1@@0HA 004a2e50     UiNewsMessage1.obj
 0003:0000ae58       ?m_IndexIDIni@KUiStrengthRank@@0VKIniFile@@A 004a2e58     UiStrengthRank.obj
 0003:0000aeb0       ?m_RankData@KUiStrengthRank@@0V?$KLinkStruct@UKRankNode@@@@A 004a2eb0     UiStrengthRank.obj
 0003:0000aed0       ?m_IndexData@KUiStrengthRank@@0V?$KLinkStruct@UKRankIndexNode@@@@A 004a2ed0     UiStrengthRank.obj
 0003:0000aeec       ?m_pSelf@KUiStrengthRank@@0PAV1@A 004a2eec     UiStrengthRank.obj
 0003:0000aef0       ?m_bIsIndexDataChange@KUiStrengthRank@@0HA 004a2ef0     UiStrengthRank.obj
 0003:0000aef4       ?m_bIsRankDataChange@KUiStrengthRank@@0HA 004a2ef4     UiStrengthRank.obj
 0003:0000aef8       ?m_pSelf@KUiMsgSel2@@0PAV1@A 004a2ef8     UiMsgSel2.obj
 0003:0000aefc       ?m_pSelf@KUiMsgSel3@@0PAV1@A 004a2efc     UiMsgSel3.obj
 0003:0000af00       ?m_pSelf@KUiTimeBox@@0PAV1@A 004a2f00     UiTimeBox.obj
 0003:0000af04       ?ms_pSelf@KUiTongAssignBox@@0PAV1@A 004a2f04     UiTongAssignBox.obj
 0003:0000af08       ?ms_pSelf@KUiTongChangeCamp@@0PAV1@A 004a2f08     UiTongChangeCamp.obj
 0003:0000af0c       ?ms_pSelf@KUiTongCreateSheet@@0PAV1@A 004a2f0c     UiTongCreateSheet.obj
 0003:0000af10       ?m_pSelf@KUiTongGetString@@0PAV1@A 004a2f10     UiTongGetString.obj
 0003:0000af18       ?m_TongData@KUiTongManager@@0UKTongInfo@@A 004a2f18     UiTongManager.obj
 0003:0000af7c       ?ms_pSelf@KUiTongManager@@0PAV1@A 004a2f7c     UiTongManager.obj
 0003:0000af80       ?m_nElderDataIndex@KUiTongManager@@0HA 004a2f80     UiTongManager.obj
 0003:0000af84       ?m_nMemberDataIndex@KUiTongManager@@0HA 004a2f84     UiTongManager.obj
 0003:0000af88       ?m_nCaptainDataIndex@KUiTongManager@@0HA 004a2f88     UiTongManager.obj
 0003:0000af8c       ?ms_pSelf@KUiTongStringName@@0PAV1@A 004a2f8c     UiTongStringName.obj
 0003:0000af90       ?ms_pSelf@KUiTrembleItem@@0PAV1@A 004a2f90     UiTrembleItem.obj
 0003:0000b178       ?s_LNotify@@3UBlacklistNotify@@A 004a3178     GameSpaceChangedNotify.obj
 0003:0000b180       ?g_BlackListUserNames@@3V?$map@V?$basic_string@DU?$char_traits@D@std@@V?$allocator@D@2@@std@@V12@U?$less@V?$basic_string@DU?$char_traits@D@std@@V?$allocator@D@2@@std@@@2@V?$allocator@V?$basic_string@DU?$char_traits@D@std@@V?$allocator@D@2@@std@@@2@@std@@A 004a3180     GameSpaceChangedNotify.obj
 0003:0000b200       ?ms_FunsMap@KShortcutKeyCentre@@2V?$map@V?$basic_string@DU?$char_traits@D@std@@V?$allocator@D@2@@std@@UShortFuncInfo@@Ustring_iless@@V?$allocator@UShortFuncInfo@@@2@@std@@A 004a3200     ShortcutKey.obj
 0003:0000b218       ?ms_Script@KShortcutKeyCentre@@0VKLuaScript@@A 004a3218     ShortcutKey.obj
 0003:0000b28c       ?ms_pCommands@KShortcutKeyCentre@@0PAUCOMMAND_SETTING@@A 004a328c     ShortcutKey.obj
 0003:0000b290       ?ms_nCommands@KShortcutKeyCentre@@0HA 004a3290     ShortcutKey.obj
 0003:0000b294       ?ms_Enable@KShortcutKeyCentre@@0_NA 004a3294     ShortcutKey.obj
 0003:0000b295       ?ms_bMouse@KShortcutKeyCentre@@2_NA 004a3295     ShortcutKey.obj
 0003:0000b298       ?ms_MouseX@KShortcutKeyCentre@@2HA 004a3298     ShortcutKey.obj
 0003:0000b29c       ?ms_MouseY@KShortcutKeyCentre@@2HA 004a329c     ShortcutKey.obj
 0003:0000b2a0       ?_Nilrefs@?$_Tree@V?$basic_string@DU?$char_traits@D@std@@V?$allocator@D@2@@std@@U?$pair@$$CBV?$basic_string@DU?$char_traits@D@std@@V?$allocator@D@2@@std@@UShortFuncInfo@@@2@U_Kfn@?$map@V?$basic_string@DU?$char_traits@D@std@@V?$allocator@D@2@@std@@UShortFuncInfo@@Ustring_iless@@V?$allocator@UShortFuncInfo@@@2@@2@Ustring_iless@@V?$allocator@UShortFuncInfo@@@2@@std@@1IA 004a32a0     ShortcutKey.obj
 0003:0000b2a4       ?_Nilrefs@?$_Tree@V?$basic_string@DU?$char_traits@D@std@@V?$allocator@D@2@@std@@U?$pair@$$CBV?$basic_string@DU?$char_traits@D@std@@V?$allocator@D@2@@std@@U?$pair@KK@2@@2@U_Kfn@?$map@V?$basic_string@DU?$char_traits@D@std@@V?$allocator@D@2@@std@@U?$pair@KK@2@Ustring_iless@@V?$allocator@U?$pair@KK@std@@@2@@2@Ustring_iless@@V?$allocator@U?$pair@KK@std@@@2@@std@@1IA 004a32a4     ShortcutKey.obj
 0003:0000b2a8       ?_Nil@?$_Tree@V?$basic_string@DU?$char_traits@D@std@@V?$allocator@D@2@@std@@U?$pair@$$CBV?$basic_string@DU?$char_traits@D@std@@V?$allocator@D@2@@std@@U?$pair@KK@2@@2@U_Kfn@?$map@V?$basic_string@DU?$char_traits@D@std@@V?$allocator@D@2@@std@@U?$pair@KK@2@Ustring_iless@@V?$allocator@U?$pair@KK@std@@@2@@2@Ustring_iless@@V?$allocator@U?$pair@KK@std@@@2@@std@@1PAU_Node@12@A 004a32a8     ShortcutKey.obj
 0003:0000b2b0       ?s_ANotify@@3UAddinNotify@@A 004a32b0     UiBase.obj
 0003:0000b2b8       ?g_UiBase@@3VKUiBase@@A    004a32b8     UiBase.obj
 0003:0000b348       ?g_nWindowNTFlag@@3HA      004a3348     UiBase.obj
 0003:0000b34c       ?_Nilrefs@?$_Tree@V?$basic_string@DU?$char_traits@D@std@@V?$allocator@D@2@@std@@U?$pair@$$CBV?$basic_string@DU?$char_traits@D@std@@V?$allocator@D@2@@std@@PAX@2@U_Kfn@?$map@V?$basic_string@DU?$char_traits@D@std@@V?$allocator@D@2@@std@@PAXU?$less@V?$basic_string@DU?$char_traits@D@std@@V?$allocator@D@2@@std@@@2@V?$allocator@PAX@2@@2@U?$less@V?$basic_string@DU?$char_traits@D@std@@V?$allocator@D@2@@std@@@2@V?$allocator@PAX@2@@std@@1IA 004a334c     UiBase.obj
 0003:0000b350       ?_Nil@?$_Tree@V?$basic_string@DU?$char_traits@D@std@@V?$allocator@D@2@@std@@U?$pair@$$CBV?$basic_string@DU?$char_traits@D@std@@V?$allocator@D@2@@std@@PAX@2@U_Kfn@?$map@V?$basic_string@DU?$char_traits@D@std@@V?$allocator@D@2@@std@@PAXU?$less@V?$basic_string@DU?$char_traits@D@std@@V?$allocator@D@2@@std@@@2@V?$allocator@PAX@2@@2@U?$less@V?$basic_string@DU?$char_traits@D@std@@V?$allocator@D@2@@std@@@2@V?$allocator@PAX@2@@std@@1PAU_Node@12@A 004a3350     UiBase.obj
 0003:0000b358       ?g_bDisconnect@@3HA        004a3358     UiShell.obj
 0003:0000b360       ?TWinSock@@3HA             004a3360     S3Client.obj
 0003:0000b368       ?TWsaData@@3UWSAData@@A    004a3368     S3Client.obj
 0003:0000b4f8       ?g_ClientCallback@@3UKClientCallback@@A 004a34f8     S3Client.obj
 0003:0000b500       ?g_ChatFilter@@3VCChatFilter@@A 004a3500     S3Client.obj
 0003:0000b508       ?g_libFilterText@@3VCFilterTextLib@@A 004a3508     S3Client.obj
 0003:0000b510       ?g_PakList@@3VKPakList@@A  004a3510     S3Client.obj
 0003:0000b594       ?hInst@@3PAUHINSTANCE__@@A 004a3594     S3Client.obj
 0003:0000b598       ?MyApp@@3VKMyApp@@A        004a3598     S3Client.obj
 0003:0000b6c0       ?g_pRepresentShell@@3PAUiRepresentShell@@A 004a36c0     S3Client.obj
 0003:0000b6c4       ?g_pIInlinePicSink@@3PAUIInlinePicEngineSink@@A 004a36c4     S3Client.obj
 0003:0000b6c8       ?g_pCoreShell@@3PAUiCoreShell@@A 004a36c8     S3Client.obj
 0003:0000b6cc       ?g_pMusic@@3PAVKMusic@@A   004a36cc     S3Client.obj
 0003:0000b6d4       ?g_bRepresent3@@3HA        004a36d4     S3Client.obj
 0003:0000b6d8       ?TIpDoing@@3PADA           004a36d8     S3Client.obj
 0003:0000b6f8       ?TPortDoing@@3HA           004a36f8     S3Client.obj
 0003:0000b6fc       ?TDoing@@3HA               004a36fc     S3Client.obj
 0003:0000b700       ?TKey@@3HA                 004a3700     S3Client.obj
 0003:0000b704       ?TBlock@@3KA               004a3704     S3Client.obj
 0003:0000b708       ?TIMode@@3KA               004a3708     S3Client.obj
 0003:0000b70c       ?TSize@@3HA                004a370c     S3Client.obj
 0003:0000b710       ?bCheckExit@@3HA           004a3710     S3Client.obj
 0003:0000b718       ?g_NetConnectAgent@@3VKNetConnectAgent@@A 004a3718     NetConnectAgent.obj
 0003:0000bb78       ?ChildCount@@3HA           004a3b78     Login.obj
 0003:0000bb80       ?g_LoginLogic@@3VKLogin@@A 004a3b80     Login.obj
 0003:0000bcfc       __dowildcard               004a3cfc     MSVCRT:wildcard.obj
 0003:0000bd00       __newmode                  004a3d00     MSVCRT:_newmode.obj
 0003:0000bd04       __commode                  004a3d04     MSVCRT:xncommod.obj
 0003:0000bd08       __fmode                    004a3d08     MSVCRT:xtxtmode.obj
 0003:0000bd0c       __adjust_fdiv              004a3d0c     <common>
 0003:0000bd10       ___onexitend               004a3d10     <common>
 0003:0000bd14       ___onexitbegin             004a3d14     <common>

 entry point at        0001:0007c32a

 Static symbols

 0001:00079d30       _$E55                      0047ad30 f   Login.obj
 0001:00079d40       _$E52                      0047ad40 f   Login.obj
 0001:00079d50       _$E54                      0047ad50 f   Login.obj
 0001:00079d60       _$E53                      0047ad60 f   Login.obj
 0001:00079e00       _$E58                      0047ae00 f   Login.obj
 0001:00079e10       _$E57                      0047ae10 f   Login.obj
 0001:000792d0       _$E33                      0047a2d0 f   NetConnectAgent.obj
 0001:000792e0       _$E30                      0047a2e0 f   NetConnectAgent.obj
 0001:000792f0       _$E32                      0047a2f0 f   NetConnectAgent.obj
 0001:00079300       _$E31                      0047a300 f   NetConnectAgent.obj
 0001:00078440       _$E55                      00479440 f   S3Client.obj
 0001:00078450       _$E52                      00479450 f   S3Client.obj
 0001:00078460       _$E54                      00479460 f   S3Client.obj
 0001:00078470       _$E53                      00479470 f   S3Client.obj
 0001:00078500       _$E60                      00479500 f   S3Client.obj
 0001:00078510       _$E57                      00479510 f   S3Client.obj
 0001:00078520       _$E59                      00479520 f   S3Client.obj
 0001:00078530       _$E58                      00479530 f   S3Client.obj
 0001:00078540       _$E65                      00479540 f   S3Client.obj
 0001:00078550       _$E62                      00479550 f   S3Client.obj
 0001:00078560       _$E64                      00479560 f   S3Client.obj
 0001:00078570       _$E63                      00479570 f   S3Client.obj
 0001:00078580       _$E70                      00479580 f   S3Client.obj
 0001:00078590       _$E67                      00479590 f   S3Client.obj
 0001:000785a0       _$E69                      004795a0 f   S3Client.obj
 0001:000785b0       _$E68                      004795b0 f   S3Client.obj
 0001:000785c0       _$E73                      004795c0 f   S3Client.obj
 0001:000785d0       _$E72                      004795d0 f   S3Client.obj
 0001:00073280       _$E95                      00474280 f   UiBase.obj
 0001:00073290       _$E92                      00474290 f   UiBase.obj
 0001:000732a0       _$E94                      004742a0 f   UiBase.obj
 0001:000732b0       _$E93                      004742b0 f   UiBase.obj
 0001:00073c60       ?_KSG_GetWindowVersion@@YAHXZ 00474c60 f   UiBase.obj
 0001:00075170       _$E98                      00476170 f   UiBase.obj
 0001:00075180       _$E97                      00476180 f   UiBase.obj
 0001:0006ab40       _$E126                     0046bb40 f   ShortcutKey.obj
 0001:0006ab50       _$E122                     0046bb50 f   ShortcutKey.obj
 0001:0006ab60       _$E125                     0046bb60 f   ShortcutKey.obj
 0001:0006ab70       _$E123                     0046bb70 f   ShortcutKey.obj
 0001:0006ab90       _$E131                     0046bb90 f   ShortcutKey.obj
 0001:0006aba0       _$E128                     0046bba0 f   ShortcutKey.obj
 0001:0006abc0       _$E130                     0046bbc0 f   ShortcutKey.obj
 0001:0006abd0       _$E129                     0046bbd0 f   ShortcutKey.obj
 0001:0006d070       _$E136                     0046e070 f   ShortcutKey.obj
 0001:000708e0       _$E139                     004718e0 f   ShortcutKey.obj
 0001:00068fc0       _$E124                     00469fc0 f   GameSpaceChangedNotify.obj
 0001:00068fd0       _$E121                     00469fd0 f   GameSpaceChangedNotify.obj
 0001:00068ff0       _$E123                     00469ff0 f   GameSpaceChangedNotify.obj
 0001:00069000       _$E122                     0046a000 f   GameSpaceChangedNotify.obj
 0001:00069010       _$E127                     0046a010 f   GameSpaceChangedNotify.obj
 0001:00069020       _$E126                     0046a020 f   GameSpaceChangedNotify.obj
 0001:0005d620       _$E40                      0045e620 f   UiStrengthRank.obj
 0001:0005d630       _$E36                      0045e630 f   UiStrengthRank.obj
 0001:0005d660       _$E39                      0045e660 f   UiStrengthRank.obj
 0001:0005d670       _$E37                      0045e670 f   UiStrengthRank.obj
 0001:0005d7b0       _$E45                      0045e7b0 f   UiStrengthRank.obj
 0001:0005d7c0       _$E42                      0045e7c0 f   UiStrengthRank.obj
 0001:0005d7f0       _$E44                      0045e7f0 f   UiStrengthRank.obj
 0001:0005d800       _$E43                      0045e800 f   UiStrengthRank.obj
 0001:0005d940       _$E50                      0045e940 f   UiStrengthRank.obj
 0001:0005d950       _$E47                      0045e950 f   UiStrengthRank.obj
 0001:0005d960       _$E49                      0045e960 f   UiStrengthRank.obj
 0001:0005d970       _$E48                      0045e970 f   UiStrengthRank.obj
 0001:00051b30       _$E76                      00452b30 f   UiGame.obj
 0001:00051b40       _$E73                      00452b40 f   UiGame.obj
 0001:00051b50       _$E75                      00452b50 f   UiGame.obj
 0001:00051b60       _$E74                      00452b60 f   UiGame.obj
 0001:00047270       _$E7                       00448270 f   UiInformation2.obj
 0001:00047280       _$E4                       00448280 f   UiInformation2.obj
 0001:00047290       _$E6                       00448290 f   UiInformation2.obj
 0001:000472a0       _$E5                       004482a0 f   UiInformation2.obj
 0001:00046d30       _$E7                       00447d30 f   UiInformation.obj
 0001:00046d40       _$E4                       00447d40 f   UiInformation.obj
 0001:00046d50       _$E6                       00447d50 f   UiInformation.obj
 0001:00046d60       _$E5                       00447d60 f   UiInformation.obj
 0001:00045450       _$E37                      00446450 f   UiChatPhrase.obj
 0001:00045460       _$E34                      00446460 f   UiChatPhrase.obj
 0001:00045470       _$E36                      00446470 f   UiChatPhrase.obj
 0001:00045480       _$E35                      00446480 f   UiChatPhrase.obj
 0001:0003d100       _$E56                      0043e100 f   UiChatCentre.obj
 0001:0003d110       _$E55                      0043e110 f   UiChatCentre.obj
 0001:0000cbe0       _$E55                      0040dbe0 f   Wnds.obj
 0001:0000cbf0       _$E52                      0040dbf0 f   Wnds.obj
 0001:0000cce0       _$E54                      0040dce0 f   Wnds.obj
 0001:0000ccf0       _$E53                      0040dcf0 f   Wnds.obj
 0001:0000d460       ?Wnd_GetActive@@YAPAVKWndWindow@@HH_N@Z 0040e460 f   Wnds.obj
 0001:00004a70       _$E4                       00405a70 f   WndEdit.obj
 0001:00004a80       _$E1                       00405a80 f   WndEdit.obj
 0001:00004a90       _$E3                       00405a90 f   WndEdit.obj
 0001:00004aa0       _$E2                       00405aa0 f   WndEdit.obj
 0001:000001e0       _$E25                      004011e0 f   MouseHover.obj
 0001:000001f0       _$E24                      004011f0 f   MouseHover.obj
 0001:000000b0       _$E2                       004010b0 f   ComWindow.obj
 0001:000000c0       _$E1                       004010c0 f   ComWindow.obj
 0001:0007c244       ?ArrayUnwindFilter@@YAHPAU_EXCEPTION_POINTERS@@@Z 0047d244 f   MSVCRT:ehvecdtr.obj
