 CoreClient

 Timestamp is 6742065e (Sat Nov 23 23:44:14 2024)

 Preferred load address is 10000000

 Start         Length     Name                   Class
 0001:00000000 000b22daH .text                   CODE
 0001:000b22e0 000015c1H .text$x                 CODE
 0002:00000000 00000338H .idata$5                DATA
 0002:00000338 00005725H .rdata                  DATA
 0002:00005a60 00000044H .rdata$r                DATA
 0002:00005aa8 00001928H .xdata$x                DATA
 0002:000073d0 0000008cH .idata$2                DATA
 0002:0000745c 00000014H .idata$3                DATA
 0002:00007470 00000338H .idata$4                DATA
 0002:000077a8 000015dcH .idata$6                DATA
 0002:00008d90 0000171fH .edata                  DATA
 0003:00000000 00000004H .CRT$XCA                DATA
 0003:00000004 000000b0H .CRT$XCU                DATA
 0003:000000b4 00000004H .CRT$XCZ                DATA
 0003:000000b8 00000004H .CRT$XIA                DATA
 0003:000000bc 00000004H .CRT$XIZ                DATA
 0003:000000c0 0000da10H .data                   DATA
 0003:0000dad0 00ead87cH .bss                    DATA

  Address         Publics by Value              Rva+Base     Lib:Object

 0001:00000000       ?GetMoney@KInventory@@QAEHXZ 10001000 f i KThiefSkill.obj
 0001:00000020       ?SetMoney@KInventory@@QAEHH@Z 10001020 f i KThiefSkill.obj
 0001:00000050       ??4KInventory@@QAEAAV0@ABV0@@Z 10001050 f i KThiefSkill.obj
 0001:00000090       ?GetEquipment@KItemList@@QAEHH@Z 10001090 f i KThiefSkill.obj
 0001:000000b0       ?GetItemPGBox@KItemList@@QAEHH@Z 100010b0 f i KThiefSkill.obj
 0001:000000d0       ?GetMoney@KItemList@@QAEHH@Z 100010d0 f i KThiefSkill.obj
 0001:00000110       ?Hand@KItemList@@QAEHXZ    10001110 f i KThiefSkill.obj
 0001:00000130       ?GetMaskLock@KItemList@@QAEHXZ 10001130 f i KThiefSkill.obj
 0001:00000150       ?IsLockOperation@KItemList@@QAEHXZ 10001150 f i KThiefSkill.obj
 0001:00000170       ??4KItemList@@QAEAAV0@ABV0@@Z 10001170 f i KThiefSkill.obj
 0001:000001a0       ??0KThiefSkill@@QAE@XZ     100011a0 f   KThiefSkill.obj
 0001:00000225       ??1KThiefSkill@@UAE@XZ     10001225 f   KThiefSkill.obj
 0001:00000252       ?GetSkillId@KThiefSkill@@UAEHXZ 10001252 f   KThiefSkill.obj
 0001:00000269       ?GetSkillName@KThiefSkill@@UAEPBDXZ 10001269 f   KThiefSkill.obj
 0001:00000281       ?GetSkillStyle@KThiefSkill@@UAEHXZ 10001281 f   KThiefSkill.obj
 0001:00000298       ?LoadSkillLevelData@KThiefSkill@@UAEXKH@Z 10001298 f   KThiefSkill.obj
 0001:000002ac       ?DoSkill@KThiefSkill@@QAEHPAVKNpc@@HH@Z 100012ac f   KThiefSkill.obj
 0001:000003ce       ?Cast@KThiefSkill@@QAEHPAVKPlayer@@0@Z 100013ce f   KThiefSkill.obj
 0001:000003e7       ?OnSkill@KThiefSkill@@QAEHPAVKNpc@@@Z 100013e7 f   KThiefSkill.obj
 0001:000005ce       ?CanCastSkill@KThiefSkill@@UBEHHAAH0@Z 100015ce f   KThiefSkill.obj
 0001:000006be       ?GetDesc@KThiefSkill@@QAEXKKKPADH_N@Z 100016be f   KThiefSkill.obj
 0001:000006f1       ?LoadSetting@KThiefSkill@@QAEHPAD@Z 100016f1 f   KThiefSkill.obj
 0001:00000bd6       ?GetSkillCost@KThiefSkill@@UBEHPAX@Z 10001bd6 f   KThiefSkill.obj
 0001:00000d03       ?DrawSkillIcon@KThiefSkill@@UAEXHHHH@Z 10001d03 f   KThiefSkill.obj
 0001:00000df0       ?GetSkillCostType@KThiefSkill@@UBE?AW4NPCATTRIB@@XZ 10001df0 f i KThiefSkill.obj
 0001:00000e10       ?GetAttackRadius@KThiefSkill@@UBEHXZ 10001e10 f i KThiefSkill.obj
 0001:00000e30       ?IsTargetOnly@KThiefSkill@@UBEHXZ 10001e30 f i KThiefSkill.obj
 0001:00000e50       ?IsTargetEnemy@KThiefSkill@@UBEHXZ 10001e50 f i KThiefSkill.obj
 0001:00000e70       ?IsTargetAlly@KThiefSkill@@UBEHXZ 10001e70 f i KThiefSkill.obj
 0001:00000e90       ?IsTargetObj@KThiefSkill@@UBEHXZ 10001e90 f i KThiefSkill.obj
 0001:00000eb0       ?GetSkillReqLevel@ISkill@@UBEGXZ 10001eb0 f i KThiefSkill.obj
 0001:00000ed0       ?IsAura@ISkill@@UBEHXZ     10001ed0 f i KThiefSkill.obj
 0001:00000ef0       ?IsPhysical@ISkill@@UBEHXZ 10001ef0 f i KThiefSkill.obj
 0001:00000f10       ?IsSkillPhysical@ISkill@@UBEHXZ 10001f10 f i KThiefSkill.obj
 0001:00000f30       ?IsMelee@ISkill@@UBEHXZ    10001f30 f i KThiefSkill.obj
 0001:00000f50       ?IsUseAR@ISkill@@UBEHXZ    10001f50 f i KThiefSkill.obj
 0001:00000f70       ?IsSkillMagic@ISkill@@UBEHXZ 10001f70 f i KThiefSkill.obj
 0001:00000f90       ?GetSkillLevelUpScriptId@ISkill@@UBEKXZ 10001f90 f i KThiefSkill.obj
 0001:00000fb0       ??_EKThiefSkill@@UAEPAXI@Z 10001fb0 f i KThiefSkill.obj
 0001:00000fb0       ??_GKThiefSkill@@UAEPAXI@Z 10001fb0 f i KThiefSkill.obj
 0001:00000ff0       ??0ISkill@@QAE@XZ          10001ff0 f i KThiefSkill.obj
 0001:00001010       ??_GISkill@@UAEPAXI@Z      10002010 f i KThiefSkill.obj
 0001:00001010       ??_EISkill@@UAEPAXI@Z      10002010 f i KThiefSkill.obj
 0001:00001050       ??1ISkill@@UAE@XZ          10002050 f i KThiefSkill.obj
 0001:00001070       ?GetDelayPerCast@KThiefSkill@@QAEKXZ 10002070 f i KThiefSkill.obj
 0001:00001090       ?GetDelayPerCastHorse@KThiefSkill@@QAEKXZ 10002090 f i KThiefSkill.obj
 0001:000010b0       ??4KMapMusic@@QAEAAV0@ABV0@@Z 100020b0 f i KMissle.obj
 0001:000010e0       ?GetGameTime@KSubWorldSet@@QAEHXZ 100020e0 f i KMissle.obj
 0001:00001100       ?GetGameVersion@KSubWorldSet@@QAEHXZ 10002100 f i KMissle.obj
 0001:00001120       ?SetPing@KSubWorldSet@@QAEXK@Z 10002120 f i KMissle.obj
 0001:00001140       ?GetPing@KSubWorldSet@@QAEKXZ 10002140 f i KMissle.obj
 0001:00001160       ??4KSubWorldSet@@QAEAAV0@ABV0@@Z 10002160 f i KMissle.obj
 0001:00001190       ??1KSubWorldSet@@QAE@XZ    10002190 f i KMissle.obj
 0001:000011c0       ??0KMissleSet@@QAE@XZ      100021c0 f i KMissle.obj
 0001:00001240       ??4KMissleSet@@QAEAAV0@ABV0@@Z 10002240 f i KMissle.obj
 0001:00001280       ??1KMissleSet@@QAE@XZ      10002280 f i KMissle.obj
 0001:000013fc       ??0KMissle@@QAE@XZ         100023fc f   KMissle.obj
 0001:000015d0       ?Release@KMissle@@AAEXXZ   100025d0 f   KMissle.obj
 0001:000016e7       ??1KMissle@@UAE@XZ         100026e7 f   KMissle.obj
 0001:00001752       ?GetInfoFromTabFile@KMissle@@QAEHH@Z 10002752 f   KMissle.obj
 0001:0000179a       ?GetInfoFromTabFile@KMissle@@QAEHPAVKITabFile@@H@Z 1000279a f   KMissle.obj
 0001:0000218a       ?Init@KMissle@@AAEHHHHHH@Z 1000318a f   KMissle.obj
 0001:000021bb       ?Activate@KMissle@@QAEHXZ  100031bb f   KMissle.obj
 0001:0000265f       ?OnWait@KMissle@@AAEXXZ    1000365f f   KMissle.obj
 0001:00002671       ?OnCollision@KMissle@@AAEXXZ 10003671 f   KMissle.obj
 0001:00002683       ?CheckCollision@KMissle@@AAEHXZ 10003683 f   KMissle.obj
 0001:00002b55       ?OnFly@KMissle@@AAEXXZ     10003b55 f   KMissle.obj
 0001:00004060       ?OnVanish@KMissle@@AAEXXZ  10005060 f   KMissle.obj
 0001:00004072       ?Paint@KMissle@@QAEXXZ     10005072 f   KMissle.obj
 0001:0000422a       ?CheckBeyondRegion@KMissle@@AAEHHHHH@Z 1000522a f   KMissle.obj
 0001:00004889       ??4KMissle@@AAEAAV0@AAV0@@Z 10005889 f   KMissle.obj
 0001:00004cc5       ?ProcessDamage@KMissle@@AAEHH@Z 10005cc5 f   KMissle.obj
 0001:00004cdb       ?DoVanish@KMissle@@AAEXXZ  10005cdb f   KMissle.obj
 0001:00004e12       ?DoCollision@KMissle@@AAEXXZ 10005e12 f   KMissle.obj
 0001:00004fff       ?DoFly@KMissle@@AAEXXZ     10005fff f   KMissle.obj
 0001:0000502c       ?GetOffsetAxis@KMissle@@SAHHHHHHHAAH00@Z 1000602c f   KMissle.obj
 0001:00005168       ?ProcessCollision@KMissle@@AAEHHHHHHH@Z 10006168 f   KMissle.obj
 0001:00005596       ?ProcessCollision@KMissle@@AAEHXZ 10006596 f   KMissle.obj
 0001:00005600       ?CreateSpecialEffect@KMissle@@QAEHW4eMissleStatus@@HHHH@Z 10006600 f   KMissle.obj
 0001:00005855       ?CreateMissleForShow@KMissle@@SAHPAD00PAUTMissleForShow@@@Z 10006855 f   KMissle.obj
 0001:00005b35       ?GetLightInfo@KMissle@@QAEXPAUKLightInfo@@@Z 10006b35 f   KMissle.obj
 0001:00005bde       ?DoWait@KMissle@@AAEXXZ    10006bde f   KMissle.obj
 0001:00005c87       ?PrePareFly@KMissle@@AAEHXZ 10006c87 f   KMissle.obj
 0001:00005faa       ?CheckNearestCollision@KMissle@@AAEHXZ 10006faa f   KMissle.obj
 0001:000062ad       ?GetMpsPos@KMissle@@QAEXPAH0@Z 100072ad f   KMissle.obj
 0001:00006320       ??0KIndexNode@@QAE@XZ      10007320 f i KMissle.obj
 0001:00006370       ??0KNode@@QAE@XZ           10007370 f i KMissle.obj
 0001:000063b0       ??_EKNode@@UAEPAXI@Z       100073b0 f i KMissle.obj
 0001:000063b0       ??_GKNode@@UAEPAXI@Z       100073b0 f i KMissle.obj
 0001:000063f0       ??1KNode@@UAE@XZ           100073f0 f i KMissle.obj
 0001:00006410       ??_GKIndexNode@@UAEPAXI@Z  10007410 f i KMissle.obj
 0001:00006410       ??_EKIndexNode@@UAEPAXI@Z  10007410 f i KMissle.obj
 0001:00006450       ??1KIndexNode@@UAE@XZ      10007450 f i KMissle.obj
 0001:00006480       ??_EKMissle@@UAEPAXI@Z     10007480 f i KMissle.obj
 0001:00006480       ??_GKMissle@@UAEPAXI@Z     10007480 f i KMissle.obj
 0001:000064c0       ?IsMatch@KNpc@@QAEHK@Z     100074c0 f i KMissle.obj
 0001:000064f0       ?GetSkill@KSkillManager@@QAEPAVISkill@@HH@Z 100074f0 f i KMissle.obj
 0001:000065a0       ?FindNpc@KRegion@@QAEHHHHH@Z 100075a0 f i KMissle.obj
 0001:00006670       ?GetNext@KNode@@QAEPAV1@XZ 10007670 f i KMissle.obj
 0001:000066a0       ?GetHead@KList@@QAEPAVKNode@@XZ 100076a0 f i KMissle.obj
 0001:000066d0       ?g_DirSin@@YAHHH@Z         100076d0 f i KMissle.obj
 0001:00006710       ?g_DirCos@@YAHHH@Z         10007710 f i KMissle.obj
 0001:00006750       ?g_GetDirIndex@@YAHHHHH@Z  10007750 f i KMissle.obj
 0001:00006820       ?g_GetDistance@@YAHHHHH@Z  10007820 f i KMissle.obj
 0001:00006880       ?Send@KWorldMsg@@QAEHKHHH@Z 10007880 f i KMissle.obj
 0001:00006960       ?AddTail@KList@@QAEXPAVKNode@@@Z 10007960 f i KMissle.obj
 0001:00006990       ?InsertBefore@KNode@@QAEXPAV1@@Z 10007990 f i KMissle.obj
 0001:00006a10       ??0KWorldMsgNode@@QAE@XZ   10007a10 f i KMissle.obj
 0001:00006a40       ??_EKWorldMsgNode@@UAEPAXI@Z 10007a40 f i KMissle.obj
 0001:00006a40       ??_GKWorldMsgNode@@UAEPAXI@Z 10007a40 f i KMissle.obj
 0001:00006a80       ??1KWorldMsgNode@@UAE@XZ   10007a80 f i KMissle.obj
 0001:00006ab0       ?ZAxisMove@KMissle@@AAEXXZ 10007ab0 f i KMissle.obj
 0001:00006b20       ?TestBarrier@KMissle@@AAEHXZ 10007b20 f i KMissle.obj
 0001:00006bc0       ?g_DirIndex2Dir@@YAHHH@Z   10007bc0 f i KMissle.obj
 0001:00006c00       ?SpecialMovieIsAllEnd@KMissleRes@@QAEHXZ 10007c00 f i KMissle.obj
 0001:00006c40       ??0KSkillSpecialNode@@QAE@XZ 10007c40 f i KMissle.obj
 0001:00006c80       ??_EKSkillSpecialNode@@UAEPAXI@Z 10007c80 f i KMissle.obj
 0001:00006c80       ??_GKSkillSpecialNode@@UAEPAXI@Z 10007c80 f i KMissle.obj
 0001:00006cc0       ??1KSkillSpecialNode@@UAE@XZ 10007cc0 f i KMissle.obj
 0001:00006d10       ?g_Dir2DirIndex@@YAHHH@Z   10007d10 f i KMissle.obj
 0001:00006d50       ?KSG_StringGetInt@@YAHPAPADH@Z 10007d50 f i KMissle.obj
 0001:00006d80       ?KSG_StringSkipSymbol@@YA_NPAPADH@Z 10007d80 f i KMissle.obj
 0001:00006db0       ??0KMissleRes@@QAE@XZ      10007db0 f   KMissleRes.obj
 0001:00006ee9       ??1KMissleRes@@QAE@XZ      10007ee9 f   KMissleRes.obj
 0001:00006fc3       ?LoadResource@KMissleRes@@QAEXHPAD0@Z 10007fc3 f   KMissleRes.obj
 0001:0000701e       ?Init@KMissleRes@@QAEHXZ   1000801e f   KMissleRes.obj
 0001:00007047       ?Remove@KMissleRes@@QAEXXZ 10008047 f   KMissleRes.obj
 0001:00007059       ?Clear@KMissleRes@@QAEXXZ  10008059 f   KMissleRes.obj
 0001:0000715e       ?Draw@KMissleRes@@QAEHHHHHHHH@Z 1000815e f   KMissleRes.obj
 0001:00007607       ?PlaySoundA@KMissleRes@@QAEXHHHH@Z 10008607 f   KMissleRes.obj
 0001:00007738       ?GetSndVolume@KMissleRes@@QAEHH@Z 10008738 f   KMissleRes.obj
 0001:0000777b       ?StopSound@KMissleRes@@QAEXXZ 1000877b f   KMissleRes.obj
 0001:00007840       ??0KList@@QAE@XZ           10008840 f i KMissleRes.obj
 0001:000078c0       ??1KList@@QAE@XZ           100088c0 f i KMissleRes.obj
 0001:00007920       ?GetTail@KList@@QAEPAVKNode@@XZ 10008920 f i KMissleRes.obj
 0001:00007950       ?GetPrev@KNode@@QAEPAV1@XZ 10008950 f i KMissleRes.obj
 0001:00007980       ?RemoveTail@KList@@QAEPAVKNode@@XZ 10008980 f i KMissleRes.obj
 0001:000079d0       ?Remove@KNode@@QAEXXZ      100089d0 f i KMissleRes.obj
 0001:00007a80       ?RemoveHead@KList@@QAEPAVKNode@@XZ 10008a80 f i KMissleRes.obj
 0001:00007ad0       ?GetSndVolume@KOption@@QAEHXZ 10008ad0 f i KMissleRes.obj
 0001:00007b4b       ?Init@KMissleSet@@QAEXXZ   10008b4b f   KMissleSet.obj
 0001:00007be5       ?FindFree@KMissleSet@@QAEHXZ 10008be5 f   KMissleSet.obj
 0001:00007c17       ?Add@KMissleSet@@QAEHHHHHHH@Z 10008c17 f   KMissleSet.obj
 0001:00007d17       ?Add@KMissleSet@@QAEHHHH@Z 10008d17 f   KMissleSet.obj
 0001:00007f1a       ?CreateMissile@KMissleSet@@QAEHHHHHHHHH@Z 10008f1a f   KMissleSet.obj
 0001:00007f74       ?Activate@KMissleSet@@QAEHXZ 10008f74 f   KMissleSet.obj
 0001:00007fcf       ?Remove@KMissleSet@@QAEXH@Z 10008fcf f   KMissleSet.obj
 0001:0000808c       ?Draw@KMissleSet@@QAEXXZ   1000908c f   KMissleSet.obj
 0001:000080e2       ?GetCount@KMissleSet@@QAEHXZ 100090e2 f   KMissleSet.obj
 0001:00008146       ?ClearMissles@KMissleSet@@QAEXXZ 10009146 f   KMissleSet.obj
 0001:000081c0       ??0KSkillList@@QAE@XZ      100091c0 f   KSkillList.obj
 0001:0000824a       ??1KSkillList@@QAE@XZ      1000924a f   KSkillList.obj
 0001:0000825c       ?FindSame@KSkillList@@QAEHH@Z 1000925c f   KSkillList.obj
 0001:000082c3       ?FindFree@KSkillList@@QAEHXZ 100092c3 f   KSkillList.obj
 0001:0000830f       ?GetCount@KSkillList@@QAEHXZ 1000930f f   KSkillList.obj
 0001:0000836e       ?SetSkillLevel@KSkillList@@QAEXHH@Z 1000936e f   KSkillList.obj
 0001:000083d0       ?SetLevel@KSkillList@@QAEHHH@Z 100093d0 f   KSkillList.obj
 0001:0000843f       ?GetSkillIdx@KSkillList@@QAEHH@Z 1000943f f   KSkillList.obj
 0001:0000848c       ?UpdateAddDameSkillLevel@KSkillList@@QAEXXZ 1000948c f   KSkillList.obj
 0001:000085f1       ?UpdateMagicAddSkillLevel@KSkillList@@QAEXXZ 100095f1 f   KSkillList.obj
 0001:0000876b       ?IncreaseLevel@KSkillList@@QAEHHH@Z 1000976b f   KSkillList.obj
 0001:00008914       ?Add@KSkillList@@QAEHHHHH@Z 10009914 f   KSkillList.obj
 0001:00008b88       ?GetLevel@KSkillList@@QAEHH@Z 10009b88 f   KSkillList.obj
 0001:00008c23       ?GetCurrentLevel@KSkillList@@QAEHH@Z 10009c23 f   KSkillList.obj
 0001:00008c7a       ?CanCast@KSkillList@@QAEHHK@Z 10009c7a f   KSkillList.obj
 0001:00008cef       ?SetNextCastTime@KSkillList@@QAEXHK@Z 10009cef f   KSkillList.obj
 0001:00008d45       ?SetBeginCastTime@KSkillList@@QAEXHK@Z 10009d45 f   KSkillList.obj
 0001:00008d9b       ?GetNextCastTime@KSkillList@@QAEKH@Z 10009d9b f   KSkillList.obj
 0001:00008df4       ?GetBeginCastTime@KSkillList@@QAEKH@Z 10009df4 f   KSkillList.obj
 0001:00008e4d       ?GetSkillSortList@KSkillList@@QAEHPAUKUiSkillData@@@Z 10009e4d f   KSkillList.obj
 0001:0000906c       ?GetLeftSkillSortList@KSkillList@@QAEHPAUKUiSkillData@@@Z 1000a06c f   KSkillList.obj
 0001:0000929e       ?GetRightSkillSortList@KSkillList@@QAEHPAUKUiSkillData@@@Z 1000a29e f   KSkillList.obj
 0001:000094c3       ?GetSkillState@KSkillList@@QAEHH@Z 1000a4c3 f   KSkillList.obj
 0001:00009767       ?GetSkillFight@KSkillList@@QAEHH@Z 1000a767 f   KSkillList.obj
 0001:00009a2d       ?FindSkillAura@KSkillList@@QAEHH@Z 1000aa2d f   KSkillList.obj
 0001:00009c22       ?GetSkillPosition@KSkillList@@QAEHH@Z 1000ac22 f   KSkillList.obj
 0001:00009de0       ?GetSkillLRInfo@KSkill@@QBE?AW4eSkillLRInfo@@XZ 1000ade0 f i KSkillList.obj
 0001:00009e00       ?IsTargetSelf@KSkill@@QBEHXZ 1000ae00 f i KSkillList.obj
 0001:00009e20       ?IsAbs@KSkill@@QBEHXZ      1000ae20 f i KSkillList.obj
 0001:00009ecb       ??0KSkillManager@@QAE@XZ   1000aecb f   KSkillManager.obj
 0001:00009ee0       ??1KSkillManager@@QAE@XZ   1000aee0 f   KSkillManager.obj
 0001:00009fd8       ?Init@KSkillManager@@QAEHXZ 1000afd8 f   KSkillManager.obj
 0001:0000a315       ?InstanceSkill@KSkillManager@@AAEPAVISkill@@KK@Z 1000b315 f   KSkillManager.obj
 0001:0000a610       ??4KSkill@@QAEAAV0@ABV0@@Z 1000b610 f i KSkillManager.obj
 0001:0000adc0       ??4ISkill@@QAEAAV0@ABV0@@Z 1000bdc0 f i KSkillManager.obj
 0001:0000ade0       ?SetSkillId@KSkill@@QAEXH@Z 1000bde0 f i KSkillManager.obj
 0001:0000ae00       ?SetSkillLevel@KSkill@@QAEXK@Z 1000be00 f i KSkillManager.obj
 0001:0000ae20       ?GetSkillStyle@KSkillManager@@AAEHK@Z 1000be20 f i KSkillManager.obj
 0001:0000ae60       ??0KSkill@@QAE@XZ          1000be60 f   KSkills.obj
 0001:0000b02a       ??1KSkill@@UAE@XZ          1000c02a f   KSkills.obj
 0001:0000b057       ?CanCastSkill@KSkill@@UBEHHAAH0@Z 1000c057 f   KSkills.obj
 0001:0000b31e       ?Cast@KSkill@@QBEHHHHHW4eSkillLauncherType@@@Z 1000c31e f   KSkills.obj
 0001:0000b5af       ?Vanish@KSkill@@ABEXPAVKMissle@@@Z 1000c5af f   KSkills.obj
 0001:0000b5db       ?OnMissleEvent@KSkill@@QBEHGPAVKMissle@@@Z 1000c5db f   KSkills.obj
 0001:0000b91d       ?FlyEvent@KSkill@@ABEXPAVKMissle@@@Z 1000c91d f   KSkills.obj
 0001:0000b949       ?Collidsion@KSkill@@ABEXPAVKMissle@@@Z 1000c949 f   KSkills.obj
 0001:0000b975       ?CastMissles@KSkill@@ABEHHHHHW4eSkillLauncherType@@@Z 1000c975 f   KSkills.obj
 0001:0000d134       ?CastZoneZ@KSkill@@ABEHPAUTOrdinSkillParam@@HHH@Z 1000e134 f   KSkills.obj
 0001:0000d63b       ?CastZone@KSkill@@ABEHPAUTOrdinSkillParam@@HHH@Z 1000e63b f   KSkills.obj
 0001:0000dbe8       ?CastLine@KSkill@@ABEHPAUTOrdinSkillParam@@HHH@Z 1000ebe8 f   KSkills.obj
 0001:0000e037       ?CastExtractiveLineMissle@KSkill@@ABEHPAUTOrdinSkillParam@@HHHHHHH@Z 1000f037 f   KSkills.obj
 0001:0000e4ec       ?CastWall@KSkill@@ABEHPAUTOrdinSkillParam@@HHH@Z 1000f4ec f   KSkills.obj
 0001:0000e9b7       ?CastCircle@KSkill@@ABEHPAUTOrdinSkillParam@@HHH@Z 1000f9b7 f   KSkills.obj
 0001:0000ee51       ?CastSpread@KSkill@@ABEHPAUTOrdinSkillParam@@HHH@Z 1000fe51 f   KSkills.obj
 0001:0000f6c8       ?GetChildSkillNum@KSkill@@QBEHH@Z 100106c8 f   KSkills.obj
 0001:0000f6e5       ?CreateMissle@KSkill@@ABEXHHH@Z 100106e5 f   KSkills.obj
 0001:0000faa3       ?GetInfoFromTabFile@KSkill@@QAEHH@Z 10010aa3 f   KSkills.obj
 0001:0000fae2       ?GetInfoFromTabFile@KSkill@@QAEHPAVKITabFile@@H@Z 10010ae2 f   KSkills.obj
 0001:0001057d       ?LoadSkillLevelData@KSkill@@UAEXKH@Z 1001157d f   KSkills.obj
 0001:00010b04       ?GetMissleGenerateTime@KSkill@@QBEIH@Z 10011b04 f   KSkills.obj
 0001:00010cc6       ?GetSkillIdFromName@KSkill@@SAHPAD@Z 10011cc6 f   KSkills.obj
 0001:00010d55       ?CastInitiativeSkill@KSkill@@ABEHHHHH@Z 10011d55 f   KSkills.obj
 0001:00010d6e       ?CastPassivitySkill@KSkill@@ABEHHHHH@Z 10011d6e f   KSkills.obj
 0001:00010d87       ?ParseString2MagicAttrib@KSkill@@AAEHKPAD0@Z 10011d87 f   KSkills.obj
 0001:0001185a       ?DrawSkillIcon@KSkill@@UAEXHHHH@Z 1001285a f   KSkills.obj
 0001:00011a3e       ?GetDesc@KSkill@@SAXKKKPADH_N@Z 10012a3e f   KSkills.obj
 0001:000120ca       ?GetDescAboutLevel@KSkill@@QAEXPADHH@Z 100130ca f   KSkills.obj
 0001:00014228       ?PlayPreCastSound@KSkill@@QBEXHHH@Z 10015228 f   KSkills.obj
 0001:00014350       ??0KMagicAttrib@@QAE@XZ    10015350 f i KSkills.obj
 0001:00014390       ?IsTargetOnly@KSkill@@UBEHXZ 10015390 f i KSkills.obj
 0001:000143b0       ?IsTargetEnemy@KSkill@@UBEHXZ 100153b0 f i KSkills.obj
 0001:000143d0       ?IsTargetAlly@KSkill@@UBEHXZ 100153d0 f i KSkills.obj
 0001:000143f0       ?IsTargetObj@KSkill@@UBEHXZ 100153f0 f i KSkills.obj
 0001:00014410       ?GetSkillReqLevel@KSkill@@UBEGXZ 10015410 f i KSkills.obj
 0001:00014430       ?GetSkillName@KSkill@@UAEPBDXZ 10015430 f i KSkills.obj
 0001:00014450       ?GetSkillStyle@KSkill@@UAEHXZ 10015450 f i KSkills.obj
 0001:00014470       ?GetAttackRadius@KSkill@@UBEHXZ 10015470 f i KSkills.obj
 0001:00014490       ?GetSkillCost@KSkill@@UBEHPAX@Z 10015490 f i KSkills.obj
 0001:000144b0       ?GetSkillCostType@KSkill@@UBE?AW4NPCATTRIB@@XZ 100154b0 f i KSkills.obj
 0001:000144d0       ?GetSkillId@KSkill@@UAEHXZ 100154d0 f i KSkills.obj
 0001:000144f0       ?IsAura@KSkill@@UBEHXZ     100154f0 f i KSkills.obj
 0001:00014510       ?IsPhysical@KSkill@@UBEHXZ 10015510 f i KSkills.obj
 0001:00014530       ?IsMelee@KSkill@@UBEHXZ    10015530 f i KSkills.obj
 0001:00014550       ?IsUseAR@KSkill@@UBEHXZ    10015550 f i KSkills.obj
 0001:00014570       ?IsSkillPhysical@KSkill@@UBEHXZ 10015570 f i KSkills.obj
 0001:00014590       ?IsSkillMagic@KSkill@@UBEHXZ 10015590 f i KSkills.obj
 0001:000145b0       ??_EKSkill@@UAEPAXI@Z      100155b0 f i KSkills.obj
 0001:000145b0       ??_GKSkill@@UAEPAXI@Z      100155b0 f i KSkills.obj
 0001:000145f0       ??_H@YGXPAXIHP6EX0@Z@Z     100155f0 f i KSkills.obj
 0001:00014630       ?Param2PCoordinate@KSkill@@ABEHHHHPAH0W4eSkillLauncherType@@@Z 10015630 f i KSkills.obj
 0001:000147a0       ?MagicAttrib2String@KSkill@@ABEPBDH@Z 100157a0 f i KSkills.obj
 0001:000147d0       ?GetDelayPerCast@KSkill@@QBEHXZ 100157d0 f i KSkills.obj
 0001:000147f0       ?GetDelayPerCastHorse@KSkill@@QBEHXZ 100157f0 f i KSkills.obj
 0001:00014810       ?GetStateAttribs@KSkill@@QAEPAUKMagicAttrib@@XZ 10015810 f i KSkills.obj
 0001:00014830       ?GetStateAttribsNum@KSkill@@QAEHXZ 10015830 f i KSkills.obj
 0001:000148ab       ??0KSkillSpecial@@QAE@XZ   100158ab f   KSkillSpecial.obj
 0001:00014944       ?Init@KSkillSpecial@@QAEHXZ 10015944 f   KSkillSpecial.obj
 0001:0001496f       ?Draw@KSkillSpecial@@QAEXH@Z 1001596f f   KSkillSpecial.obj
 0001:00014bc9       ?SetAnimation@KSkillSpecial@@QAEXPADI@Z 10015bc9 f   KSkillSpecial.obj
 0001:00014c0c       ?Remove@KSkillSpecial@@QAEXXZ 10015c0c f   KSkillSpecial.obj
 0001:00014c9e       ??0KNpc@@QAE@XZ            10015c9e f   KNpc.obj
 0001:00014dcd       ?DoMove@KNpc@@QAEXHHH@Z    10015dcd f   KNpc.obj
 0001:00014e3b       ?AutoMove@KNpc@@QAE_NAAH0HHH@Z 10015e3b f   KNpc.obj
 0001:00014f38       ?Init@KNpc@@QAEXXZ         10015f38 f   KNpc.obj
 0001:0001583b       ?GetActiveSkill@KNpc@@QAEPAVISkill@@XZ 1001683b f   KNpc.obj
 0001:000158e0       ?SetCurrentCamp@KNpc@@QAEXH@Z 100168e0 f   KNpc.obj
 0001:00015900       ?SetCamp@KNpc@@QAEXH@Z     10016900 f   KNpc.obj
 0001:00015920       ?RestoreCurrentCamp@KNpc@@QAEXXZ 10016920 f   KNpc.obj
 0001:00015944       ?Activate@KNpc@@QAEXXZ     10016944 f   KNpc.obj
 0001:00015e39       ?ProcStatus@KNpc@@QAEXXZ   10016e39 f   KNpc.obj
 0001:00015fc4       ?RunWalkStopCmd@KNpc@@QAEXXZ 10016fc4 f   KNpc.obj
 0001:00016024       ?ProcCommand@KNpc@@QAEXH@Z 10017024 f   KNpc.obj
 0001:00016348       ?ProcessState@KNpc@@QAEHXZ 10017348 f   KNpc.obj
 0001:0001696e       ?DoRide@KNpc@@AAEXXZ       1001796e f   KNpc.obj
 0001:00016980       ?DoDeath@KNpc@@AAEXHH@Z    10017980 f   KNpc.obj
 0001:00016b5f       ?OnDeath@KNpc@@AAEXXZ      10017b5f f   KNpc.obj
 0001:00016cbb       ?DoDefense@KNpc@@AAEXXZ    10017cbb f   KNpc.obj
 0001:00016cda       ?OnDefense@KNpc@@AAEXXZ    10017cda f   KNpc.obj
 0001:00016cec       ?DoIdle@KNpc@@AAEXXZ       10017cec f   KNpc.obj
 0001:00016d19       ?OnIdle@KNpc@@AAEXXZ       10017d19 f   KNpc.obj
 0001:00016d2b       ?DoHurt@KNpc@@AAEXHHHH@Z   10017d2b f   KNpc.obj
 0001:00016e3d       ?OnHurt@KNpc@@AAEXXZ       10017e3d f   KNpc.obj
 0001:00017139       ?DoSpecial1@KNpc@@AAEXXZ   10018139 f   KNpc.obj
 0001:0001715d       ?OnSpecial1@KNpc@@AAEXXZ   1001815d f   KNpc.obj
 0001:00017262       ?DoSpecial2@KNpc@@AAEXXZ   10018262 f   KNpc.obj
 0001:00017274       ?OnSpecial2@KNpc@@AAEXXZ   10018274 f   KNpc.obj
 0001:00017340       ?DoSpecial3@KNpc@@AAEXXZ   10018340 f   KNpc.obj
 0001:00017352       ?OnSpecial3@KNpc@@AAEXXZ   10018352 f   KNpc.obj
 0001:00017364       ?DoSpecial4@KNpc@@AAEXXZ   10018364 f   KNpc.obj
 0001:00017376       ?OnSpecial4@KNpc@@AAEXXZ   10018376 f   KNpc.obj
 0001:00017388       ?DoStand@KNpc@@QAEXXZ      10018388 f   KNpc.obj
 0001:0001746c       ?OnStand@KNpc@@AAEXXZ      1001846c f   KNpc.obj
 0001:000174e6       ?DoRevive@KNpc@@AAEXXZ     100184e6 f   KNpc.obj
 0001:00017634       ?OnRevive@KNpc@@AAEXXZ     10018634 f   KNpc.obj
 0001:0001765b       ?DoRun@KNpc@@AAEXXZ        1001865b f   KNpc.obj
 0001:0001772a       ?OnRun@KNpc@@AAEXH@Z       1001872a f   KNpc.obj
 0001:000177b7       ?DoSit@KNpc@@AAEXXZ        100187b7 f   KNpc.obj
 0001:0001781e       ?OnSit@KNpc@@AAEXXZ        1001881e f   KNpc.obj
 0001:0001785b       ?DoSkill@KNpc@@AAEXHH@Z    1001885b f   KNpc.obj
 0001:00017aa0       ?DoOrdinSkill@KNpc@@AAEHPAVKSkill@@HH@Z 10018aa0 f   KNpc.obj
 0001:00017f4f       ?DoAttack@KNpc@@AAEXXZ     10018f4f f   KNpc.obj
 0001:00017ffe       ?CastMeleeSkill@KNpc@@AAEHPAVKSkill@@@Z 10018ffe f   KNpc.obj
 0001:00018230       ?DoGoAttack@KNpc@@AAEHXZ   10019230 f   KNpc.obj
 0001:0001855a       ?DoBlurAttack@KNpc@@AAEHXZ 1001955a f   KNpc.obj
 0001:0001865b       ?DoMagic@KNpc@@AAEXXZ      1001965b f   KNpc.obj
 0001:000186d3       ?OnSkill@KNpc@@AAEXXZ      100196d3 f   KNpc.obj
 0001:000188c4       ?JumpTo@KNpc@@AAEXHH@Z     100198c4 f   KNpc.obj
 0001:00018910       ?RunTo@KNpc@@AAEXHH@Z      10019910 f   KNpc.obj
 0001:0001894a       ?Goto@KNpc@@AAEXHH@Z       1001994a f   KNpc.obj
 0001:00018984       ?Madnessto@KNpc@@QAEXHH@Z  10019984 f   KNpc.obj
 0001:000189b2       ?DoWalk@KNpc@@AAEXXZ       100199b2 f   KNpc.obj
 0001:00018a72       ?DoPlayerTalk@KNpc@@QAEXPAD@Z 10019a72 f   KNpc.obj
 0001:00018a86       ?OnPlayerTalk@KNpc@@AAEXXZ 10019a86 f   KNpc.obj
 0001:00018a98       ?OnWalk@KNpc@@AAEXXZ       10019a98 f   KNpc.obj
 0001:00018ace       ?GetSkillLevel@KNpc@@QAEHH@Z 10019ace f   KNpc.obj
 0001:00018b24       ?ModifyAttrib@KNpc@@QAEXHPAX@Z 10019b24 f   KNpc.obj
 0001:00018b5a       ?SetImmediatelySkillEffect@KNpc@@QAEXHPAXH@Z 10019b5a f   KNpc.obj
 0001:00018c0b       ?AppendSkillEffect@KNpc@@QAEXHHHHHPAX0@Z 10019c0b f   KNpc.obj
 0001:000199dc       ?CheckPath@KNpc@@QAEHHHH@Z 1001a9dc f   KNpc.obj
 0001:00019ab5       ?ServeMove@KNpc@@AAEXH@Z   1001aab5 f   KNpc.obj
 0001:0001a1fd       ?ServeJump@KNpc@@AAEXH@Z   1001b1fd f   KNpc.obj
 0001:0001a77a       ?SendCommand@KNpc@@QAEXW4NPCCMD@@HHH@Z 1001b77a f   KNpc.obj
 0001:0001a818       ?NewPath@KNpc@@AAEHHH@Z    1001b818 f   KNpc.obj
 0001:0001a849       ?NewJump@KNpc@@AAEHHH@Z    1001b849 f   KNpc.obj
 0001:0001aba9       ?SelfDamage@KNpc@@QAEXH@Z  1001bba9 f   KNpc.obj
 0001:0001abeb       ?Cost@KNpc@@QAEHW4NPCATTRIB@@HH@Z 1001bbeb f   KNpc.obj
 0001:0001ad89       ?DoJump@KNpc@@AAEXXZ       1001bd89 f   KNpc.obj
 0001:0001ae79       ?OnJump@KNpc@@AAEHXZ       1001be79 f   KNpc.obj
 0001:0001aed1       ?WaitForFrame@KNpc@@AAEHXZ 1001bed1 f   KNpc.obj
 0001:0001af22       ?IsReachFrame@KNpc@@AAEHH@Z 1001bf22 f   KNpc.obj
 0001:0001af5f       ?Load@KNpc@@QAEXHH@Z       1001bf5f f   KNpc.obj
 0001:0001b435       ?GetMpsPos@KNpc@@QAEXPAH0@Z 1001c435 f   KNpc.obj
 0001:0001b4a7       ?SetActiveSkill@KNpc@@QAEHH@Z 1001c4a7 f   KNpc.obj
 0001:0001b5d3       ?SetAuraSkill@KNpc@@QAEXH@Z 1001c5d3 f   KNpc.obj
 0001:0001b714       ?SetPlayerIdx@KNpc@@QAEHH@Z 1001c714 f   KNpc.obj
 0001:0001b756       ?OnMadnessState@KNpc@@QAEXXZ 1001c756 f   KNpc.obj
 0001:0001b830       ?PaintInfo@KNpc@@QAEHH_NHK@Z 1001c830 f   KNpc.obj
 0001:0001dcbc       ?PaintChat@KNpc@@QAEHH@Z   1001ecbc f   KNpc.obj
 0001:0001df25       ?SetChatInfo@KNpc@@QAEHPBD0G@Z 1001ef25 f   KNpc.obj
 0001:0001e2d4       ?PaintTopTongKim@KNpc@@QAEHHHHHH@Z 1001f2d4 f   KNpc.obj
 0001:0001e4c0       ?PaintEffect@KNpc@@QAEHXZ  1001f4c0 f   KNpc.obj
 0001:0001e4d4       ?PaintLife@KNpc@@QAEHH_N@Z 1001f4d4 f   KNpc.obj
 0001:0001e859       ?PaintMana@KNpc@@QAEHH@Z   1001f859 f   KNpc.obj
 0001:0001e8b2       ?Paint@KNpc@@QAEXXZ        1001f8b2 f   KNpc.obj
 0001:0001ed8a       ?AddBaseLifeMax@KNpc@@QAEXH@Z 1001fd8a f   KNpc.obj
 0001:0001edc5       ?AddCurLifeMax@KNpc@@QAEXH@Z 1001fdc5 f   KNpc.obj
 0001:0001edee       ?AddBaseStaminaMax@KNpc@@QAEXH@Z 1001fdee f   KNpc.obj
 0001:0001ee29       ?AddCurStaminaMax@KNpc@@QAEXH@Z 1001fe29 f   KNpc.obj
 0001:0001ee52       ?AddBaseManaMax@KNpc@@QAEXH@Z 1001fe52 f   KNpc.obj
 0001:0001ee8d       ?AddCurManaMax@KNpc@@QAEXH@Z 1001fe8d f   KNpc.obj
 0001:0001eeb6       ?CalcCurLifeReplenish@KNpc@@QAEXXZ 1001feb6 f   KNpc.obj
 0001:0001eeda       ?Remove@KNpc@@QAEXXZ       1001feda f   KNpc.obj
 0001:0001ef13       ?RemoveRes@KNpc@@QAEXXZ    1001ff13 f   KNpc.obj
 0001:0001ef44       ?SetSeries@KNpc@@QAEXH@Z   1001ff44 f   KNpc.obj
 0001:0001ef79       ?SetSex@KNpc@@QAEXH@Z      1001ff79 f   KNpc.obj
 0001:0001efa7       ?SetStateSkillEffect@KNpc@@QAEXHHHPAXHH@Z 1001ffa7 f   KNpc.obj
 0001:0001f3f6       ?ModifyMissleCollsion@KNpc@@QAEHH@Z 100203f6 f   KNpc.obj
 0001:0001f440       ?ModifyMissleLifeTime@KNpc@@QAEHH@Z 10020440 f   KNpc.obj
 0001:0001f472       ?ModifyMissleSpeed@KNpc@@QAEHH@Z 10020472 f   KNpc.obj
 0001:0001f49f       ?DoManyAttack@KNpc@@AAEHXZ 1002049f f   KNpc.obj
 0001:0001f63b       ?OnManyAttack@KNpc@@AAEXXZ 1002063b f   KNpc.obj
 0001:0001f70b       ?DoRunAttack@KNpc@@AAEHXZ  1002070b f   KNpc.obj
 0001:0001fa35       ?OnGoAttack@KNpc@@AAEXXZ   10020a35 f   KNpc.obj
 0001:0001fbf5       ?OnRunAttack@KNpc@@AAEXXZ  10020bf5 f   KNpc.obj
 0001:0001fdfe       ?DoJumpAttack@KNpc@@AAEHXZ 10020dfe f   KNpc.obj
 0001:0002001b       ?OnJumpAttack@KNpc@@AAEHXZ 1002101b f   KNpc.obj
 0001:000201ca       ?CheckHitTarget@KNpc@@AAEHHHH@Z 100211ca f   KNpc.obj
 0001:00020265       ?GetNpcCopyFromTemplate@KNpc@@QAEXHH@Z 10021265 f   KNpc.obj
 0001:000205b2       ?LoadDataFromTemplate@KNpc@@QAEXHH@Z 100215b2 f   KNpc.obj
 0001:0002082d       ?SetPhysicsDamage@KNpc@@QAEXHH@Z 1002182d f   KNpc.obj
 0001:00020859       ?SetBaseAttackRating@KNpc@@QAEXH@Z 10021859 f   KNpc.obj
 0001:0002088b       ?SetBaseDefence@KNpc@@QAEXH@Z 1002188b f   KNpc.obj
 0001:000208bd       ?SetMenuState@KNpc@@QAEXHPADH@Z 100218bd f   KNpc.obj
 0001:000208f5       ?GetMenuState@KNpc@@QAEHXZ 100218f5 f   KNpc.obj
 0001:0002091f       ?SearchAroundID@KNpc@@QAEKK@Z 1002191f f   KNpc.obj
 0001:000209e3       ?SetSpecialSpr@KNpc@@QAEXPAD@Z 100219e3 f   KNpc.obj
 0001:00020a13       ?SetInstantSpr@KNpc@@QAEXH@Z 10021a13 f   KNpc.obj
 0001:00020a6b       ?GetNormalNpcStandDir@KNpc@@QAEHH@Z 10021a6b f   KNpc.obj
 0001:00020a9b       ?SetNpcState@KNpc@@QAEXPAE@Z 10021a9b f   KNpc.obj
 0001:00020b9f       ?ClearNpcState@KNpc@@QAEXXZ 10021b9f f   KNpc.obj
 0001:00020c3b       ?RestoreNpcBaseInfo@KNpc@@QAEXXZ 10021c3b f   KNpc.obj
 0001:000212f1       ?DrawBorder@KNpc@@QAEXXZ   100222f1 f   KNpc.obj
 0001:00021326       ?DrawMenuState@KNpc@@QAEHH@Z 10022326 f   KNpc.obj
 0001:00021364       ?DrawBlood@KNpc@@QAEXXZ    10022364 f   KNpc.obj
 0001:000213c7       ?IsPlayer@KNpc@@QAEHXZ     100223c7 f   KNpc.obj
 0001:000213ea       ?ClearStateSkillEffect@KNpc@@QAEXXZ 100223ea f   KNpc.obj
 0001:0002152c       ?ClearNormalState@KNpc@@QAEXXZ 1002252c f   KNpc.obj
 0001:00021636       ?CheckTrap@KNpc@@QAEXXZ    10022636 f   KNpc.obj
 0001:0002172b       ?SetFightMode@KNpc@@QAEXH@Z 1002272b f   KNpc.obj
 0001:00021758       ?TurnTo@KNpc@@QAEXH@Z      10022758 f   KNpc.obj
 0001:000217ef       ?ReCalcStateEffect@KNpc@@QAEXXZ 100227ef f   KNpc.obj
 0001:000218e6       ?GetCurActiveWeaponSkill@KNpc@@QAEHXZ 100228e6 f   KNpc.obj
 0001:000219d7       ?AutoFixXY@KNpc@@AAEXXZ    100229d7 f   KNpc.obj
 0001:00021e96       ?HurtAutoMove@KNpc@@AAEXXZ 10022e96 f   KNpc.obj
 0001:000223a9       ?ProcNetCommand@KNpc@@QAEXW4NPCCMD@@HHH@Z 100233a9 f   KNpc.obj
 0001:0002249b       ?ClearBlood@KNpc@@QAEXH@Z  1002349b f   KNpc.obj
 0001:000224f3       ?SetBlood@KNpc@@QAEXH@Z    100234f3 f   KNpc.obj
 0001:00022612       ?FindStateSkill@KNpc@@QAEHH@Z 10023612 f   KNpc.obj
 0001:0002267b       ?PaintBlood@KNpc@@QAEHH@Z  1002367b f   KNpc.obj
 0001:0002293b       ?GetNpcPate@KNpc@@QAEHXZ   1002393b f   KNpc.obj
 0001:00022a25       ?GetNpcPatePeopleInfo@KNpc@@QAEHXZ 10023a25 f   KNpc.obj
 0001:00022b1f       ?GetFrameCopyFromTemplate@KNpc@@QAEXHH@Z 10023b1f f   KNpc.obj
 0001:00022e38       ?ReSetRes@KNpc@@QAEXH@Z    10023e38 f   KNpc.obj
 0001:000230da       ?LoadFrameFromTemplate@KNpc@@QAEXHH@Z 100240da f   KNpc.obj
 0001:000231e0       ??1KNpc@@QAE@XZ            100241e0 f i KNpc.obj
 0001:00023270       ?SetAdjustColorId@KNpcRes@@QAEXK@Z 10024270 f i KNpc.obj
 0001:00023290       ?GetChildSkillId@KSkill@@QBEHXZ 10024290 f i KNpc.obj
 0001:000232b0       ?GetBaseMagic@KItem@@QBEHXZ 100242b0 f i KNpc.obj
 0001:000232d0       ?IsNeedShadow@KSkill@@QBEHXZ 100242d0 f i KNpc.obj
 0001:000232f0       ?GetPreCastEffectFile@KSkill@@QBEPBDXZ 100242f0 f i KNpc.obj
 0001:00023310       ?GetActionType@KSkill@@QBE?AW4CLIENTACTION@@XZ 10024310 f i KNpc.obj
 0001:00023330       ?GetMeleeType@KSkill@@QBEHXZ 10024330 f i KNpc.obj
 0001:00023350       ?GetPlayerWalkSpeed@KNpcSet@@QAEHXZ 10024350 f i KNpc.obj
 0001:00023370       ?GetPlayerRunSpeed@KNpcSet@@QAEHXZ 10024370 f i KNpc.obj
 0001:00023390       ?GetPlayerAttackFrame@KNpcSet@@QAEHXZ 10024390 f i KNpc.obj
 0001:000233b0       ?GetPlayerHurtFrame@KNpcSet@@QAEHXZ 100243b0 f i KNpc.obj
 0001:000233d0       ?GetPlayerStandFrame@KNpcSet@@QAEHH@Z 100243d0 f i KNpc.obj
 0001:00023400       ?GetPlayerWalkFrame@KNpcSet@@QAEHH@Z 10024400 f i KNpc.obj
 0001:00023430       ?GetPlayerRunFrame@KNpcSet@@QAEHH@Z 10024430 f i KNpc.obj
 0001:00023460       ?GetNodeCount@KList@@QAEJXZ 10024460 f i KNpc.obj
 0001:000234c0       ??0KOutputTextParam@@QAE@XZ 100244c0 f i KNpc.obj
 0001:00023530       ?GetStateSpecailId@KSkill@@QBEHXZ 10024530 f i KNpc.obj
 0001:00023550       ??0KStateNode@@QAE@XZ      10024550 f i KNpc.obj
 0001:000235d0       ??_EKStateNode@@UAEPAXI@Z  100245d0 f i KNpc.obj
 0001:000235d0       ??_GKStateNode@@UAEPAXI@Z  100245d0 f i KNpc.obj
 0001:00023610       ??1KStateNode@@UAE@XZ      10024610 f i KNpc.obj
 0001:00023640       ?g_RandPercent@@YAHH@Z     10024640 f i KNpc.obj
 0001:00023670       ?GetChildSkillNum@KSkill@@QBEHXZ 10024670 f i KNpc.obj
 0001:00023690       ?GetSkill@KSkillManager@@QAEPAVISkill@@HHW4eSKillStyle@@@Z 10024690 f i KNpc.obj
 0001:00023700       ??0KNpcTemplate@@QAE@XZ    10024700 f i KNpc.obj
 0001:00023757       ??0KNpcAI@@QAE@XZ          10024757 f   KNpcAI.obj
 0001:0002377f       ?NotActivate@KNpcAI@@QAEXH@Z 1002477f f   KNpcAI.obj
 0001:000237bb       ?Activate@KNpcAI@@QAEXH@Z  100247bb f   KNpcAI.obj
 0001:00023803       ?ProcessShowNpc@KNpcAI@@AAEHXZ 10024803 f   KNpcAI.obj
 0001:00023934       ?ShowNpcType11@KNpcAI@@AAEHXZ 10024934 f   KNpcAI.obj
 0001:00023b48       ?ShowNpcType12@KNpcAI@@AAEHXZ 10024b48 f   KNpcAI.obj
 0001:00023d79       ?ShowNpcType13@KNpcAI@@AAEHXZ 10024d79 f   KNpcAI.obj
 0001:00023f4c       ?ShowNpcType14@KNpcAI@@AAEHXZ 10024f4c f   KNpcAI.obj
 0001:0002419b       ?ShowNpcType15@KNpcAI@@AAEHXZ 1002519b f   KNpcAI.obj
 0001:0002436e       ?ShowNpcType16@KNpcAI@@AAEHXZ 1002536e f   KNpcAI.obj
 0001:0002459d       ?ShowNpcType17@KNpcAI@@AAEHXZ 1002559d f   KNpcAI.obj
 0001:000247e1       ?ProcessPlayer@KNpcAI@@AAEXXZ 100257e1 f   KNpcAI.obj
 0001:000248b1       ?FollowObject@KNpcAI@@AAEXH@Z 100258b1 f   KNpcAI.obj
 0001:0002494e       ?CheckNpc@KNpcAI@@AAEHH@Z  1002594e f   KNpcAI.obj
 0001:000249ce       ?FollowPeople@KNpcAI@@AAEXH@Z 100259ce f   KNpcAI.obj
 0001:00024ef6       ?TriggerMapTrap@KNpcAI@@AAEXXZ 10025ef6 f   KNpcAI.obj
 0001:00024f28       ?TriggerObjectTrap@KNpcAI@@AAEXXZ 10025f28 f   KNpcAI.obj
 0001:00024f3a       ?GetNearestNpc@KNpcAI@@AAEHH@Z 10025f3a f   KNpcAI.obj
 0001:0002550c       ?IsPlayerCome@KNpcAI@@AAEHXZ 1002650c f   KNpcAI.obj
 0001:000255cf       ?GetNpcNumber@KNpcAI@@AAEHH@Z 100265cf f   KNpcAI.obj
 0001:00025822       ?KeepAttackRange@KNpcAI@@AAEXHH@Z 10026822 f   KNpcAI.obj
 0001:0002590d       ?FollowAttack@KNpcAI@@AAEXH@Z 1002690d f   KNpcAI.obj
 0001:00025b05       ?InEyeshot@KNpcAI@@AAEHH@Z 10026b05 f   KNpcAI.obj
 0001:00025b5a       ?CommonAction@KNpcAI@@AAEXXZ 10026b5a f   KNpcAI.obj
 0001:00025c9d       ?KeepActiveRange@KNpcAI@@AAEHXZ 10026c9d f   KNpcAI.obj
 0001:00025dd6       ?DoShowFlee@KNpcAI@@AAEHH@Z 10026dd6 f   KNpcAI.obj
 0001:00025f0e       ?Flee@KNpcAI@@AAEXH@Z      10026f0e f   KNpcAI.obj
 0001:00025fad       ?ProcessAIType01@KNpcAI@@AAEXXZ 10026fad f   KNpcAI.obj
 0001:0002621a       ?ProcessAIType02@KNpcAI@@AAEXXZ 1002721a f   KNpcAI.obj
 0001:00026537       ?ProcessAIType03@KNpcAI@@AAEXXZ 10027537 f   KNpcAI.obj
 0001:000267e4       ?ProcessAIType04@KNpcAI@@AAEXXZ 100277e4 f   KNpcAI.obj
 0001:00026a08       ?ProcessAIType05@KNpcAI@@AAEXXZ 10027a08 f   KNpcAI.obj
 0001:00026cdc       ?ProcessAIType06@KNpcAI@@AAEXXZ 10027cdc f   KNpcAI.obj
 0001:00026f40       ?GetNpcMoveOffset@KNpcAI@@AAEHHHPAH0@Z 10027f40 f i KNpcAI.obj
 0001:00027010       ?IsAlive@KNpc@@QBE_NXZ     10028010 f i KNpcAI.obj
 0001:00027060       ?GetRandomNumber@@YAHHH@Z  10028060 f i KNpcAI.obj
 0001:000270eb       ??0KNpcAttribModify@@QAE@XZ 100280eb f   KNpcAttribModify.obj
 0001:000276bd       ??1KNpcAttribModify@@QAE@XZ 100286bd f   KNpcAttribModify.obj
 0001:000276cf       ?ModifyAttrib@KNpcAttribModify@@QAEXPAVKNpc@@PAX@Z 100286cf f   KNpcAttribModify.obj
 0001:0002774e       ?AddColdDamageV@KNpcAttribModify@@AAEXPAVKNpc@@PAX@Z 1002874e f   KNpcAttribModify.obj
 0001:00027975       ?AddFireDamageV@KNpcAttribModify@@AAEXPAVKNpc@@PAX@Z 10028975 f   KNpcAttribModify.obj
 0001:000279fc       ?AddLightingDamageV@KNpcAttribModify@@AAEXPAVKNpc@@PAX@Z 100289fc f   KNpcAttribModify.obj
 0001:00027a83       ?AddPhysicsDamageP@KNpcAttribModify@@AAEXPAVKNpc@@PAX@Z 10028a83 f   KNpcAttribModify.obj
 0001:00027cc1       ?AddPoisonDamageV@KNpcAttribModify@@AAEXPAVKNpc@@PAX@Z 10028cc1 f   KNpcAttribModify.obj
 0001:00027d96       ?AddPhysicsDamageV@KNpcAttribModify@@AAEXPAVKNpc@@PAX@Z 10028d96 f   KNpcAttribModify.obj
 0001:00027e05       ?AllresP@KNpcAttribModify@@AAEXPAVKNpc@@PAX@Z 10028e05 f   KNpcAttribModify.obj
 0001:00027ed4       ?AllSkillV@KNpcAttribModify@@AAEXPAVKNpc@@PAX@Z 10028ed4 f   KNpcAttribModify.obj
 0001:00027f2a       ?AttackRatingP@KNpcAttribModify@@AAEXPAVKNpc@@PAX@Z 10028f2a f   KNpcAttribModify.obj
 0001:00027fc6       ?AttackRatingV@KNpcAttribModify@@AAEXPAVKNpc@@PAX@Z 10028fc6 f   KNpcAttribModify.obj
 0001:00028035       ?AttackSpeedV@KNpcAttribModify@@AAEXPAVKNpc@@PAX@Z 10029035 f   KNpcAttribModify.obj
 0001:000280a4       ?BadStatusTimeReduceV@KNpcAttribModify@@AAEXPAVKNpc@@PAX@Z 100290a4 f   KNpcAttribModify.obj
 0001:000280c7       ?BurnTimeReduceP@KNpcAttribModify@@AAEXPAVKNpc@@PAX@Z 100290c7 f   KNpcAttribModify.obj
 0001:000280db       ?CastSpeedV@KNpcAttribModify@@AAEXPAVKNpc@@PAX@Z 100290db f   KNpcAttribModify.obj
 0001:0002814a       ?ChangeCampV@KNpcAttribModify@@AAEXPAVKNpc@@PAX@Z 1002914a f   KNpcAttribModify.obj
 0001:000281de       ?ColdArmorV@KNpcAttribModify@@AAEXPAVKNpc@@PAX@Z 100291de f   KNpcAttribModify.obj
 0001:0002829e       ?ColdresP@KNpcAttribModify@@AAEXPAVKNpc@@PAX@Z 1002929e f   KNpcAttribModify.obj
 0001:0002830d       ?DeadlyStrikeP@KNpcAttribModify@@AAEXPAVKNpc@@PAX@Z 1002930d f   KNpcAttribModify.obj
 0001:0002837c       ?DexterityV@KNpcAttribModify@@AAEXPAVKNpc@@PAX@Z 1002937c f   KNpcAttribModify.obj
 0001:0002840d       ?EarthSkillV@KNpcAttribModify@@AAEXPAVKNpc@@PAX@Z 1002940d f   KNpcAttribModify.obj
 0001:00028494       ?EnergyV@KNpcAttribModify@@AAEXPAVKNpc@@PAX@Z 10029494 f   KNpcAttribModify.obj
 0001:00028525       ?FastHitRecoverV@KNpcAttribModify@@AAEXPAVKNpc@@PAX@Z 10029525 f   KNpcAttribModify.obj
 0001:00028594       ?FastWalkRunP@KNpcAttribModify@@AAEXPAVKNpc@@PAX@Z 10029594 f   KNpcAttribModify.obj
 0001:00028663       ?FireArmorV@KNpcAttribModify@@AAEXPAVKNpc@@PAX@Z 10029663 f   KNpcAttribModify.obj
 0001:00028723       ?FireSkillV@KNpcAttribModify@@AAEXPAVKNpc@@PAX@Z 10029723 f   KNpcAttribModify.obj
 0001:000287aa       ?FreezeTimeReduceP@KNpcAttribModify@@AAEXPAVKNpc@@PAX@Z 100297aa f   KNpcAttribModify.obj
 0001:00028819       ?KnockBackP@KNpcAttribModify@@AAEXPAVKNpc@@PAX@Z 10029819 f   KNpcAttribModify.obj
 0001:00028888       ?LifeMaxP@KNpcAttribModify@@AAEXPAVKNpc@@PAX@Z 10029888 f   KNpcAttribModify.obj
 0001:00028924       ?LifeMaxV@KNpcAttribModify@@AAEXPAVKNpc@@PAX@Z 10029924 f   KNpcAttribModify.obj
 0001:00028993       ?LifeReplenishV@KNpcAttribModify@@AAEXPAVKNpc@@PAX@Z 10029993 f   KNpcAttribModify.obj
 0001:000289ce       ?LifeV@KNpcAttribModify@@AAEXPAVKNpc@@PAX@Z 100299ce f   KNpcAttribModify.obj
 0001:00028a3d       ?LightingArmorV@KNpcAttribModify@@AAEXPAVKNpc@@PAX@Z 10029a3d f   KNpcAttribModify.obj
 0001:00028afd       ?LightingresP@KNpcAttribModify@@AAEXPAVKNpc@@PAX@Z 10029afd f   KNpcAttribModify.obj
 0001:00028b6c       ?LuckyV@KNpcAttribModify@@AAEXPAVKNpc@@PAX@Z 10029b6c f   KNpcAttribModify.obj
 0001:00028bff       ?ManaMaxP@KNpcAttribModify@@AAEXPAVKNpc@@PAX@Z 10029bff f   KNpcAttribModify.obj
 0001:00028c9b       ?ManaMaxV@KNpcAttribModify@@AAEXPAVKNpc@@PAX@Z 10029c9b f   KNpcAttribModify.obj
 0001:00028d0a       ?ManaReplenishV@KNpcAttribModify@@AAEXPAVKNpc@@PAX@Z 10029d0a f   KNpcAttribModify.obj
 0001:00028d79       ?ManaV@KNpcAttribModify@@AAEXPAVKNpc@@PAX@Z 10029d79 f   KNpcAttribModify.obj
 0001:00028de8       ?ManaShieldP@KNpcAttribModify@@AAEXPAVKNpc@@PAX@Z 10029de8 f   KNpcAttribModify.obj
 0001:00028e98       ?StateSkillTime@KNpcAttribModify@@AAEXPAVKNpc@@PAX@Z 10029e98 f   KNpcAttribModify.obj
 0001:00028eac       ?ManaShieldPointP@KNpcAttribModify@@AAEXPAVKNpc@@PAX@Z 10029eac f   KNpcAttribModify.obj
 0001:00028f5c       ?LifeReplenishAddP@KNpcAttribModify@@AAEXPAVKNpc@@PAX@Z 10029f5c f   KNpcAttribModify.obj
 0001:00028f97       ?BuffEmtyResP@KNpcAttribModify@@AAEXPAVKNpc@@PAX@Z 10029f97 f   KNpcAttribModify.obj
 0001:00028ff0       ?TimeCastSkillEffecV@KNpcAttribModify@@AAEXPAVKNpc@@PAX@Z 10029ff0 f   KNpcAttribModify.obj
 0001:0002902b       ?TimeCastSkillEffec1V@KNpcAttribModify@@AAEXPAVKNpc@@PAX@Z 1002a02b f   KNpcAttribModify.obj
 0001:00029066       ?TimeCastSkillEffec2V@KNpcAttribModify@@AAEXPAVKNpc@@PAX@Z 1002a066 f   KNpcAttribModify.obj
 0001:000290b9       ?DoSkillEffecP@KNpcAttribModify@@AAEXPAVKNpc@@PAX@Z 1002a0b9 f   KNpcAttribModify.obj
 0001:00029112       ?DoSkillEffec1P@KNpcAttribModify@@AAEXPAVKNpc@@PAX@Z 1002a112 f   KNpcAttribModify.obj
 0001:0002916b       ?DoSkillEffec2P@KNpcAttribModify@@AAEXPAVKNpc@@PAX@Z 1002a16b f   KNpcAttribModify.obj
 0001:000291c4       ?ManaShieldExV@KNpcAttribModify@@AAEXPAVKNpc@@PAX@Z 1002a1c4 f   KNpcAttribModify.obj
 0001:00029225       ?AddSkillLevelV@KNpcAttribModify@@AAEXPAVKNpc@@PAX@Z 1002a225 f   KNpcAttribModify.obj
 0001:000292af       ?AddAllSkillsLevelV@KNpcAttribModify@@AAEXPAVKNpc@@PAX@Z 1002a2af f   KNpcAttribModify.obj
 0001:0002934e       ?ManaFromDameP@KNpcAttribModify@@AAEXPAVKNpc@@PAX@Z 1002a34e f   KNpcAttribModify.obj
 0001:00029389       ?DoSkillBuff1@KNpcAttribModify@@AAEXPAVKNpc@@PAX@Z 1002a389 f   KNpcAttribModify.obj
 0001:0002939d       ?DoSkillBuff2@KNpcAttribModify@@AAEXPAVKNpc@@PAX@Z 1002a39d f   KNpcAttribModify.obj
 0001:000293b1       ?DoSkillBuff3@KNpcAttribModify@@AAEXPAVKNpc@@PAX@Z 1002a3b1 f   KNpcAttribModify.obj
 0001:000293c5       ?DoSkillBuff4@KNpcAttribModify@@AAEXPAVKNpc@@PAX@Z 1002a3c5 f   KNpcAttribModify.obj
 0001:000293d9       ?DoSkillBuff5@KNpcAttribModify@@AAEXPAVKNpc@@PAX@Z 1002a3d9 f   KNpcAttribModify.obj
 0001:000293ed       ?ReturnDoSkillEmtyP@KNpcAttribModify@@AAEXPAVKNpc@@PAX@Z 1002a3ed f   KNpcAttribModify.obj
 0001:00029446       ?MeleeDamageReturnP@KNpcAttribModify@@AAEXPAVKNpc@@PAX@Z 1002a446 f   KNpcAttribModify.obj
 0001:000294b5       ?MeleeDamageReturnV@KNpcAttribModify@@AAEXPAVKNpc@@PAX@Z 1002a4b5 f   KNpcAttribModify.obj
 0001:00029524       ?MetalSkillV@KNpcAttribModify@@AAEXPAVKNpc@@PAX@Z 1002a524 f   KNpcAttribModify.obj
 0001:000295ab       ?PhysicsArmorV@KNpcAttribModify@@AAEXPAVKNpc@@PAX@Z 1002a5ab f   KNpcAttribModify.obj
 0001:0002966b       ?PhysicsresP@KNpcAttribModify@@AAEXPAVKNpc@@PAX@Z 1002a66b f   KNpcAttribModify.obj
 0001:000296da       ?Damage2ManaP@KNpcAttribModify@@AAEXPAVKNpc@@PAX@Z 1002a6da f   KNpcAttribModify.obj
 0001:00029749       ?PoisonArmorV@KNpcAttribModify@@AAEXPAVKNpc@@PAX@Z 1002a749 f   KNpcAttribModify.obj
 0001:00029809       ?PoisonDamageReduceV@KNpcAttribModify@@AAEXPAVKNpc@@PAX@Z 1002a809 f   KNpcAttribModify.obj
 0001:00029890       ?PoisonresP@KNpcAttribModify@@AAEXPAVKNpc@@PAX@Z 1002a890 f   KNpcAttribModify.obj
 0001:000298cb       ?PoisonTimeReduceP@KNpcAttribModify@@AAEXPAVKNpc@@PAX@Z 1002a8cb f   KNpcAttribModify.obj
 0001:00029906       ?RangeDamageReturnV@KNpcAttribModify@@AAEXPAVKNpc@@PAX@Z 1002a906 f   KNpcAttribModify.obj
 0001:00029975       ?RangeDamageReturnP@KNpcAttribModify@@AAEXPAVKNpc@@PAX@Z 1002a975 f   KNpcAttribModify.obj
 0001:000299e4       ?DamageReturnResistP@KNpcAttribModify@@AAEXPAVKNpc@@PAX@Z 1002a9e4 f   KNpcAttribModify.obj
 0001:00029a1f       ?ItemPinkNoMagic@KNpcAttribModify@@AAEXPAVKNpc@@PAX@Z 1002aa1f f   KNpcAttribModify.obj
 0001:00029a42       ?PoisonDamageReturnP@KNpcAttribModify@@AAEXPAVKNpc@@PAX@Z 1002aa42 f   KNpcAttribModify.obj
 0001:00029ab1       ?BuffEmtyReturnP@KNpcAttribModify@@AAEXPAVKNpc@@PAX@Z 1002aab1 f   KNpcAttribModify.obj
 0001:00029b3e       ?SlowMissleB@KNpcAttribModify@@AAEXPAVKNpc@@PAX@Z 1002ab3e f   KNpcAttribModify.obj
 0001:00029bb9       ?StaminaMaxP@KNpcAttribModify@@AAEXPAVKNpc@@PAX@Z 1002abb9 f   KNpcAttribModify.obj
 0001:00029c55       ?StaminaMaxV@KNpcAttribModify@@AAEXPAVKNpc@@PAX@Z 1002ac55 f   KNpcAttribModify.obj
 0001:00029cc4       ?StaminaReplenishV@KNpcAttribModify@@AAEXPAVKNpc@@PAX@Z 1002acc4 f   KNpcAttribModify.obj
 0001:00029d33       ?StaminaV@KNpcAttribModify@@AAEXPAVKNpc@@PAX@Z 1002ad33 f   KNpcAttribModify.obj
 0001:00029da2       ?StealLifeP@KNpcAttribModify@@AAEXPAVKNpc@@PAX@Z 1002ada2 f   KNpcAttribModify.obj
 0001:00029e1a       ?StealManaP@KNpcAttribModify@@AAEXPAVKNpc@@PAX@Z 1002ae1a f   KNpcAttribModify.obj
 0001:00029e92       ?StealStaminaP@KNpcAttribModify@@AAEXPAVKNpc@@PAX@Z 1002ae92 f   KNpcAttribModify.obj
 0001:00029f0a       ?StrengthV@KNpcAttribModify@@AAEXPAVKNpc@@PAX@Z 1002af0a f   KNpcAttribModify.obj
 0001:00029f9b       ?StunTimeReduceP@KNpcAttribModify@@AAEXPAVKNpc@@PAX@Z 1002af9b f   KNpcAttribModify.obj
 0001:0002a00a       ?VisionRadiusP@KNpcAttribModify@@AAEXPAVKNpc@@PAX@Z 1002b00a f   KNpcAttribModify.obj
 0001:0002a079       ?VitalityV@KNpcAttribModify@@AAEXPAVKNpc@@PAX@Z 1002b079 f   KNpcAttribModify.obj
 0001:0002a10a       ?WaterSkillV@KNpcAttribModify@@AAEXPAVKNpc@@PAX@Z 1002b10a f   KNpcAttribModify.obj
 0001:0002a331       ?WoodSkillV@KNpcAttribModify@@AAEXPAVKNpc@@PAX@Z 1002b331 f   KNpcAttribModify.obj
 0001:0002a3ef       ?FireresP@KNpcAttribModify@@AAEXPAVKNpc@@PAX@Z 1002b3ef f   KNpcAttribModify.obj
 0001:0002a45e       ?ArmorDefenseV@KNpcAttribModify@@AAEXPAVKNpc@@PAX@Z 1002b45e f   KNpcAttribModify.obj
 0001:0002a4cd       ?ColdEnhanceP@KNpcAttribModify@@AAEXPAVKNpc@@PAX@Z 1002b4cd f   KNpcAttribModify.obj
 0001:0002a53c       ?FireEnhanceP@KNpcAttribModify@@AAEXPAVKNpc@@PAX@Z 1002b53c f   KNpcAttribModify.obj
 0001:0002a5ab       ?LightingEnhanceP@KNpcAttribModify@@AAEXPAVKNpc@@PAX@Z 1002b5ab f   KNpcAttribModify.obj
 0001:0002a61a       ?PoisonEnhanceP@KNpcAttribModify@@AAEXPAVKNpc@@PAX@Z 1002b61a f   KNpcAttribModify.obj
 0001:0002a689       ?LifePotionV@KNpcAttribModify@@AAEXPAVKNpc@@PAX@Z 1002b689 f   KNpcAttribModify.obj
 0001:0002a776       ?ManaPotionV@KNpcAttribModify@@AAEXPAVKNpc@@PAX@Z 1002b776 f   KNpcAttribModify.obj
 0001:0002a863       ?PhysicsResMaxP@KNpcAttribModify@@AAEXPAVKNpc@@PAX@Z 1002b863 f   KNpcAttribModify.obj
 0001:0002a8d2       ?ColdResMaxP@KNpcAttribModify@@AAEXPAVKNpc@@PAX@Z 1002b8d2 f   KNpcAttribModify.obj
 0001:0002a941       ?FireResMaxP@KNpcAttribModify@@AAEXPAVKNpc@@PAX@Z 1002b941 f   KNpcAttribModify.obj
 0001:0002a9b0       ?LightingResMaxP@KNpcAttribModify@@AAEXPAVKNpc@@PAX@Z 1002b9b0 f   KNpcAttribModify.obj
 0001:0002aa1f       ?PoisonResMaxP@KNpcAttribModify@@AAEXPAVKNpc@@PAX@Z 1002ba1f f   KNpcAttribModify.obj
 0001:0002aa8e       ?AllResMaxP@KNpcAttribModify@@AAEXPAVKNpc@@PAX@Z 1002ba8e f   KNpcAttribModify.obj
 0001:0002ab5d       ?FatallyStrikeP@KNpcAttribModify@@AAEXPAVKNpc@@PAX@Z 1002bb5d f   KNpcAttribModify.obj
 0001:0002ab71       ?MixPoisonDamage@KNpcAttribModify@@QAEXPAUKMagicAttrib@@0@Z 1002bb71 f   KNpcAttribModify.obj
 0001:0002ac80       ?Init@KNpcDeathCalcExp@@QAEXH@Z 1002bc80 f   KNpcDeathCalcExp.obj
 0001:0002acc3       ?Active@KNpcDeathCalcExp@@QAEXXZ 1002bcc3 f   KNpcDeathCalcExp.obj
 0001:0002ad86       ?Clear@KNpcDeathCalcExp@@QAEXXZ 1002bd86 f   KNpcDeathCalcExp.obj
 0001:0002adc0       ??0KNpcFindPath@@QAE@XZ    1002bdc0 f   KNpcFindPath.obj
 0001:0002ae06       ?Init@KNpcFindPath@@QAEXH@Z 1002be06 f   KNpcFindPath.obj
 0001:0002ae4a       ?GetDir@KNpcFindPath@@QAEHHHHHHHPAH@Z 1002be4a f   KNpcFindPath.obj
 0001:0002b42d       ?Dir64To8@KNpcFindPath@@QAEHH@Z 1002c42d f   KNpcFindPath.obj
 0001:0002b44d       ?Dir8To64@KNpcFindPath@@QAEHH@Z 1002c44d f   KNpcFindPath.obj
 0001:0002b467       ?CheckDistance@KNpcFindPath@@QAEHHHHHH@Z 1002c467 f   KNpcFindPath.obj
 0001:0002b4ab       ?CheckBarrier@KNpcFindPath@@QAEHHH@Z 1002c4ab f   KNpcFindPath.obj
 0001:0002b560       ?Init@KNpcGold@@QAEXH@Z    1002c560 f   KNpcGold.obj
 0001:0002b612       ?SetGoldType@KNpcGold@@QAEXH@Z 1002c612 f   KNpcGold.obj
 0001:0002b635       ?SetGoldTypeAndBackData@KNpcGold@@QAEXXZ 1002c635 f   KNpcGold.obj
 0001:0002b74b       ?RecoverBackData@KNpcGold@@QAEXXZ 1002c74b f   KNpcGold.obj
 0001:0002ba83       ?RandChangeGold@KNpcGold@@QAEXXZ 1002ca83 f   KNpcGold.obj
 0001:0002be16       ?GetGoldType@KNpcGold@@QAEHXZ 1002ce16 f   KNpcGold.obj
 0001:0002be47       ?SetGoldCurrentType@KNpcGold@@QAEXH@Z 1002ce47 f   KNpcGold.obj
 0001:0002be97       ?ClientClearState@KNpcGold@@QAEXXZ 1002ce97 f   KNpcGold.obj
 0001:0002bebd       ??0KNpcGoldTemplate@@QAE@XZ 1002cebd f   KNpcGold.obj
 0001:0002befc       ?Init@KNpcGoldTemplate@@QAEHXZ 1002cefc f   KNpcGold.obj
 0001:0002c4a0       ??0KNpcRes@@QAE@XZ         1002d4a0 f   KNpcRes.obj
 0001:0002c60e       ?Init@KNpcRes@@QAEHPADPAVKNpcResList@@@Z 1002d60e f   KNpcRes.obj
 0001:0002c9bd       ?Remove@KNpcRes@@QAEXH@Z   1002d9bd f   KNpcRes.obj
 0001:0002ca13       ?DrawStun@KNpcRes@@QAEXXZ  1002da13 f   KNpcRes.obj
 0001:0002cb8e       ?Draw@KNpcRes@@QAEXHHHHHHH@Z 1002db8e f   KNpcRes.obj
 0001:0002dac5       ?GetShadowName@KNpcRes@@SAXPAD0@Z 1002eac5 f   KNpcRes.obj
 0001:0002dae1       ??1KNpcRes@@QAE@XZ         1002eae1 f   KNpcRes.obj
 0001:0002db0b       ?SetHelm@KNpcRes@@QAEHH@Z  1002eb0b f   KNpcRes.obj
 0001:0002dc7a       ?SetArmor@KNpcRes@@QAEHHHH@Z 1002ec7a f   KNpcRes.obj
 0001:0002e08f       ?SetWeapon@KNpcRes@@QAEHH@Z 1002f08f f   KNpcRes.obj
 0001:0002e691       ?SetHorse@KNpcRes@@QAEHH@Z 1002f691 f   KNpcRes.obj
 0001:0002e7ff       ?SetAction@KNpcRes@@QAEHH@Z 1002f7ff f   KNpcRes.obj
 0001:0002ee09       ?SetRideHorse@KNpcRes@@QAEHH@Z 1002fe09 f   KNpcRes.obj
 0001:0002f40a       ?SetPos@KNpcRes@@QAEXHHHHHH@Z 1003040a f   KNpcRes.obj
 0001:0002f493       ?SetState@KNpcRes@@QAEXPAVKList@@PAVKNpcResList@@@Z 10030493 f   KNpcRes.obj
 0001:0002f88a       ?SetSpecialSpr@KNpcRes@@QAEXPAD@Z 1003088a f   KNpcRes.obj
 0001:0002f956       ?SetMenuStateSpr@KNpcRes@@AAEXH@Z 10030956 f   KNpcRes.obj
 0001:0002fa6e       ?SetBlur@KNpcRes@@QAEXH@Z  10030a6e f   KNpcRes.obj
 0001:0002fac6       ?GetSoundName@KNpcRes@@AAEXXZ 10030ac6 f   KNpcRes.obj
 0001:0002fb0a       ?PlaySoundA@KNpcRes@@AAEXHH@Z 10030b0a f   KNpcRes.obj
 0001:0002fc39       ?GetSndVolume@KNpcRes@@QAEHH@Z 10030c39 f   KNpcRes.obj
 0001:0002fc7c       ?StopSound@KNpcRes@@QAEXXZ 10030c7c f   KNpcRes.obj
 0001:0002fd01       ?SetMenuState@KNpcRes@@QAEXHPADH@Z 10030d01 f   KNpcRes.obj
 0001:0002fd93       ?GetMenuState@KNpcRes@@QAEHXZ 10030d93 f   KNpcRes.obj
 0001:0002fdc5       ?SetSleepState@KNpcRes@@QAEXH@Z 10030dc5 f   KNpcRes.obj
 0001:0002fe41       ?GetSleepState@KNpcRes@@QAEHXZ 10030e41 f   KNpcRes.obj
 0001:0002fe64       ?DrawBorder@KNpcRes@@QAEXXZ 10030e64 f   KNpcRes.obj
 0001:00030051       ?DrawMenuState@KNpcRes@@QAEHH@Z 10031051 f   KNpcRes.obj
 0001:000301f6       ?GetNormalNpcStandDir@KNpcRes@@QAEHH@Z 100311f6 f   KNpcRes.obj
 0001:00030269       ??0KStateSpr@@QAE@XZ       10031269 f   KNpcRes.obj
 0001:0003029b       ?Release@KStateSpr@@QAEXXZ 1003129b f   KNpcRes.obj
 0001:000302f3       ??0KNpcBlur@@QAE@XZ        100312f3 f   KNpcRes.obj
 0001:0003032f       ??1KNpcBlur@@QAE@XZ        1003132f f   KNpcRes.obj
 0001:00030341       ?SetNextNo@KNpcBlur@@QAEXXZ 10031341 f   KNpcRes.obj
 0001:00030375       ?SetMapPos@KNpcBlur@@QAEXHHHH@Z 10031375 f   KNpcRes.obj
 0001:0003040d       ?ChangeAlpha@KNpcBlur@@QAEXXZ 1003140d f   KNpcRes.obj
 0001:0003066e       ?ClearCurNo@KNpcBlur@@QAEXXZ 1003166e f   KNpcRes.obj
 0001:000306c7       ?SetFile@KNpcBlur@@QAEXHPADHHHHH@Z 100316c7 f   KNpcRes.obj
 0001:00030823       ?Draw@KNpcBlur@@QAEXH@Z    10031823 f   KNpcRes.obj
 0001:00030881       ?NowGetBlur@KNpcBlur@@QAEHXZ 10031881 f   KNpcRes.obj
 0001:000308a5       ?Init@KNpcBlur@@QAEHXZ     100318a5 f   KNpcRes.obj
 0001:0003099f       ?Remove@KNpcBlur@@QAEXXZ   1003199f f   KNpcRes.obj
 0001:00030a2c       ?AddObj@KNpcBlur@@QAEXXZ   10031a2c f   KNpcRes.obj
 0001:00030a3e       ?RemoveObj@KNpcBlur@@QAEXXZ 10031a3e f   KNpcRes.obj
 0001:00030a50       ?CheckExist@KSprControl@@QAEHXZ 10031a50 f i KNpcRes.obj
 0001:00030a80       ?GetNpcKind@KNpcResNode@@QAEHXZ 10031a80 f i KNpcRes.obj
 0001:00030afb       ??0KNpcResList@@QAE@XZ     10031afb f   KNpcResList.obj
 0001:00030b76       ??1KNpcResList@@QAE@XZ     10031b76 f   KNpcResList.obj
 0001:00030c32       ?Init@KNpcResList@@QAEHXZ  10031c32 f   KNpcResList.obj
 0001:00030cb2       ?FindNpcRes@KNpcResList@@AAEPAVKNpcResNode@@PAD@Z 10031cb2 f   KNpcResList.obj
 0001:00030d60       ?AddNpcRes@KNpcResList@@QAEPAVKNpcResNode@@PAD@Z 10031d60 f   KNpcResList.obj
 0001:00030ea0       ??0KNpcResNode@@QAE@XZ     10031ea0 f   KNpcResNode.obj
 0001:00030fb8       ??1KNpcResNode@@UAE@XZ     10031fb8 f   KNpcResNode.obj
 0001:0003106f       ?Init@KNpcResNode@@QAEHPADPAVCActionName@@1@Z 1003206f f   KNpcResNode.obj
 0001:00032944       ?ComposePathAndName@KNpcResNode@@QAEXPAD00@Z 10033944 f   KNpcResNode.obj
 0001:00032a09       ?CheckPartExist@KNpcResNode@@QAEHH@Z 10033a09 f   KNpcResNode.obj
 0001:00032a4c       ?GetFileName@KNpcResNode@@QAEHHHHPAD0H@Z 10033a4c f   KNpcResNode.obj
 0001:00032aae       ?GetInterval@KNpcResNode@@QAEHHHHH@Z 10033aae f   KNpcResNode.obj
 0001:00032afb       ?GetTotalFrames@KNpcResNode@@QAEHHHHH@Z 10033afb f   KNpcResNode.obj
 0001:00032b48       ?GetTotalDirs@KNpcResNode@@QAEHHHHH@Z 10033b48 f   KNpcResNode.obj
 0001:00032b95       ?GetActNo@KNpcResNode@@QAEHHHH@Z 10033b95 f   KNpcResNode.obj
 0001:00032bf5       ?GetSort@KNpcResNode@@QAEHHHHPAHH@Z 10033bf5 f   KNpcResNode.obj
 0001:00032c9d       ?GetActionSoundName@KNpcResNode@@QAEXHPAD@Z 10033c9d f   KNpcResNode.obj
 0001:00032cfd       ?GetShadowName@KNpcResNode@@SAXPAD0@Z 10033cfd f   KNpcResNode.obj
 0001:00032d87       ??0CActionName@@QAE@XZ     10033d87 f   KNpcResNode.obj
 0001:00032de9       ?Init@CActionName@@QAEHPAD@Z 10033de9 f   KNpcResNode.obj
 0001:00032fe2       ?GetActionNo@CActionName@@QAEHPAD@Z 10033fe2 f   KNpcResNode.obj
 0001:00033064       ?GetActionCount@CActionName@@QAEHXZ 10034064 f   KNpcResNode.obj
 0001:0003307f       ?GetActionName@CActionName@@QAEHHPADH@Z 1003407f f   KNpcResNode.obj
 0001:000330f9       ??0CShadowFileName@@QAE@XZ 100340f9 f   KNpcResNode.obj
 0001:00033121       ??1CShadowFileName@@QAE@XZ 10034121 f   KNpcResNode.obj
 0001:00033175       ?Init@CShadowFileName@@QAEXH@Z 10034175 f   KNpcResNode.obj
 0001:00033214       ?GetFile@CShadowFileName@@QAEHHPAH0000PAD@Z 10034214 f   KNpcResNode.obj
 0001:000332dc       ??0CStateMagicTable@@QAE@XZ 100342dc f   KNpcResNode.obj
 0001:000333a2       ?Init@CStateMagicTable@@QAEHXZ 100343a2 f   KNpcResNode.obj
 0001:00033736       ?GetInfo@CStateMagicTable@@QAEXHPADPAH111111@Z 10034736 f   KNpcResNode.obj
 0001:00033853       ??0CRESINFO@@QAE@XZ        10034853 f   KNpcResNode.obj
 0001:00033885       ??1CRESINFO@@QAE@XZ        10034885 f   KNpcResNode.obj
 0001:000338a9       ?AutoDelete@CRESINFO@@QAEXXZ 100348a9 f   KNpcResNode.obj
 0001:00033909       ?AutoNew@CRESINFO@@QAEHHH@Z 10034909 f   KNpcResNode.obj
 0001:00033a19       ?GetName@CRESINFO@@QAEHHHPAD0H@Z 10034a19 f   KNpcResNode.obj
 0001:00033ac7       ?GetInterval@CRESINFO@@QAEHHHH@Z 10034ac7 f   KNpcResNode.obj
 0001:00033b1a       ?GetTotalFrames@CRESINFO@@QAEHHHH@Z 10034b1a f   KNpcResNode.obj
 0001:00033b6c       ?GetTotalDirs@CRESINFO@@QAEHHHH@Z 10034b6c f   KNpcResNode.obj
 0001:00033bbf       ??0CEquipStyleTable@@QAE@XZ 10034bbf f   KNpcResNode.obj
 0001:00033bf1       ??1CEquipStyleTable@@QAE@XZ 10034bf1 f   KNpcResNode.obj
 0001:00033c15       ?AutoDelete@CEquipStyleTable@@QAEXXZ 10034c15 f   KNpcResNode.obj
 0001:00033c75       ?AutoNew@CEquipStyleTable@@QAEHHH@Z 10034c75 f   KNpcResNode.obj
 0001:00033d2d       ?SetValue@CEquipStyleTable@@QAEXHHH@Z 10034d2d f   KNpcResNode.obj
 0001:00033d7c       ?GetValue@CEquipStyleTable@@QAEHHH@Z 10034d7c f   KNpcResNode.obj
 0001:00033dd9       ??0CSortTable@@QAE@XZ      10034dd9 f   KNpcResNode.obj
 0001:00033e4b       ??1CSortTable@@QAE@XZ      10034e4b f   KNpcResNode.obj
 0001:00033e6f       ?Release@CSortTable@@AAEXXZ 10034e6f f   KNpcResNode.obj
 0001:00033f06       ?SortStrToNum@CSortTable@@AAEXPADPAHH@Z 10034f06 f   KNpcResNode.obj
 0001:00034065       ?GetTable@CSortTable@@QAEHPADPAVCActionName@@H@Z 10035065 f   KNpcResNode.obj
 0001:00034194       ?GetTable@CSortTable@@QAEHPAVKIniFile@@PAVCActionName@@H@Z 10035194 f   KNpcResNode.obj
 0001:00034a11       ?GetSort@CSortTable@@QAEHHHHPAHH@Z 10035a11 f   KNpcResNode.obj
 0001:00034f30       ??_EKNpcResNode@@UAEPAXI@Z 10035f30 f i KNpcResNode.obj
 0001:00034f30       ??_GKNpcResNode@@UAEPAXI@Z 10035f30 f i KNpcResNode.obj
 0001:00034f70       ??0SACTTABLEOFF@@QAE@XZ    10035f70 f i KNpcResNode.obj
 0001:00034fa0       ?Clear@SACTTABLEOFF@@QAEXXZ 10035fa0 f i KNpcResNode.obj
 0001:00034fd0       ??0SECTINFO@KNpcResNode@@QAE@XZ 10035fd0 f i KNpcResNode.obj
 0001:00035000       ?Clear@SECTINFO@KNpcResNode@@QAEXXZ 10036000 f i KNpcResNode.obj
 0001:0003508b       ??0KNpcSet@@QAE@XZ         1003608b f   KNpcSet.obj
 0001:00035164       ?Init@KNpcSet@@QAEXXZ      10036164 f   KNpcSet.obj
 0001:000352b2       ?LoadPlayerBaseValue@KNpcSet@@QAEXPAD@Z 100362b2 f   KNpcSet.obj
 0001:000354e6       ?IsNpcExist@KNpcSet@@QAEHHK@Z 100364e6 f   KNpcSet.obj
 0001:00035517       ?GenOneRelation@KNpcSet@@AAE?AW4NPC_RELATION@@W4NPCKIND@@0W4NPCCAMP@@1@Z 10036517 f   KNpcSet.obj
 0001:000355b6       ?GenRelationTable@KNpcSet@@AAEHXZ 100365b6 f   KNpcSet.obj
 0001:000356b5       ?SearchID@KNpcSet@@QAEHK@Z 100366b5 f   KNpcSet.obj
 0001:00035732       ?SearchClientID@KNpcSet@@QAEHUKClientNpcID@@@Z 10036732 f   KNpcSet.obj
 0001:000357c3       ?SearchName@KNpcSet@@QAEHPAD@Z 100367c3 f   KNpcSet.obj
 0001:00035855       ?SearchNameID@KNpcSet@@QAEHK@Z 10036855 f   KNpcSet.obj
 0001:0003590c       ?FindFree@KNpcSet@@AAEHXZ  1003690c f   KNpcSet.obj
 0001:00035944       ?AddClientNpc@KNpcSet@@QAEHHHHHHH@Z 10036944 f   KNpcSet.obj
 0001:00035ab9       ?Add@KNpcSet@@QAEHHPAX@Z   10036ab9 f   KNpcSet.obj
 0001:00035c8c       ?Add@KNpcSet@@QAEHHHHH@Z   10036c8c f   KNpcSet.obj
 0001:00035d2a       ?Add@KNpcSet@@QAEHHHHHHHH@Z 10036d2a f   KNpcSet.obj
 0001:00036076       ?Remove@KNpcSet@@QAEXH@Z   10037076 f   KNpcSet.obj
 0001:0003611b       ?RemoveAll@KNpcSet@@QAEXXZ 1003711b f   KNpcSet.obj
 0001:00036215       ?InsertNpcToRegion@KNpcSet@@QAEXH@Z 10037215 f   KNpcSet.obj
 0001:0003634b       ?SetID@KNpcSet@@AAEXH@Z    1003734b f   KNpcSet.obj
 0001:000363cf       ?GetDistance@KNpcSet@@SAHHH@Z 100373cf f   KNpcSet.obj
 0001:00036650       ?GetDistanceSquare@KNpcSet@@SAHHH@Z 10037650 f   KNpcSet.obj
 0001:00036899       ?GetNextIdx@KNpcSet@@QAEHH@Z 10037899 f   KNpcSet.obj
 0001:000368e8       ?CheckBalance@KNpcSet@@QAEXXZ 100378e8 f   KNpcSet.obj
 0001:00036ce0       ?GetLife@KNpcSet@@QAEXHAAH00@Z 10037ce0 f   KNpcSet.obj
 0001:00036d9d       ?GetAroundPlayerForTeamInvite@KNpcSet@@QAEHPAUKUiPlayerItem@@H@Z 10037d9d f   KNpcSet.obj
 0001:00037054       ?GetAroundPlayer@KNpcSet@@QAEHPAUKUiPlayerItem@@H@Z 10038054 f   KNpcSet.obj
 0001:00037204       ?SetShowNameFlag@KNpcSet@@QAEXH@Z 10038204 f   KNpcSet.obj
 0001:0003724a       ?CheckShowName@KNpcSet@@QAEHXZ 1003824a f   KNpcSet.obj
 0001:00037268       ?SetShowLifeFlag@KNpcSet@@QAEXH@Z 10038268 f   KNpcSet.obj
 0001:000372ae       ?CheckShowLife@KNpcSet@@QAEHXZ 100382ae f   KNpcSet.obj
 0001:000372cc       ?SetShowChatFlag@KNpcSet@@QAEXH@Z 100382cc f   KNpcSet.obj
 0001:00037312       ?CheckShowChat@KNpcSet@@QAEHXZ 10038312 f   KNpcSet.obj
 0001:00037330       ?SetShowManaFlag@KNpcSet@@QAEXH@Z 10038330 f   KNpcSet.obj
 0001:00037376       ?CheckShowMana@KNpcSet@@QAEHXZ 10038376 f   KNpcSet.obj
 0001:00037394       ?ClearActivateFlagOfAllNpc@KNpcSet@@QAEXXZ 10038394 f   KNpcSet.obj
 0001:00037407       ?GetAroundOpenCaptain@KNpcSet@@QAEXH@Z 10038407 f   KNpcSet.obj
 0001:00037655       ?SearchNpcAt@KNpcSet@@QAEHHHHH@Z 10038655 f   KNpcSet.obj
 0001:0003784b       ?IsNpcRequestExist@KNpcSet@@QAEHK@Z 1003884b f   KNpcSet.obj
 0001:0003787e       ?InsertNpcRequest@KNpcSet@@QAEHK@Z 1003887e f   KNpcSet.obj
 0001:0003796c       ?RemoveNpcRequest@KNpcSet@@QAEXK@Z 1003896c f   KNpcSet.obj
 0001:00037a50       ?GetRequestIndex@KNpcSet@@QAEHK@Z 10038a50 f   KNpcSet.obj
 0001:00037ad6       ?GetRelation@KNpcSet@@QAE?AW4NPC_RELATION@@HH@Z 10038ad6 f   KNpcSet.obj
 0001:00038681       ??0KInstantSpecial@@QAE@XZ 10039681 f   KNpcSet.obj
 0001:00038715       ?LoadSprName@KInstantSpecial@@AAEXXZ 10039715 f   KNpcSet.obj
 0001:00038847       ?LoadSoundName@KInstantSpecial@@AAEXXZ 10039847 f   KNpcSet.obj
 0001:000389d6       ?GetSprName@KInstantSpecial@@QAEXHPADH@Z 100399d6 f   KNpcSet.obj
 0001:00038a74       ?PlaySoundA@KInstantSpecial@@QAEXH@Z 10039a74 f   KNpcSet.obj
 0001:00038b90       ??1KNpcSet@@QAE@XZ         10039b90 f i KNpcSet.obj
 0001:00038c50       ?Clear@KSkillList@@QAEXXZ  10039c50 f i KNpcSet.obj
 0001:00038c90       ?GetEnmityPKState@KPlayerPK@@QAEHXZ 10039c90 f i KNpcSet.obj
 0001:00038cb0       ?GetEnmityPKAimNpcID@KPlayerPK@@QAEHXZ 10039cb0 f i KNpcSet.obj
 0001:00038cd0       ?GetExercisePKAim@KPlayerPK@@QAEHXZ 10039cd0 f i KNpcSet.obj
 0001:00038cf0       ?InitNpcBaseData@KNpcTemplate@@QAEXH@Z 10039cf0 f   KNpcTemplate.obj
 0001:000391c9       ?InitNpcLevelData@KNpcTemplate@@QAEXPAVKTabFile@@HH@Z 1003a1c9 f   KNpcTemplate.obj
 0001:00039287       ?GetNpcLevelDataFromScript@KNpcTemplate@@SAHPAVKLuaScript@@PADH1@Z 1003a287 f   KNpcTemplate.obj
 0001:00039381       ?GetNpcLevelDataFromScript@KNpcTemplate@@SAHPAVKLuaScript@@PADHNNN@Z 1003a381 f   KNpcTemplate.obj
 0001:00039467       ?SkillString2Id@KNpcTemplate@@SAHPAD@Z 1003a467 f   KNpcTemplate.obj
 0001:00039560       ?Init@KFaction@@QAEHXZ     1003a560 f   KFaction.obj
 0001:000397a0       ?GetID@KFaction@@QAEHHH@Z  1003a7a0 f   KFaction.obj
 0001:000397da       ?GetID@KFaction@@QAEHHPAD@Z 1003a7da f   KFaction.obj
 0001:00039867       ?GetCamp@KFaction@@QAEHH@Z 1003a867 f   KFaction.obj
 0001:00039918       ??0KPlayer@@QAE@XZ         1003a918 f   KPlayer.obj
 0001:000399f6       ??1KPlayer@@QAE@XZ         1003a9f6 f   KPlayer.obj
 0001:00039a8b       ?Release@KPlayer@@QAEXXZ   1003aa8b f   KPlayer.obj
 0001:0003a526       ?SetPlayerIndex@KPlayer@@QAEXH@Z 1003b526 f   KPlayer.obj
 0001:0003a555       ?GetPlayerIndex@KPlayer@@QAEHXZ 1003b555 f   KPlayer.obj
 0001:0003a56d       ?Active@KPlayer@@QAEXXZ    1003b56d f   KPlayer.obj
 0001:0003ab30       ?ProcessMsg@KPlayer@@QAEXPAVKWorldMsgNode@@@Z 1003bb30 f   KPlayer.obj
 0001:0003ab56       ?PlayerAuto@KPlayer@@QAEXXZ 1003bb56 f   KPlayer.obj
 0001:0003b29a       ?PlayerSwitchAura@KPlayer@@QAEXXZ 1003c29a f   KPlayer.obj
 0001:0003b34f       ?PlayerMoveMps@KPlayer@@QAEHXZ 1003c34f f   KPlayer.obj
 0001:0003b530       ?GetMoveMpsCount@KPlayer@@QAEHXZ 1003c530 f   KPlayer.obj
 0001:0003b592       ?IsNotValidNpc@KPlayer@@QAEHH@Z 1003c592 f   KPlayer.obj
 0001:0003b71e       ?IsEquipSatisfyCondition@KPlayer@@QAEHH@Z 1003c71e f   KPlayer.obj
 0001:0003b7f8       ?PlayerFilterEquip@KPlayer@@QAEXXZ 1003c7f8 f   KPlayer.obj
 0001:0003bbd8       ?AutoAddNpc2Array@KPlayer@@QAEHH@Z 1003cbd8 f   KPlayer.obj
 0001:0003c588       ?FindObjectNearPlayer@KPlayer@@QAEHXZ 1003d588 f   KPlayer.obj
 0001:0003cc9e       ?FindNearNpc2Array@KPlayer@@QAEHH@Z 1003dc9e f   KPlayer.obj
 0001:0003ce90       ?FindNearObject2Array@KPlayer@@QAEHXZ 1003de90 f   KPlayer.obj
 0001:0003d056       ?IsNotValidObject@KPlayer@@QAEHH@Z 1003e056 f   KPlayer.obj
 0001:0003d1e8       ?FindSame@KEquipmentArray@@QAEHH@Z 1003e1e8 f   KPlayer.obj
 0001:0003d253       ?PlayerFollowActack@KPlayer@@QAEXH@Z 1003e253 f   KPlayer.obj
 0001:0003db91       ?SetSortEquipment@KPlayer@@QAEXH@Z 1003eb91 f   KPlayer.obj
 0001:0003dc08       ?SortEquipment@KPlayer@@QAEXXZ 1003ec08 f   KPlayer.obj
 0001:0003de50       ?CheckEquip@KPlayer@@QAEHE@Z 1003ee50 f   KPlayer.obj
 0001:0003de96       ?CheckEquipMagic@KPlayer@@QAEHH@Z 1003ee96 f   KPlayer.obj
 0001:0003df70       ?InventoryItem@KPlayer@@QAEHXZ 1003ef70 f   KPlayer.obj
 0001:0003e40d       ?AutoSellItem@KPlayer@@QAEHXZ 1003f40d f   KPlayer.obj
 0001:0003e749       ?ReturnFromPortal@KPlayer@@QAEHXZ 1003f749 f   KPlayer.obj
 0001:0003eff0       ?AutoReturn@KPlayer@@QAEXXZ 1003fff0 f   KPlayer.obj
 0001:0003f17a       ?MoveTo@KPlayer@@QAEXHH@Z  1004017a f   KPlayer.obj
 0001:0003f27e       ?AutoBuffSkillState@KPlayer@@QAEHXZ 1004027e f   KPlayer.obj
 0001:0003f560       ?PlayerFollowObject@KPlayer@@QAEXH@Z 10040560 f   KPlayer.obj
 0001:0003f873       ?AutoParty@KPlayer@@QAEXXZ 10040873 f   KPlayer.obj
 0001:0003fa0c       ?PlayerEatAItem@KPlayer@@QAEXXZ 10040a0c f   KPlayer.obj
 0001:00040175       ?PlayerUseItem@KPlayer@@QAEXH@Z 10041175 f   KPlayer.obj
 0001:000409f2       ?ProcessInputMsg@KPlayer@@QAEXIIJ@Z 100419f2 f   KPlayer.obj
 0001:00040c4d       ?OnButtonDown@KPlayer@@AAEXHHHW4MOUSE_BUTTON@@@Z 10041c4d f   KPlayer.obj
 0001:00040ccc       ?OnButtonMove@KPlayer@@AAEXHHHW4MOUSE_BUTTON@@@Z 10041ccc f   KPlayer.obj
 0001:00040d0f       ?OnButtonUp@KPlayer@@AAEXHHW4MOUSE_BUTTON@@@Z 10041d0f f   KPlayer.obj
 0001:00040d3e       ?OnMouseMove@KPlayer@@AAEXHH@Z 10041d3e f   KPlayer.obj
 0001:00040e8e       ?ProcessMouse@KPlayer@@AAEXHHHW4MOUSE_BUTTON@@@Z 10041e8e f   KPlayer.obj
 0001:00041607       ?Walk@KPlayer@@QAEXHH@Z    10042607 f   KPlayer.obj
 0001:0004182a       ?TurnLeft@KPlayer@@QAEXXZ  1004282a f   KPlayer.obj
 0001:000418ce       ?TurnRight@KPlayer@@QAEXXZ 100428ce f   KPlayer.obj
 0001:00041972       ?TurnBack@KPlayer@@QAEXXZ  10042972 f   KPlayer.obj
 0001:00041a2a       ?FindSelectNpc@KPlayer@@QAEXHHH@Z 10042a2a f   KPlayer.obj
 0001:00041a97       ?FindSelectObject@KPlayer@@QAEXHH@Z 10042a97 f   KPlayer.obj
 0001:00041af7       ?NetCommandPlayerTalk@KPlayer@@AAEHPAE@Z 10042af7 f   KPlayer.obj
 0001:00041b0d       ?ConformIdx@KPlayer@@QAEHH@Z 10042b0d f   KPlayer.obj
 0001:00041b3e       ?OpenBuyShop@KPlayer@@QAEXK@Z 10042b3e f   KPlayer.obj
 0001:00041ba6       ?NewPlayerGetBaseAttribute@KPlayer@@QAEHH@Z 10042ba6 f   KPlayer.obj
 0001:00041cbb       ?CalcCurLucky@KPlayer@@AAEXXZ 10042cbb f   KPlayer.obj
 0001:00041cdf       ?ChangeCurStrength@KPlayer@@QAEXH@Z 10042cdf f   KPlayer.obj
 0001:00041d1a       ?ChangeCurDexterity@KPlayer@@QAEXH@Z 10042d1a f   KPlayer.obj
 0001:00041dd7       ?ChangeCurVitality@KPlayer@@QAEXH@Z 10042dd7 f   KPlayer.obj
 0001:00041e88       ?ChangeCurEngergy@KPlayer@@QAEXH@Z 10042e88 f   KPlayer.obj
 0001:00041efa       ?AddBaseLucky@KPlayer@@QAEXH@Z 10042efa f   KPlayer.obj
 0001:00041f35       ?SetNpcPhysicsDamage@KPlayer@@AAEXXZ 10042f35 f   KPlayer.obj
 0001:0004206d       ?SetNpcAttackRating@KPlayer@@AAEXXZ 1004306d f   KPlayer.obj
 0001:000420c3       ?SetNpcDefence@KPlayer@@AAEXXZ 100430c3 f   KPlayer.obj
 0001:0004211b       ?AddExp@KPlayer@@QAEXHHH@Z 1004311b f   KPlayer.obj
 0001:00042149       ?AddSelfExp@KPlayer@@QAEXHH@Z 10043149 f   KPlayer.obj
 0001:000423af       ?DirectAddExp@KPlayer@@QAEXH@Z 100433af f   KPlayer.obj
 0001:000424b0       ?SetLevel@KPlayer@@QAEXH@Z 100434b0 f   KPlayer.obj
 0001:00042b52       ?LevelUp@KPlayer@@QAEXXZ   10043b52 f   KPlayer.obj
 0001:0004320a       ?SetImageNpcId@KPlayer@@QAEXH@Z 1004420a f   KPlayer.obj
 0001:0004322a       ?UpdataCurData@KPlayer@@QAEXXZ 1004422a f   KPlayer.obj
 0001:00043de3       ?ReCalcEquip@KPlayer@@QAEXXZ 10044de3 f   KPlayer.obj
 0001:00043f38       ?ReCalcState@KPlayer@@QAEXXZ 10044f38 f   KPlayer.obj
 0001:00043fbd       ?AddLeadExp@KPlayer@@QAEXH@Z 10044fbd f   KPlayer.obj
 0001:00044093       ?LevelAttriBaseLifeMax@KPlayer@@AAEXXZ 10045093 f   KPlayer.obj
 0001:0004418d       ?LevelAttriBaseStaminaMax@KPlayer@@AAEXXZ 1004518d f   KPlayer.obj
 0001:00044287       ?LevelAttriBaseManaMax@KPlayer@@AAEXXZ 10045287 f   KPlayer.obj
 0001:0004436a       ?ChangePlayerCamp@KPlayer@@QAEXH@Z 1004536a f   KPlayer.obj
 0001:000443a4       ?ApplyTeamInfo@KPlayer@@QAEXK@Z 100453a4 f   KPlayer.obj
 0001:00044414       ?ApplySelfTeamInfo@KPlayer@@QAEXXZ 10045414 f   KPlayer.obj
 0001:0004444e       ?ApplyCreateTeam@KPlayer@@QAEHXZ 1004544e f   KPlayer.obj
 0001:00044478       ?ApplyTeamOpenClose@KPlayer@@QAEHH@Z 10045478 f   KPlayer.obj
 0001:00044542       ?ApplyAddTeam@KPlayer@@QAEXH@Z 10045542 f   KPlayer.obj
 0001:000446bd       ?AcceptTeamMember@KPlayer@@QAEXK@Z 100456bd f   KPlayer.obj
 0001:000447ac       ?TeamDropApplyOne@KPlayer@@QAEXK@Z 100457ac f   KPlayer.obj
 0001:0004484f       ?LeaveTeam@KPlayer@@QAEXXZ 1004584f f   KPlayer.obj
 0001:000448b0       ?TeamKickMember@KPlayer@@QAEXK@Z 100458b0 f   KPlayer.obj
 0001:00044933       ?ApplyTeamChangeCaptain@KPlayer@@QAEXK@Z 10045933 f   KPlayer.obj
 0001:000449b6       ?ApplyTeamDismiss@KPlayer@@QAEXXZ 100459b6 f   KPlayer.obj
 0001:00044a34       ?ApplySetPK@KPlayer@@QAEXH@Z 10045a34 f   KPlayer.obj
 0001:00044aa0       ?ApplyFactionData@KPlayer@@QAEXXZ 10045aa0 f   KPlayer.obj
 0001:00044b05       ?SendChat@KPlayer@@QAEXPAUKUiMsgParam@@PAD@Z 10045b05 f   KPlayer.obj
 0001:00044bc0       ?ApplyAddBaseAttribute@KPlayer@@QAEXHH@Z 10045bc0 f   KPlayer.obj
 0001:00044c4d       ?ApplyAddSkillLevel@KPlayer@@QAEHHH@Z 10045c4d f   KPlayer.obj
 0001:00044e95       ?ApplyUseItem@KPlayer@@QAEHHUItemPos@@@Z 10045e95 f   KPlayer.obj
 0001:0004539a       ?PickUpObj@KPlayer@@QAEXH@Z 1004639a f   KPlayer.obj
 0001:0004554b       ?ObjMouseClick@KPlayer@@QAEXH@Z 1004654b f   KPlayer.obj
 0001:000455ca       ?MoveItem@KPlayer@@QAEXUItemPos@@0@Z 100465ca f   KPlayer.obj
 0001:0004585d       ?ThrowAwayItem@KPlayer@@QAEHXZ 1004685d f   KPlayer.obj
 0001:000459d1       ?ChatAddFriend@KPlayer@@QAEXH@Z 100469d1 f   KPlayer.obj
 0001:00045a39       ?ChatRefuseFriend@KPlayer@@QAEXH@Z 10046a39 f   KPlayer.obj
 0001:00045aa1       ?TradeApplyOpen@KPlayer@@QAEXPADH@Z 10046aa1 f   KPlayer.obj
 0001:00045bda       ?TradeApplyClose@KPlayer@@QAEXXZ 10046bda f   KPlayer.obj
 0001:00045c3f       ?TradeApplyStart@KPlayer@@QAEXH@Z 10046c3f f   KPlayer.obj
 0001:00045d2c       ?TradeMoveMoney@KPlayer@@QAEHH@Z 10046d2c f   KPlayer.obj
 0001:00045e1a       ?TradeDecision@KPlayer@@QAEXH@Z 10046e1a f   KPlayer.obj
 0001:00045eb1       ?TradeApplyLock@KPlayer@@QAEXH@Z 10046eb1 f   KPlayer.obj
 0001:00045f36       ?s2cApplyAddTeam@KPlayer@@QAEXPAE@Z 10046f36 f   KPlayer.obj
 0001:000461e0       ?SetDefaultImmedSkill@KPlayer@@QAEXXZ 100471e0 f   KPlayer.obj
 0001:000462b1       ?SetLeftSkill@KPlayer@@QAEXH@Z 100472b1 f   KPlayer.obj
 0001:00046327       ?SetRightSkill@KPlayer@@QAEXH@Z 10047327 f   KPlayer.obj
 0001:0004640f       ?UpdateWeaponSkill@KPlayer@@QAEXXZ 1004740f f   KPlayer.obj
 0001:00046502       ?SetChatCurChannel@KPlayer@@QAEXH@Z 10047502 f   KPlayer.obj
 0001:00046536       ?TeamInviteAdd@KPlayer@@QAEXK@Z 10047536 f   KPlayer.obj
 0001:00046566       ?ExecuteScript@KPlayer@@QAEHPAD0H@Z 10047566 f   KPlayer.obj
 0001:0004661b       ?ExecuteScript@KPlayer@@QAEHKPADH@Z 1004761b f   KPlayer.obj
 0001:00046911       ?ExecuteScript@KPlayer@@QAEHKPAD0@Z 10047911 f   KPlayer.obj
 0001:00046c4b       ?ExecuteScript@KPlayer@@QAEHPAD00@Z 10047c4b f   KPlayer.obj
 0001:00046d0d       ?ExecuteScriptNew@KPlayer@@QAEHKPAD00@Z 10047d0d f   KPlayer.obj
 0001:00047001       ?ExecuteScriptNew@KPlayer@@QAEHPAD000@Z 10048001 f   KPlayer.obj
 0001:0004707f       ?DoScript@KPlayer@@QAEHPAD@Z 1004807f f   KPlayer.obj
 0001:000472f6       ?DoScriptAction@KPlayer@@QAEXPAUPLAYER_SCRIPTACTION_SYNC@@@Z 100482f6 f   KPlayer.obj
 0001:00047337       ?ProcessPlayerSelectFromUI@KPlayer@@QAEXPAE@Z 10048337 f   KPlayer.obj
 0001:00047451       ?OnSelectFromUI@KPlayer@@QAEXPAUPLAYER_SELECTUI_COMMAND@@W4UIInfo@@@Z 10048451 f   KPlayer.obj
 0001:00047557       ?ChatFriendOnLine@KPlayer@@QAEXKH@Z 10048557 f   KPlayer.obj
 0001:000476a4       ?GetFactionName@KPlayer@@QAEXPADH@Z 100486a4 f   KPlayer.obj
 0001:000476d4       ?OnScriptAction@KPlayer@@QAEXPAUPLAYER_SCRIPTACTION_SYNC@@@Z 100486d4 f   KPlayer.obj
 0001:000489dd       ?s2cTradeChangeState@KPlayer@@QAEXPAE@Z 100499dd f   KPlayer.obj
 0001:00048ecf       ?s2cLevelUp@KPlayer@@QAEXPAE@Z 10049ecf f   KPlayer.obj
 0001:000499fc       ?s2cGetCurAttribute@KPlayer@@QAEXPAE@Z 1004a9fc f   KPlayer.obj
 0001:00049c14       ?s2cSetExp@KPlayer@@QAEXH@Z 1004ac14 f   KPlayer.obj
 0001:00049d2f       ?s2cSyncMoney@KPlayer@@QAEXPAE@Z 1004ad2f f   KPlayer.obj
 0001:00049ec8       ?s2cTradeApplyStart@KPlayer@@QAEXPAE@Z 1004aec8 f   KPlayer.obj
 0001:00049fc4       ?s2cTradeMoneySync@KPlayer@@QAEXPAE@Z 1004afc4 f   KPlayer.obj
 0001:0004a037       ?s2cTradeDecision@KPlayer@@QAEXPAE@Z 1004b037 f   KPlayer.obj
 0001:0004a289       ?SyncCurPlayer@KPlayer@@QAEXPAE@Z 1004b289 f   KPlayer.obj
 0001:0004a97f       ?CheckTrading@KPlayer@@QAEHXZ 1004b97f f   KPlayer.obj
 0001:0004a9a2       ?CheckShopOpen@KPlayer@@QAEHXZ 1004b9a2 f   KPlayer.obj
 0001:0004a9c6       ?CheckShopBuyOpen@KPlayer@@QAEHXZ 1004b9c6 f   KPlayer.obj
 0001:0004a9ea       ?SetFirstDamage@KPlayer@@QAEXXZ 1004b9ea f   KPlayer.obj
 0001:0004ad08       ?SetBaseAttackRating@KPlayer@@QAEXXZ 1004bd08 f   KPlayer.obj
 0001:0004ad3f       ?SetBaseDefence@KPlayer@@QAEXXZ 1004bd3f f   KPlayer.obj
 0001:0004ad72       ?SetBaseResistData@KPlayer@@QAEXXZ 1004bd72 f   KPlayer.obj
 0001:0004af82       ?SetBaseSpeedAndRadius@KPlayer@@QAEXXZ 1004bf82 f   KPlayer.obj
 0001:0004b02a       ?DialogNpc@KPlayer@@QAEXH@Z 1004c02a f   KPlayer.obj
 0001:0004b0f6       ?CheckObject@KPlayer@@QAEXH@Z 1004c0f6 f   KPlayer.obj
 0001:0004b1f1       ?DrawSelectInfo@KPlayer@@QAEXXZ 1004c1f1 f   KPlayer.obj
 0001:0004b36d       ?GetEchoAttack@KPlayer@@QAEXPAHH@Z 1004c36d f   KPlayer.obj
 0001:0004b514       ?GetEchoDamage@KPlayer@@QAEXPAH0H@Z 1004c514 f   KPlayer.obj
 0001:0004c0a8       ?SetNpcDamageAttrib@KPlayer@@QAEXXZ 1004d0a8 f   KPlayer.obj
 0001:0004c0cc       ?SetAutoFlag@KPlayer@@QAEXH@Z 1004d0cc f   KPlayer.obj
 0001:0004c0ec       ?SendInfoAuto@KPlayer@@QAEXXZ 1004d0ec f   KPlayer.obj
 0001:0004c252       ?PlayerStarBuyItemNumber@KPlayer@@QAEXHHHHHH@Z 1004d252 f   KPlayer.obj
 0001:0004c2ae       ?PlayerSetAuto@KPlayer@@QAEXHHHHHHHHHHHHHH@Z 1004d2ae f   KPlayer.obj
 0001:0004c542       ?CheckRideHouse@KPlayer@@QAEXH@Z 1004d542 f   KPlayer.obj
 0001:0004c58f       ?SendShopCost@KPlayer@@QAEXXZ 1004d58f f   KPlayer.obj
 0001:0004c666       ?PlayerAutoOn@KPlayer@@QAEXXZ 1004d666 f   KPlayer.obj
 0001:0004c7ce       ?PlayerAutoPK@KPlayer@@QAEHXZ 1004d7ce f   KPlayer.obj
 0001:0004ce45       ?PlayerAutoLocDo@KPlayer@@QAEHXZ 1004de45 f   KPlayer.obj
 0001:0004d06b       ?checkmap@@YAHH@Z          1004e06b f   KPlayer.obj
 0001:0004d08c       ?QuayLaiDiaDiemCu2@KPlayer@@QAEHXZ 1004e08c f   KPlayer.obj
 0001:0004d0a0       ?AutoMove@@YAHHHH@Z        1004e0a0 f   KPlayer.obj
 0001:0004d16a       ?QuayLaiDiaDiemCu@KPlayer@@QAEHXZ 1004e16a f   KPlayer.obj
 0001:0004d2bf       ?PlayerAutoOnBuffH@KPlayer@@QAEHXZ 1004e2bf f   KPlayer.obj
 0001:0004d4c8       ?AutoTheoSau@KPlayer@@QAEHXZ 1004e4c8 f   KPlayer.obj
 0001:0004d7b5       ?PlayerAutoOnBuffL@KPlayer@@QAEHXZ 1004e7b5 f   KPlayer.obj
 0001:0004ddb0       ?PlayerAutoOnBuffE@KPlayer@@QAEHXZ 1004edb0 f   KPlayer.obj
 0001:0004e0e1       ?PlayerAutoOnStolen@KPlayer@@QAEHXZ 1004f0e1 f   KPlayer.obj
 0001:0004f232       ?PlayerAutoOnSkill@KPlayer@@QAEHXZ 10050232 f   KPlayer.obj
 0001:0004ff9f       ?PlayerAutoOnSkillTheoSau@KPlayer@@QAEHXZ 10050f9f f   KPlayer.obj
 0001:0005049a       ?PlayerAutoOnObj@KPlayer@@QAEHXZ 1005149a f   KPlayer.obj
 0001:00050800       ??0KPlayerChat@@QAE@XZ     10051800 f i KPlayer.obj
 0001:00050890       ??1KPlayerChat@@QAE@XZ     10051890 f i KPlayer.obj
 0001:00050920       ??0KEquipmentArray@@QAE@XZ 10051920 f i KPlayer.obj
 0001:00050960       ??1KEquipmentArray@@QAE@XZ 10051960 f i KPlayer.obj
 0001:00050990       ??1CChatFriendTeam@@QAE@XZ 10051990 f i KPlayer.obj
 0001:000509c0       ?ClearArrayNpcLag@KPlayer@@QAEXXZ 100519c0 f i KPlayer.obj
 0001:00050a10       ?ClearArrayObjectLag@KPlayer@@QAEXXZ 10051a10 f i KPlayer.obj
 0001:00050a60       ?ClearArrayTimeNpcLag@KPlayer@@QAEXXZ 10051a60 f i KPlayer.obj
 0001:00050ab0       ?ClearArrayTimeObjectLag@KPlayer@@QAEXXZ 10051ab0 f i KPlayer.obj
 0001:00050b00       ?ClearArrayNpcNeast@KPlayer@@QAEXXZ 10051b00 f i KPlayer.obj
 0001:00050b50       ?ClearArrayObjectNeast@KPlayer@@QAEXXZ 10051b50 f i KPlayer.obj
 0001:00050ba0       ?ClearArrayStateSkill@KPlayer@@QAEXXZ 10051ba0 f i KPlayer.obj
 0001:00050bf0       ?ClearArrayInvitePlayer@KPlayer@@QAEXXZ 10051bf0 f i KPlayer.obj
 0001:00050c30       ?ClearArrayTimeInvitePlayer@KPlayer@@QAEXXZ 10051c30 f i KPlayer.obj
 0001:00050c70       ?GetDetailType@KItem@@QBEHXZ 10051c70 f i KPlayer.obj
 0001:00050c90       ?GetGenre@KItem@@QBEHXZ    10051c90 f i KPlayer.obj
 0001:00050cb0       ?GetKind@KItem@@QAEHXZ     10051cb0 f i KPlayer.obj
 0001:00050cd0       ?GetHorseLimit@KSkill@@QAEHXZ 10051cd0 f i KPlayer.obj
 0001:00050cf0       ?GetWidth@KItem@@QBEHXZ    10051cf0 f i KPlayer.obj
 0001:00050d10       ?GetHeight@KItem@@QBEHXZ   10051d10 f i KPlayer.obj
 0001:00050d30       ?GetPrice@KItem@@QBEHXZ    10051d30 f i KPlayer.obj
 0001:00050d50       ?GetID@KItem@@QBEKXZ       10051d50 f i KPlayer.obj
 0001:00050d70       ??0tagPLAYER_COMMAND@@QAE@XZ 10051d70 f i KPlayer.obj
 0001:00050d90       ??1tagPLAYER_COMMAND@@QAE@XZ 10051d90 f i KPlayer.obj
 0001:00050dc0       ?Release@tagPLAYER_COMMAND@@QAEXXZ 10051dc0 f i KPlayer.obj
 0001:00050e10       ?FindFreeInvitePlayer@KPlayer@@QAEHXZ 10051e10 f i KPlayer.obj
 0001:00050e60       ?FindSameInvitePlayer@KPlayer@@QAEHH@Z 10051e60 f i KPlayer.obj
 0001:00050ec0       ?GetName@KItem@@QBEPADXZ   10051ec0 f i KPlayer.obj
 0001:00050ee0       ?GetBaseMagicAttribType@KItem@@QBEHH@Z 10051ee0 f i KPlayer.obj
 0001:00050f10       ?IsCanInput@KNpc@@QAEHXZ   10051f10 f i KPlayer.obj
 0001:00050f30       ?GetDurability@KItem@@QAEHXZ 10051f30 f i KPlayer.obj
 0001:00050f50       ?GetBindItem@KItem@@QBEHXZ 10051f50 f i KPlayer.obj
 0001:00050f70       ??_EKLuaScript@@UAEPAXI@Z  10051f70 f i KPlayer.obj
 0001:00050f70       ??_GKLuaScript@@UAEPAXI@Z  10051f70 f i KPlayer.obj
 0001:00050fc0       ?GetNpcRes@KNpc@@QAEPAVKNpcRes@@XZ 10051fc0 f i KPlayer.obj
 0001:00050fe0       ?Clear@BuySellInfo@@QAEXXZ 10051fe0 f i KPlayer.obj
 0001:00051020       ?GetDamageAttribs@KSkill@@QAEPAUKMagicAttrib@@XZ 10052020 f i KPlayer.obj
 0001:00051040       ?GetSeries@KItem@@QBEHXZ   10052040 f i KPlayer.obj
 0001:00051060       ?GetVersion@KItem@@QAEHXZ  10052060 f i KPlayer.obj
 0001:00051080       ?Release@KPlayerChat@@QAEXXZ 10052080 f   KPlayerChat.obj
 0001:000511a3       ?CheckExist@KPlayerChat@@QAEHK@Z 100521a3 f   KPlayerChat.obj
 0001:0005123f       ?CheckExist@KPlayerChat@@QAEHPAD@Z 1005223f f   KPlayerChat.obj
 0001:000512fb       ?GetFriendNode@KPlayerChat@@QAEPAVCChatFriend@@K@Z 100522fb f   KPlayerChat.obj
[...]
 0003:0000cab8       ??_C@_09KCNC@?5?5?$FL?$CFd?1?$CFd?$FN?$AA@ 100ccab8     CoreShell.obj
 0003:0000cac4       ?m_BranchFlag@KIpotBranch@@0PAIA 100ccac4     KIpotBranch.obj
 0003:0000ce58       ?m_RangePosTable@KScenePlaceC@@0PAUtagPOINT@@A 100cce58     KScenePlaceC.obj
 0003:0000cfe0       ?m_PRIIdxTable@KScenePlaceC@@0PAHA 100ccfe0     KScenePlaceC.obj
 0003:0000dab0       ??_R0?AVtype_info@@@8      100cdab0     MSVCRTD:ti_inst.obj
 0003:0000dae8       ?Missle@@3PAVKMissle@@A    100cdae8     KMissle.obj
 0003:0018b078       ?g_MisslesLib@@3PAVKMissle@@A 1024b078     KMissle.obj
 0003:00249b40       ?g_nRandMissleTab@@3PAHA   10309b40     KMissle.obj
 0003:00249cf0       ?MissleSet@@3VKMissleSet@@A 10309cf0     KMissleSet.obj
 0003:00249d08       ?g_SkillManager@@3VKSkillManager@@A 10309d08     KSkillManager.obj
 0003:0026e568       ?g_ulSkillCount@@3KA       1032e568     KSkillManager.obj
 0003:0026e5a0       ?SpecialMovieList@@3VKList@@A 1032e5a0     KSkillSpecial.obj
 0003:0026e5b8       ?g_pNpcTemplate@@3PAY0GE@PAVKNpcTemplate@@A 1032e5b8     KNpc.obj
 0003:00331ab8       ?Npc@@3PAVKNpc@@A          103f1ab8     KNpc.obj
 0003:00cf1ef0       ?NpcAI@@3VKNpcAI@@A        10db1ef0     KNpcAI.obj
 0003:00cf1ef8       ?g_NpcAttribModify@@3VKNpcAttribModify@@A 10db1ef8     KNpcAttribModify.obj
 0003:00cf2298       ?g_NpcResList@@3VKNpcResList@@A 10db2298     KNpcResList.obj
 0003:00cfaac0       ?NpcSet@@3VKNpcSet@@A      10dbaac0     KNpcSet.obj
 0003:00cfc638       ?g_Faction@@3VKFaction@@A  10dbc638     KFaction.obj
 0003:00cfc930       ?g_nLastNetMsgLoop@@3HA    10dbc930     KPlayer.obj
 0003:00cfc938       ?Player@@3PAVKPlayer@@A    10dbc938     KPlayer.obj
 0003:00d10890       ?PlayerSet@@3VKPlayerSet@@A 10dd0890     KPlayerSet.obj
 0003:00d12498       ?g_Team@@3PAVKTeam@@A      10dd2498     KPlayerTeam.obj
 0003:00d12748       ?BuySell@@3VKBuySell@@A    10dd2748     KBuySell.obj
 0003:00d12760       ?Item@@3PAVKItem@@A        10dd2760     KItem.obj
 0003:00dfdf78       ?g_ItemChangeRes@@3VKItemChangeRes@@A 10ebdf78     KItemChangeRes.obj
 0003:00dfe020       ?ItemGen@@3VKItemGenerator@@A 10ebe020     KItemGenerator.obj
 0003:00e03938       ?ItemSet@@3VKItemSet@@A    10ec3938     KItemSet.obj
 0003:00e041e8       ?Object@@3PAVKObj@@A       10ec41e8     KObj.obj
 0003:00e415f0       ?ObjSet@@3VKObjSet@@A      10f015f0     KObjSet.obj
 0003:00e41690       ?g_cViewItem@@3VKViewItem@@A 10f01690     KViewItem.obj
 0003:00e41788       ?g_WorldScript@@3VKLuaScript@@A 10f01788     KCore.obj
 0003:00e417fc       ?g_bDebugScript@@3HA       10f017fc     KCore.obj
 0003:00e41800       ?g_SoundCache@@3VKSoundCache@@A 10f01800     KCore.obj
 0003:00e41824       ?g_nHandSkill@@3HA         10f01824     KCore.obj
 0003:00e41828       ?g_nRangeWeaponSkill@@3PAHA 10f01828     KCore.obj
 0003:00e419b8       ?g_nMeleeWeaponSkill@@3PAHA 10f019b8     KCore.obj
 0003:00e41b48       ?g_NpcKindFile@@3VKTabFile@@A 10f01b48     KCore.obj
 0003:00e41b68       ?g_NpcSetting@@3VKTabFile@@A 10f01b68     KCore.obj
 0003:00e41b88       ?g_SkillLevelSetting@@3VKTabFile@@A 10f01b88     KCore.obj
 0003:00e41ba8       ?g_MisslesSetting@@3VKTabFile@@A 10f01ba8     KCore.obj
 0003:00e41bc8       ?g_OrdinSkillsSetting@@3VKTabFile@@A 10f01bc8     KCore.obj
 0003:00e41be4       ?g_bPingReply@@3HA         10f01be4     KCore.obj
 0003:00e41be8       ?g_pClient@@3PAUIClient@@A 10f01be8     KCore.obj
 0003:00e41bf0       ?g_RankTabSetting@@3VKTabFile@@A 10f01bf0     KCore.obj
 0003:00e41c10       ?g_ClientWeaponSkillTabFile@@3VKTabFile@@A 10f01c10     KCore.obj
 0003:00e41c2c       ?g_pAdjustColorTab@@3PAIA  10f01c2c     KCore.obj
 0003:00e41c30       ?g_ulAdjustColorCount@@3IA 10f01c30     KCore.obj
 0003:00e41c34       ?g_bUISelIntelActiveWithServer@@3HA 10f01c34     KCore.obj
 0003:00e41c38       ?g_bUISpeakActiveWithServer@@3HA 10f01c38     KCore.obj
 0003:00e41c3c       ?g_bUISelLastSelCount@@3HA 10f01c3c     KCore.obj
 0003:00e41c40       ?g_pMusic@@3PAVKMusic@@A   10f01c40     KCore.obj
 0003:00e41c44       ?g_pNpcLevelScript@@3PAVKLuaScript@@A 10f01c44     KCore.obj
 0003:00e41c48       ?SubWorld@@3PAVKSubWorld@@A 10f01c48     KSubWorld.obj
 0003:00e41d70       ?PathIts@@3V?$vector@UFindPathNode@@V?$allocator@UFindPathNode@@@std@@@std@@A 10f01d70     KSubWorldSet.obj
 0003:00e41d80       ?OldY@@3HA                 10f01d80     KSubWorldSet.obj
 0003:00e41d84       ?OldX@@3HA                 10f01d84     KSubWorldSet.obj
 0003:00e41d88       ?nActiveRegionCount@@3HA   10f01d88     KSubWorldSet.obj
 0003:00e41d8c       ?pPlayScript@@3PAVKLuaScript@@A 10f01d8c     KSubWorldSet.obj
 0003:00e41d90       ?g_SubWorldSet@@3VKSubWorldSet@@A 10f01d90     KSubWorldSet.obj
 0003:00e4dec8       ?TickMove@@3KA             10f0dec8     KSubWorldSet.obj
 0003:00e4decc       ?g_nConquerSeries@@3PAHA   10f0decc     KMath.obj
 0003:00e4dee0       ?g_nAccrueSeries@@3PAHA    10f0dee0     KMath.obj
 0003:00e4def8       ?g_ProtocolProcess@@3VKProtocolProcess@@A 10f0def8     KProtocolProcess.obj
 0003:00e4e2f0       ?g_TempValue@@3PAHA        10f0e2f0     ScriptFuns.obj
 0003:00e4eac0       ?g_StoryScriptList@@3VKScriptList@@A 10f0eac0     ScriptFuns.obj
 0003:00e4ead8       ?g_ScriptValueSet@@3VKScriptValueSet@@A 10f0ead8     KScriptValueSet.obj
 0003:00e4eb20       ?g_szCurScriptDir@@3PADA   10f0eb20     KSortScript.obj
 0003:00e4ec24       ?nCurrentScriptNum@@3IA    10f0ec24     KSortScript.obj
 0003:00e4ec28       ?g_ScriptBinTree@@3V?$BinSTree@VKSortScriptNode@@@@A 10f0ec28     KSortScript.obj
 0003:00e4ec38       ?g_ScriptSet@@3PAVKLuaScript@@A 10f0ec38     KSortScript.obj
 0003:00e4ee84       ?l_pDataChangedNotifyFunc@@3PAUIClientCallback@@A 10f0ee84     CoreShell.obj
 0003:00e4ee90       ?g_JXPathFinder@@3VKJXPathFinder@@A 10f0ee90     Kjxpathfinder.obj
 0003:00e4eec8       ?g_ScenePlace@@3VKScenePlaceC@@A 10f0eec8     KScenePlaceC.obj
 0003:00eb94e4       ?g_bShowGameInfo@@3_NA     10f794e4     KScenePlaceC.obj
 0003:00eb94e8       ?g_nMapIndex@@3HA          10f794e8     KScenePlaceC.obj
 0003:00eb94ec       ?g_bShowObstacle@@3HA      10f794ec     KScenePlaceC.obj
 0003:00eb953c       ?g_pRepresent@@3PAUiRepresentShell@@A 10f7953c     ImgRef.obj
 0003:00eb9540       ?l_Time@@3IA               10f79540     ImgRef.obj
 0003:00eb9548       ?g_MagicDesc@@3VKMagicDesc@@A 10f79548     KMagicDesc.obj
 0003:00eb9630       ?g_StringResourseTabFile@@3VKTabFile@@A 10f79630     KTaskFuns.obj
 0003:00eb9650       ?Option@@3VKOption@@A      10f79650     KOption.obj
 0003:00eb9660       ?Ladder@@3VKLadder@@A      10f79660     KLadder.obj
 0003:00ebb33c       __adjust_fdiv              10f7b33c     <common>
 0003:00ebb340       __pRawDllMain              10f7b340     <common>
 0003:00ebb344       ___onexitend               10f7b344     <common>
 0003:00ebb348       ___onexitbegin             10f7b348     <common>

 entry point at        0001:000b2100

 Static symbols

 0001:000b1620       _$E6                       100b2620 f   KLadder.obj
 0001:000b1636       _$E3                       100b2636 f   KLadder.obj
 0001:000b164c       _$E5                       100b264c f   KLadder.obj
 0001:000b1665       _$E4                       100b2665 f   KLadder.obj
 0001:000afc90       _$E9                       100b0c90 f   KTaskFuns.obj
 0001:000afca6       _$E6                       100b0ca6 f   KTaskFuns.obj
 0001:000afcc8       _$E8                       100b0cc8 f   KTaskFuns.obj
 0001:000afce1       _$E7                       100b0ce1 f   KTaskFuns.obj
 0001:000af130       _$E6                       100b0130 f   KMagicDesc.obj
 0001:000af146       _$E3                       100b0146 f   KMagicDesc.obj
 0001:000af15c       _$E5                       100b015c f   KMagicDesc.obj
 0001:000af175       _$E4                       100b0175 f   KMagicDesc.obj
 0001:000ab4ff       _$E4                       100ac4ff f   SceneMath.obj
 0001:000ab510       _$E3                       100ac510 f   SceneMath.obj
 0001:000a0270       _$E12                      100a1270 f   KScenePlaceC.obj
 0001:000a0286       _$E9                       100a1286 f   KScenePlaceC.obj
 0001:000a029c       _$E11                      100a129c f   KScenePlaceC.obj
 0001:000a02b5       _$E10                      100a12b5 f   KScenePlaceC.obj
 0001:0009e0c0       _$E9                       1009f0c0 f   Kjxpathfinder.obj
 0001:0009e0d6       _$E6                       1009f0d6 f   Kjxpathfinder.obj
 0001:0009e0ec       _$E8                       1009f0ec f   Kjxpathfinder.obj
 0001:0009e105       _$E7                       1009f105 f   Kjxpathfinder.obj
 0001:0008fb90       _$E13                      10090b90 f   CoreShell.obj
 0001:0008fba1       _$E12                      10090ba1 f   CoreShell.obj
 0001:0008ec60       _$E6                       1008fc60 f   KSortScript.obj
 0001:0008ec76       _$E3                       1008fc76 f   KSortScript.obj
 0001:0008ec9d       _$E5                       1008fc9d f   KSortScript.obj
 0001:0008ecb6       _$E4                       1008fcb6 f   KSortScript.obj
 0001:0008ecd6       _$E11                      1008fcd6 f   KSortScript.obj
 0001:0008ecec       _$E8                       1008fcec f   KSortScript.obj
 0001:0008ed02       _$E10                      1008fd02 f   KSortScript.obj
 0001:0008ed1b       _$E9                       1008fd1b f   KSortScript.obj
 0001:0008edb4       ?LoadAllScript@@YAKPAD@Z   1008fdb4 f   KSortScript.obj
 0001:0008f17c       ?LoadScriptToSortList@@YAHPAD@Z 1009017c f   KSortScript.obj
 0001:0008f316       ?LoadScriptToSortListA@@YAHPAD@Z 10090316 f   KSortScript.obj
 0001:0008e1d0       _$E6                       1008f1d0 f   KScriptValueSet.obj
 0001:0008e1e6       _$E3                       1008f1e6 f   KScriptValueSet.obj
 0001:0008e1fc       _$E5                       1008f1fc f   KScriptValueSet.obj
 0001:0008e215       _$E4                       1008f215 f   KScriptValueSet.obj
 0001:00089bc0       _$E9                       1008abc0 f   ScriptFuns.obj
 0001:00089bd6       _$E6                       1008abd6 f   ScriptFuns.obj
 0001:00089bf8       _$E8                       1008abf8 f   ScriptFuns.obj
 0001:00089c11       _$E7                       1008ac11 f   ScriptFuns.obj
 0001:0007f560       _$E14                      10080560 f   KProtocolProcess.obj
 0001:0007f576       _$E11                      10080576 f   KProtocolProcess.obj
 0001:0007f58c       _$E13                      1008058c f   KProtocolProcess.obj
 0001:0007f5a5       _$E12                      100805a5 f   KProtocolProcess.obj
 0001:00087a58       ?sParseUGName@@YAHABV?$basic_string@DU?$char_traits@D@std@@V?$allocator@D@2@@std@@PAV12@1@Z 10088a58 f   KProtocolProcess.obj
 0001:0007b570       _$E8                       1007c570 f   KSubWorldSet.obj
 0001:0007b586       _$E5                       1007c586 f   KSubWorldSet.obj
 0001:0007b59c       _$E7                       1007c59c f   KSubWorldSet.obj
 0001:0007b5b5       _$E6                       1007c5b5 f   KSubWorldSet.obj
 0001:0007b855       _$E16                      1007c855 f   KSubWorldSet.obj
 0001:0007b86b       _$E13                      1007c86b f   KSubWorldSet.obj
 0001:0007b892       _$E15                      1007c892 f   KSubWorldSet.obj
 0001:0007b8ab       _$E14                      1007c8ab f   KSubWorldSet.obj
 0001:000781b0       _$E14                      100791b0 f   KSubWorld.obj
 0001:000781c6       _$E11                      100791c6 f   KSubWorld.obj
 0001:000781ed       _$E13                      100791ed f   KSubWorld.obj
 0001:00078206       _$E12                      10079206 f   KSubWorld.obj
 0001:000770b0       _$E7                       100780b0 f   KCore.obj
 0001:000770c6       _$E4                       100780c6 f   KCore.obj
 0001:000770e8       _$E6                       100780e8 f   KCore.obj
 0001:00077101       _$E5                       10078101 f   KCore.obj
 0001:00077123       _$E18                      10078123 f   KCore.obj
 0001:00077139       _$E15                      10078139 f   KCore.obj
 0001:0007715b       _$E17                      1007815b f   KCore.obj
 0001:00077174       _$E16                      10078174 f   KCore.obj
 0001:00077196       _$E23                      10078196 f   KCore.obj
 0001:000771ac       _$E20                      100781ac f   KCore.obj
 0001:000771e2       _$E22                      100781e2 f   KCore.obj
 0001:000771fb       _$E21                      100781fb f   KCore.obj
 0001:00077231       _$E28                      10078231 f   KCore.obj
 0001:00077247       _$E25                      10078247 f   KCore.obj
 0001:00077269       _$E27                      10078269 f   KCore.obj
 0001:00077282       _$E26                      10078282 f   KCore.obj
 0001:000772a4       _$E33                      100782a4 f   KCore.obj
 0001:000772ba       _$E30                      100782ba f   KCore.obj
 0001:000772dc       _$E32                      100782dc f   KCore.obj
 0001:000772f5       _$E31                      100782f5 f   KCore.obj
 0001:00077317       _$E38                      10078317 f   KCore.obj
 0001:0007732d       _$E35                      1007832d f   KCore.obj
 0001:0007734f       _$E37                      1007834f f   KCore.obj
 0001:00077368       _$E36                      10078368 f   KCore.obj
 0001:0007738a       _$E43                      1007838a f   KCore.obj
 0001:000773a0       _$E40                      100783a0 f   KCore.obj
 0001:000773c2       _$E42                      100783c2 f   KCore.obj
 0001:000773db       _$E41                      100783db f   KCore.obj
 0001:000773fd       _$E48                      100783fd f   KCore.obj
 0001:00077413       _$E45                      10078413 f   KCore.obj
 0001:00077435       _$E47                      10078435 f   KCore.obj
 0001:0007744e       _$E46                      1007844e f   KCore.obj
 0001:00076c60       _$E4                       10077c60 f   KViewItem.obj
 0001:00076c71       _$E3                       10077c71 f   KViewItem.obj
 0001:00075060       _$E12                      10076060 f   KObjSet.obj
 0001:00075076       _$E9                       10076076 f   KObjSet.obj
 0001:0007508c       _$E11                      1007608c f   KObjSet.obj
 0001:000750a5       _$E10                      100760a5 f   KObjSet.obj
 0001:000731e0       _$E12                      100741e0 f   KObj.obj
 0001:000731f1       _$E11                      100741f1 f   KObj.obj
 0001:000722a0       _$E6                       100732a0 f   KItemSet.obj
 0001:000722b6       _$E3                       100732b6 f   KItemSet.obj
 0001:000722cc       _$E5                       100732cc f   KItemSet.obj
 0001:000722e5       _$E4                       100732e5 f   KItemSet.obj
 0001:00067490       _$E6                       10068490 f   KItemGenerator.obj
 0001:000674a6       _$E3                       100684a6 f   KItemGenerator.obj
 0001:000674bc       _$E5                       100684bc f   KItemGenerator.obj
 0001:000674d5       _$E4                       100684d5 f   KItemGenerator.obj
 0001:00066e70       _$E6                       10067e70 f   KItemChangeRes.obj
 0001:00066e86       _$E3                       10067e86 f   KItemChangeRes.obj
 0001:00066e9c       _$E5                       10067e9c f   KItemChangeRes.obj
 0001:00066eb5       _$E4                       10067eb5 f   KItemChangeRes.obj
 0001:000628d0       _$E29                      100638d0 f   KItem.obj
 0001:000628e6       _$E26                      100638e6 f   KItem.obj
 0001:00062910       _$E28                      10063910 f   KItem.obj
 0001:00062929       _$E27                      10063929 f   KItem.obj
 0001:00060d20       _$E8                       10061d20 f   KBuySell.obj
 0001:00060d36       _$E5                       10061d36 f   KBuySell.obj
 0001:00060d4c       _$E7                       10061d4c f   KBuySell.obj
 0001:00060d65       _$E6                       10061d65 f   KBuySell.obj
 0001:00056e30       _$E6                       10057e30 f   KPlayerTeam.obj
 0001:00056e41       _$E5                       10057e41 f   KPlayerTeam.obj
 0001:000557d0       _$E8                       100567d0 f   KPlayerSet.obj
 0001:000557e6       _$E5                       100567e6 f   KPlayerSet.obj
 0001:000557fc       _$E7                       100567fc f   KPlayerSet.obj
 0001:00055815       _$E6                       10056815 f   KPlayerSet.obj
 0001:000398a0       _$E15                      1003a8a0 f   KPlayer.obj
 0001:000398b6       _$E12                      1003a8b6 f   KPlayer.obj
 0001:000398dd       _$E14                      1003a8dd f   KPlayer.obj
 0001:000398f6       _$E13                      1003a8f6 f   KPlayer.obj
 0001:00035030       _$E14                      10036030 f   KNpcSet.obj
 0001:00035046       _$E11                      10036046 f   KNpcSet.obj
 0001:0003505c       _$E13                      1003605c f   KNpcSet.obj
 0001:00035075       _$E12                      10036075 f   KNpcSet.obj
 0001:00030aa0       _$E6                       10031aa0 f   KNpcResList.obj
 0001:00030ab6       _$E3                       10031ab6 f   KNpcResList.obj
 0001:00030acc       _$E5                       10031acc f   KNpcResList.obj
 0001:00030ae5       _$E4                       10031ae5 f   KNpcResList.obj
 0001:00027090       _$E8                       10028090 f   KNpcAttribModify.obj
 0001:000270a6       _$E5                       100280a6 f   KNpcAttribModify.obj
 0001:000270bc       _$E7                       100280bc f   KNpcAttribModify.obj
 0001:000270d5       _$E6                       100280d5 f   KNpcAttribModify.obj
 0001:00023730       _$E6                       10024730 f   KNpcAI.obj
 0001:00023741       _$E5                       10024741 f   KNpcAI.obj
 0001:00014c20       _$E14                      10015c20 f   KNpc.obj
 0001:00014c36       _$E11                      10015c36 f   KNpc.obj
 0001:00014c60       _$E13                      10015c60 f   KNpc.obj
 0001:00014c79       _$E12                      10015c79 f   KNpc.obj
 0001:00014850       _$E12                      10015850 f   KSkillSpecial.obj
 0001:00014866       _$E9                       10015866 f   KSkillSpecial.obj
 0001:0001487c       _$E11                      1001587c f   KSkillSpecial.obj
 0001:00014895       _$E10                      10015895 f   KSkillSpecial.obj
 0001:00009e70       _$E8                       1000ae70 f   KSkillManager.obj
 0001:00009e86       _$E5                       1000ae86 f   KSkillManager.obj
 0001:00009e9c       _$E7                       1000ae9c f   KSkillManager.obj
 0001:00009eb5       _$E6                       1000aeb5 f   KSkillManager.obj
 0001:00007af0       _$E6                       10008af0 f   KMissleSet.obj
 0001:00007b06       _$E3                       10008b06 f   KMissleSet.obj
 0001:00007b1c       _$E5                       10008b1c f   KMissleSet.obj
 0001:00007b35       _$E4                       10008b35 f   KMissleSet.obj
 0001:00001300       _$E14                      10002300 f   KMissle.obj
 0001:00001316       _$E11                      10002316 f   KMissle.obj
 0001:00001340       _$E13                      10002340 f   KMissle.obj
 0001:00001359       _$E12                      10002359 f   KMissle.obj
 0001:0000137e       _$E19                      1000237e f   KMissle.obj
 0001:00001394       _$E16                      10002394 f   KMissle.obj
 0001:000013be       _$E18                      100023be f   KMissle.obj
 0001:000013d7       _$E17                      100023d7 f   KMissle.obj
 0001:000b1f70       _$$$00001                  100b2f70 f   MSVCRTD:chkstk.obj
 0001:000b1f7c       probepages                 100b2f7c f   MSVCRTD:chkstk.obj
 0001:000b1f90       lastpage                   100b2f90 f   MSVCRTD:chkstk.obj
 0001:000b1e70       ?ArrayUnwindFilter@@YAHPAU_EXCEPTION_POINTERS@@@Z 100b2e70 f   MSVCRTD:ehvecdtr.obj
