 CoreClient

 Timestamp is 68ab99bf (Sun Aug 24 19:01:19 2025)

 Preferred load address is 10000000

 Start         Length     Name                   Class
 0001:00000000 00074b34H .text                   CODE
 0001:00074b40 0000111fH .text$x                 CODE
 0002:00000000 000002f8H .idata$5                DATA
 0002:000002f8 0000572cH .rdata                  DATA
 0002:00005a28 00000044H .rdata$r                DATA
 0002:00005a70 00001408H .xdata$x                DATA
 0002:00006e78 0000008cH .idata$2                DATA
 0002:00006f04 00000014H .idata$3                DATA
 0002:00006f18 000002f8H .idata$4                DATA
 0002:00007210 00001516H .idata$6                DATA
 0002:00008730 000016fbH .edata                  DATA
 0003:00000000 00000004H .CRT$XCA                DATA
 0003:00000004 000000b0H .CRT$XCU                DATA
 0003:000000b4 00000004H .CRT$XCZ                DATA
 0003:000000b8 00000004H .CRT$XIA                DATA
 0003:000000bc 00000004H .CRT$XIZ                DATA
 0003:000000c0 00008360H .data                   DATA
 0003:00008420 00eb322cH .bss                    DATA

  Address         Publics by Value              Rva+Base     Lib:Object

 0001:00000000       ?GetMoney@KInventory@@QAEHXZ 10001000 f i KThiefSkill.obj
 0001:00000010       ?SetMoney@KInventory@@QAEHH@Z 10001010 f i KThiefSkill.obj
 0001:00000030       ??4KInventory@@QAEAAV0@ABV0@@Z 10001030 f i KThiefSkill.obj
 0001:00000060       ?GetEquipment@KItemList@@QAEHH@Z 10001060 f i KThiefSkill.obj
 0001:00000070       ?GetItemPGBox@KItemList@@QAEHH@Z 10001070 f i KThiefSkill.obj
 0001:00000080       ?GetMoney@KItemList@@QAEHH@Z 10001080 f i KThiefSkill.obj
 0001:000000a0       ?Hand@KItemList@@QAEHXZ    100010a0 f i KThiefSkill.obj
 0001:000000b0       ?GetMaskLock@KItemList@@QAEHXZ 100010b0 f i KThiefSkill.obj
 0001:000000c0       ?IsLockOperation@KItemList@@QAEHXZ 100010c0 f i KThiefSkill.obj
 0001:000000d0       ??4KItemList@@QAEAAV0@ABV0@@Z 100010d0 f i KThiefSkill.obj
 0001:000000f0       ??0KThiefSkill@@QAE@XZ     100010f0 f   KThiefSkill.obj
 0001:00000130       ?GetSkillCostType@KThiefSkill@@UBE?AW4NPCATTRIB@@XZ 10001130 f i KThiefSkill.obj
 0001:00000140       ?GetAttackRadius@KThiefSkill@@UBEHXZ 10001140 f i KThiefSkill.obj
 0001:00000150       ?IsTargetOnly@KThiefSkill@@UBEHXZ 10001150 f i KThiefSkill.obj
 0001:00000160       ?IsTargetEnemy@KThiefSkill@@UBEHXZ 10001160 f i KThiefSkill.obj
 0001:00000170       ?IsTargetAlly@KThiefSkill@@UBEHXZ 10001170 f i KThiefSkill.obj
 0001:00000180       ?IsTargetObj@KThiefSkill@@UBEHXZ 10001180 f i KThiefSkill.obj
 0001:00000190       ?GetSkillReqLevel@ISkill@@UBEGXZ 10001190 f i KThiefSkill.obj
 0001:000001a0       ?IsAura@ISkill@@UBEHXZ     100011a0 f i KThiefSkill.obj
 0001:000001b0       ?IsPhysical@ISkill@@UBEHXZ 100011b0 f i KThiefSkill.obj
 0001:000001c0       ?IsSkillPhysical@ISkill@@UBEHXZ 100011c0 f i KThiefSkill.obj
 0001:000001d0       ?IsMelee@ISkill@@UBEHXZ    100011d0 f i KThiefSkill.obj
 0001:000001e0       ?IsUseAR@ISkill@@UBEHXZ    100011e0 f i KThiefSkill.obj
 0001:000001f0       ?IsSkillMagic@ISkill@@UBEHXZ 100011f0 f i KThiefSkill.obj
 0001:00000200       ?GetSkillLevelUpScriptId@ISkill@@UBEKXZ 10001200 f i KThiefSkill.obj
 0001:00000210       ??_EKThiefSkill@@UAEPAXI@Z 10001210 f i KThiefSkill.obj
 0001:00000210       ??_GKThiefSkill@@UAEPAXI@Z 10001210 f i KThiefSkill.obj
 0001:00000230       ??1KThiefSkill@@UAE@XZ     10001230 f   KThiefSkill.obj
 0001:00000240       ??_GISkill@@UAEPAXI@Z      10001240 f i KThiefSkill.obj
 0001:00000240       ??_EISkill@@UAEPAXI@Z      10001240 f i KThiefSkill.obj
 0001:00000260       ?GetSkillId@KThiefSkill@@UAEHXZ 10001260 f   KThiefSkill.obj
 0001:00000270       ?GetSkillName@KThiefSkill@@UAEPBDXZ 10001270 f   KThiefSkill.obj
 0001:00000280       ?GetSkillStyle@KThiefSkill@@UAEHXZ 10001280 f   KThiefSkill.obj
 0001:00000290       ?LoadSkillLevelData@KThiefSkill@@UAEXKH@Z 10001290 f   KThiefSkill.obj
 0001:000002a0       ?DoSkill@KThiefSkill@@QAEHPAVKNpc@@HH@Z 100012a0 f   KThiefSkill.obj
 0001:00000360       ?Cast@KThiefSkill@@QAEHPAVKPlayer@@0@Z 10001360 f   KThiefSkill.obj
 0001:00000370       ?OnSkill@KThiefSkill@@QAEHPAVKNpc@@@Z 10001370 f   KThiefSkill.obj
 0001:000004a0       ?CanCastSkill@KThiefSkill@@UBEHHAAH0@Z 100014a0 f   KThiefSkill.obj
 0001:00000550       ?GetDesc@KThiefSkill@@QAEXKKKPADH_N@Z 10001550 f   KThiefSkill.obj
 0001:00000580       ?LoadSetting@KThiefSkill@@QAEHPAD@Z 10001580 f   KThiefSkill.obj
 0001:00000870       ?GetSkillCost@KThiefSkill@@UBEHPAX@Z 10001870 f   KThiefSkill.obj
 0001:00000890       ?DrawSkillIcon@KThiefSkill@@UAEXHHHH@Z 10001890 f   KThiefSkill.obj
 0001:00000930       ??4KMapMusic@@QAEAAV0@ABV0@@Z 10001930 f i KMissle.obj
 0001:00000950       ?GetGameTime@KSubWorldSet@@QAEHXZ 10001950 f i KMissle.obj
 0001:00000960       ?GetGameVersion@KSubWorldSet@@QAEHXZ 10001960 f i KMissle.obj
 0001:00000970       ?SetPing@KSubWorldSet@@QAEXK@Z 10001970 f i KMissle.obj
 0001:00000980       ?GetPing@KSubWorldSet@@QAEKXZ 10001980 f i KMissle.obj
 0001:00000990       ??4KSubWorldSet@@QAEAAV0@ABV0@@Z 10001990 f i KMissle.obj
 0001:000009b0       ??1KSubWorldSet@@QAE@XZ    100019b0 f i KMissle.obj
 0001:000009c0       ??0KMissleSet@@QAE@XZ      100019c0 f i KMissle.obj
 0001:000009d0       ??4KMissleSet@@QAEAAV0@ABV0@@Z 100019d0 f i KMissle.obj
 0001:00000a00       ??1KMissleSet@@QAE@XZ      10001a00 f i KMissle.obj
 0001:00000b10       ??0KMissle@@QAE@XZ         10001b10 f   KMissle.obj
 0001:00000c10       ??_EKIndexNode@@UAEPAXI@Z  10001c10 f i KMissle.obj
 0001:00000c10       ??_GKIndexNode@@UAEPAXI@Z  10001c10 f i KMissle.obj
 0001:00000c30       ??1KIndexNode@@UAE@XZ      10001c30 f i KMissle.obj
 0001:00000c40       ??_EKNode@@UAEPAXI@Z       10001c40 f i KMissle.obj
 0001:00000c40       ??_GKNode@@UAEPAXI@Z       10001c40 f i KMissle.obj
 0001:00000c60       ??_GKMissle@@UAEPAXI@Z     10001c60 f i KMissle.obj
 0001:00000c60       ??_EKMissle@@UAEPAXI@Z     10001c60 f i KMissle.obj
 0001:00000c80       ?Release@KMissle@@AAEXXZ   10001c80 f   KMissle.obj
 0001:00000d10       ??1KMissle@@UAE@XZ         10001d10 f   KMissle.obj
 0001:00000d60       ?GetInfoFromTabFile@KMissle@@QAEHH@Z 10001d60 f   KMissle.obj
 0001:00000d80       ?GetInfoFromTabFile@KMissle@@QAEHPAVKITabFile@@H@Z 10001d80 f   KMissle.obj
 0001:000012a0       ?Init@KMissle@@AAEHHHHHH@Z 100022a0 f   KMissle.obj
 0001:000012c0       ?Activate@KMissle@@QAEHXZ  100022c0 f   KMissle.obj
 0001:00001610       ?OnWait@KMissle@@AAEXXZ    10002610 f   KMissle.obj
 0001:00001620       ?OnCollision@KMissle@@AAEXXZ 10002620 f   KMissle.obj
 0001:00001630       ?CheckCollision@KMissle@@AAEHXZ 10002630 f   KMissle.obj
 0001:000019f0       ?OnFly@KMissle@@AAEXXZ     100029f0 f   KMissle.obj
 0001:00002690       ?Send@KWorldMsg@@QAEHKHHH@Z 10003690 f i KMissle.obj
 0001:00002700       ??_EKWorldMsgNode@@UAEPAXI@Z 10003700 f i KMissle.obj
 0001:00002700       ??_GKWorldMsgNode@@UAEPAXI@Z 10003700 f i KMissle.obj
 0001:00002720       ??1KWorldMsgNode@@UAE@XZ   10003720 f i KMissle.obj
 0001:00002730       ?OnVanish@KMissle@@AAEXXZ  10003730 f   KMissle.obj
 0001:00002740       ?Paint@KMissle@@QAEXXZ     10003740 f   KMissle.obj
 0001:000028e0       ?CheckBeyondRegion@KMissle@@AAEHHHHH@Z 100038e0 f   KMissle.obj
 0001:00002d20       ??4KMissle@@AAEAAV0@AAV0@@Z 10003d20 f   KMissle.obj
 0001:00002fe0       ?ProcessDamage@KMissle@@AAEHH@Z 10003fe0 f   KMissle.obj
 0001:00002ff0       ?DoVanish@KMissle@@AAEXXZ  10003ff0 f   KMissle.obj
 0001:00003090       ?DoCollision@KMissle@@AAEXXZ 10004090 f   KMissle.obj
 0001:000031f0       ?DoFly@KMissle@@AAEXXZ     100041f0 f   KMissle.obj
 0001:00003210       ?GetOffsetAxis@KMissle@@SAHHHHHHHAAH00@Z 10004210 f   KMissle.obj
 0001:00003310       ?ProcessCollision@KMissle@@AAEHHHHHHH@Z 10004310 f   KMissle.obj
 0001:00003640       ?ProcessCollision@KMissle@@AAEHXZ 10004640 f   KMissle.obj
 0001:00003680       ?CreateSpecialEffect@KMissle@@QAEHW4eMissleStatus@@HHHH@Z 10004680 f   KMissle.obj
 0001:00003830       ??_EKSkillSpecialNode@@UAEPAXI@Z 10004830 f i KMissle.obj
 0001:00003830       ??_GKSkillSpecialNode@@UAEPAXI@Z 10004830 f i KMissle.obj
 0001:00003850       ??1KSkillSpecialNode@@UAE@XZ 10004850 f i KMissle.obj
 0001:00003870       ?CreateMissleForShow@KMissle@@SAHPAD00PAUTMissleForShow@@@Z 10004870 f   KMissle.obj
 0001:00003a80       ?GetLightInfo@KMissle@@QAEXPAUKLightInfo@@@Z 10004a80 f   KMissle.obj
 0001:00003af0       ?DoWait@KMissle@@AAEXXZ    10004af0 f   KMissle.obj
 0001:00003b70       ?PrePareFly@KMissle@@AAEHXZ 10004b70 f   KMissle.obj
 0001:00003dd0       ?CheckNearestCollision@KMissle@@AAEHXZ 10004dd0 f   KMissle.obj
 0001:00004010       ?GetMpsPos@KMissle@@QAEXPAH0@Z 10005010 f   KMissle.obj
 0001:00004060       ??0KMissleRes@@QAE@XZ      10005060 f   KMissleRes.obj
 0001:00004100       ??1KMissleRes@@QAE@XZ      10005100 f   KMissleRes.obj
 0001:000041a0       ??1KList@@QAE@XZ           100051a0 f i KMissleRes.obj
 0001:000041b0       ?LoadResource@KMissleRes@@QAEXHPAD0@Z 100051b0 f   KMissleRes.obj
 0001:00004220       ?Init@KMissleRes@@QAEHXZ   10005220 f   KMissleRes.obj
 0001:00004230       ?Remove@KMissleRes@@QAEXXZ 10005230 f   KMissleRes.obj
 0001:00004240       ?Clear@KMissleRes@@QAEXXZ  10005240 f   KMissleRes.obj
 0001:000042e0       ?Draw@KMissleRes@@QAEHHHHHHHH@Z 100052e0 f   KMissleRes.obj
 0001:00004570       ?PlaySoundA@KMissleRes@@QAEXHHHH@Z 10005570 f   KMissleRes.obj
 0001:00004640       ?GetSndVolume@KMissleRes@@QAEHH@Z 10005640 f   KMissleRes.obj
 0001:00004670       ?StopSound@KMissleRes@@QAEXXZ 10005670 f   KMissleRes.obj
 0001:00004700       ?Init@KMissleSet@@QAEXXZ   10005700 f   KMissleSet.obj
 0001:00004750       ?FindFree@KMissleSet@@QAEHXZ 10005750 f   KMissleSet.obj
 0001:00004760       ?Add@KMissleSet@@QAEHHHHHHH@Z 10005760 f   KMissleSet.obj
 0001:00004800       ?Add@KMissleSet@@QAEHHHH@Z 10005800 f   KMissleSet.obj
 0001:00004960       ?CreateMissile@KMissleSet@@QAEHHHHHHHHH@Z 10005960 f   KMissleSet.obj
 0001:00004990       ?Activate@KMissleSet@@QAEHXZ 10005990 f   KMissleSet.obj
 0001:000049c0       ?Remove@KMissleSet@@QAEXH@Z 100059c0 f   KMissleSet.obj
 0001:00004a10       ?Draw@KMissleSet@@QAEXXZ   10005a10 f   KMissleSet.obj
 0001:00004a30       ?GetCount@KMissleSet@@QAEHXZ 10005a30 f   KMissleSet.obj
 0001:00004a50       ?ClearMissles@KMissleSet@@QAEXXZ 10005a50 f   KMissleSet.obj
 0001:00004a80       ??0KSkillList@@QAE@XZ      10005a80 f   KSkillList.obj
 0001:00004ac0       ??1KSkillList@@QAE@XZ      10005ac0 f   KSkillList.obj
 0001:00004ad0       ?FindSame@KSkillList@@QAEHH@Z 10005ad0 f   KSkillList.obj
 0001:00004b00       ?FindFree@KSkillList@@QAEHXZ 10005b00 f   KSkillList.obj
 0001:00004b20       ?GetCount@KSkillList@@QAEHXZ 10005b20 f   KSkillList.obj
 0001:00004b40       ?SetSkillLevel@KSkillList@@QAEXHH@Z 10005b40 f   KSkillList.obj
 0001:00004b80       ?SetLevel@KSkillList@@QAEHHH@Z 10005b80 f   KSkillList.obj
 0001:00004bc0       ?GetSkillIdx@KSkillList@@QAEHH@Z 10005bc0 f   KSkillList.obj
 0001:00004be0       ?UpdateAddDameSkillLevel@KSkillList@@QAEXXZ 10005be0 f   KSkillList.obj
 0001:00004c90       ?UpdateMagicAddSkillLevel@KSkillList@@QAEXXZ 10005c90 f   KSkillList.obj
 0001:00004d50       ?IncreaseLevel@KSkillList@@QAEHHH@Z 10005d50 f   KSkillList.obj
 0001:00004e60       ?Add@KSkillList@@QAEHHHHH@Z 10005e60 f   KSkillList.obj
 0001:00005030       ?GetLevel@KSkillList@@QAEHH@Z 10006030 f   KSkillList.obj
 0001:00005060       ?GetCurrentLevel@KSkillList@@QAEHH@Z 10006060 f   KSkillList.obj
 0001:00005090       ?CanCast@KSkillList@@QAEHHK@Z 10006090 f   KSkillList.obj
 0001:000050e0       ?SetNextCastTime@KSkillList@@QAEXHK@Z 100060e0 f   KSkillList.obj
 0001:00005110       ?SetBeginCastTime@KSkillList@@QAEXHK@Z 10006110 f   KSkillList.obj
 0001:00005140       ?GetNextCastTime@KSkillList@@QAEKH@Z 10006140 f   KSkillList.obj
 0001:00005180       ?GetBeginCastTime@KSkillList@@QAEKH@Z 10006180 f   KSkillList.obj
 0001:000051c0       ?GetSkillSortList@KSkillList@@QAEHPAUKUiSkillData@@@Z 100061c0 f   KSkillList.obj
 0001:000052e0       ?GetLeftSkillSortList@KSkillList@@QAEHPAUKUiSkillData@@@Z 100062e0 f   KSkillList.obj
 0001:00005420       ?GetRightSkillSortList@KSkillList@@QAEHPAUKUiSkillData@@@Z 10006420 f   KSkillList.obj
 0001:00005550       ?GetSkillState@KSkillList@@QAEHH@Z 10006550 f   KSkillList.obj
 0001:000056e0       ?GetSkillFight@KSkillList@@QAEHH@Z 100066e0 f   KSkillList.obj
 0001:00005890       ?FindSkillAura@KSkillList@@QAEHH@Z 10006890 f   KSkillList.obj
 0001:000059c0       ?GetSkillPosition@KSkillList@@QAEHH@Z 100069c0 f   KSkillList.obj
 0001:00005ad0       ??0KSkillManager@@QAE@XZ   10006ad0 f   KSkillManager.obj
 0001:00005ae0       ??1KSkillManager@@QAE@XZ   10006ae0 f   KSkillManager.obj
 0001:00005b20       ?Init@KSkillManager@@QAEHXZ 10006b20 f   KSkillManager.obj
 0001:00005ce0       ?InstanceSkill@KSkillManager@@AAEPAVISkill@@KK@Z 10006ce0 f   KSkillManager.obj
 0001:00005e60       ??4KSkill@@QAEAAV0@ABV0@@Z 10006e60 f i KSkillManager.obj
 0001:00006340       ??0KSkill@@QAE@XZ          10007340 f   KSkills.obj
 0001:00006430       ?IsTargetOnly@KSkill@@UBEHXZ 10007430 f i KSkills.obj
 0001:00006440       ?IsTargetEnemy@KSkill@@UBEHXZ 10007440 f i KSkills.obj
 0001:00006450       ?IsTargetAlly@KSkill@@UBEHXZ 10007450 f i KSkills.obj
 0001:00006460       ?IsTargetObj@KSkill@@UBEHXZ 10007460 f i KSkills.obj
 0001:00006470       ?GetSkillReqLevel@KSkill@@UBEGXZ 10007470 f i KSkills.obj
 0001:00006480       ?GetSkillName@KSkill@@UAEPBDXZ 10007480 f i KSkills.obj
 0001:00006490       ?GetSkillStyle@KSkill@@UAEHXZ 10007490 f i KSkills.obj
 0001:000064a0       ?GetAttackRadius@KSkill@@UBEHXZ 100074a0 f i KSkills.obj
 0001:000064b0       ?GetSkillCost@KSkill@@UBEHPAX@Z 100074b0 f i KSkills.obj
 0001:000064c0       ?GetSkillCostType@KSkill@@UBE?AW4NPCATTRIB@@XZ 100074c0 f i KSkills.obj
 0001:000064d0       ?GetSkillId@KSkill@@UAEHXZ 100074d0 f i KSkills.obj
 0001:000064e0       ?IsAura@KSkill@@UBEHXZ     100074e0 f i KSkills.obj
 0001:000064f0       ?IsPhysical@KSkill@@UBEHXZ 100074f0 f i KSkills.obj
 0001:00006500       ?IsMelee@KSkill@@UBEHXZ    10007500 f i KSkills.obj
 0001:00006510       ?IsUseAR@KSkill@@UBEHXZ    10007510 f i KSkills.obj
 0001:00006520       ?IsSkillPhysical@KSkill@@UBEHXZ 10007520 f i KSkills.obj
 0001:00006530       ?IsSkillMagic@KSkill@@UBEHXZ 10007530 f i KSkills.obj
 0001:00006540       ??_GKSkill@@UAEPAXI@Z      10007540 f i KSkills.obj
 0001:00006540       ??_EKSkill@@UAEPAXI@Z      10007540 f i KSkills.obj
 0001:00006560       ??_H@YGXPAXIHP6EX0@Z@Z     10007560 f i KSkills.obj
 0001:00006590       ??1KSkill@@UAE@XZ          10007590 f   KSkills.obj
 0001:000065a0       ?CanCastSkill@KSkill@@UBEHHAAH0@Z 100075a0 f   KSkills.obj
 0001:00006780       ?Cast@KSkill@@QBEHHHHHW4eSkillLauncherType@@@Z 10007780 f   KSkills.obj
 0001:000069c0       ?Vanish@KSkill@@ABEXPAVKMissle@@@Z 100079c0 f   KSkills.obj
 0001:000069d0       ?OnMissleEvent@KSkill@@QBEHGPAVKMissle@@@Z 100079d0 f   KSkills.obj
 0001:00006be0       ?FlyEvent@KSkill@@ABEXPAVKMissle@@@Z 10007be0 f   KSkills.obj
 0001:00006bf0       ?Collidsion@KSkill@@ABEXPAVKMissle@@@Z 10007bf0 f   KSkills.obj
 0001:00006c00       ?CastMissles@KSkill@@ABEHHHHHW4eSkillLauncherType@@@Z 10007c00 f   KSkills.obj
 0001:000083d0       ?CastZoneZ@KSkill@@ABEHPAUTOrdinSkillParam@@HHH@Z 100093d0 f   KSkills.obj
 0001:00008760       ?CastZone@KSkill@@ABEHPAUTOrdinSkillParam@@HHH@Z 10009760 f   KSkills.obj
 0001:00008bb0       ?CastLine@KSkill@@ABEHPAUTOrdinSkillParam@@HHH@Z 10009bb0 f   KSkills.obj
 0001:00008f20       ?CastExtractiveLineMissle@KSkill@@ABEHPAUTOrdinSkillParam@@HHHHHHH@Z 10009f20 f   KSkills.obj
 0001:00009210       ?CastWall@KSkill@@ABEHPAUTOrdinSkillParam@@HHH@Z 1000a210 f   KSkills.obj
 0001:000095d0       ?CastCircle@KSkill@@ABEHPAUTOrdinSkillParam@@HHH@Z 1000a5d0 f   KSkills.obj
 0001:00009950       ?CastSpread@KSkill@@ABEHPAUTOrdinSkillParam@@HHH@Z 1000a950 f   KSkills.obj
 0001:00009fc0       ?GetChildSkillNum@KSkill@@QBEHH@Z 1000afc0 f   KSkills.obj
 0001:00009fd0       ?CreateMissle@KSkill@@ABEXHHH@Z 1000afd0 f   KSkills.obj
 0001:0000a240       ?GetInfoFromTabFile@KSkill@@QAEHH@Z 1000b240 f   KSkills.obj
 0001:0000a260       ?GetInfoFromTabFile@KSkill@@QAEHPAVKITabFile@@H@Z 1000b260 f   KSkills.obj
 0001:0000a8e0       ?LoadSkillLevelData@KSkill@@UAEXKH@Z 1000b8e0 f   KSkills.obj
 0001:0000ac50       ?GetMissleGenerateTime@KSkill@@QBEIH@Z 1000bc50 f   KSkills.obj
 0001:0000ad70       ?GetSkillIdFromName@KSkill@@SAHPAD@Z 1000bd70 f   KSkills.obj
 0001:0000ae10       ?CastInitiativeSkill@KSkill@@ABEHHHHH@Z 1000be10 f   KSkills.obj
 0001:0000ae20       ?CastPassivitySkill@KSkill@@ABEHHHHH@Z 1000be20 f   KSkills.obj
 0001:0000ae30       ?ParseString2MagicAttrib@KSkill@@AAEHKPAD0@Z 1000be30 f   KSkills.obj
 0001:0000b4c0       ?DrawSkillIcon@KSkill@@UAEXHHHH@Z 1000c4c0 f   KSkills.obj
 0001:0000b630       ?GetDesc@KSkill@@SAXKKKPADH_N@Z 1000c630 f   KSkills.obj
 0001:0000c010       ?GetDescAboutLevel@KSkill@@QAEXPADHH@Z 1000d010 f   KSkills.obj
 0001:0000e700       ?PlayPreCastSound@KSkill@@QBEXHHH@Z 1000f700 f   KSkills.obj
 0001:0000e7d0       ??0KList@@QAE@XZ           1000f7d0 f i KSkillSpecial.obj
 0001:0000e820       ??0KSkillSpecial@@QAE@XZ   1000f820 f   KSkillSpecial.obj
 0001:0000e860       ?Init@KSkillSpecial@@QAEHXZ 1000f860 f   KSkillSpecial.obj
 0001:0000e880       ?Draw@KSkillSpecial@@QAEXH@Z 1000f880 f   KSkillSpecial.obj
 0001:0000ea00       ?SetAnimation@KSkillSpecial@@QAEXPADI@Z 1000fa00 f   KSkillSpecial.obj
 0001:0000ea50       ?Remove@KSkillSpecial@@QAEXXZ 1000fa50 f   KSkillSpecial.obj
 0001:0000eac0       ??1KNpc@@QAE@XZ            1000fac0 f i KNpc.obj
 0001:0000eb30       ??0KNpc@@QAE@XZ            1000fb30 f   KNpc.obj
 0001:0000ed50       ??1KNode@@UAE@XZ           1000fd50 f i KNpc.obj
 0001:0000ed60       ??0KNode@@QAE@XZ           1000fd60 f i KNpc.obj
 0001:0000ed80       ?DoMove@KNpc@@QAEXHHH@Z    1000fd80 f   KNpc.obj
 0001:0000edd0       ?AutoMove@KNpc@@QAE_NAAH0HHH@Z 1000fdd0 f   KNpc.obj
 0001:0000eeb0       ?Init@KNpc@@QAEXXZ         1000feb0 f   KNpc.obj
 0001:0000f340       ?GetActiveSkill@KNpc@@QAEPAVISkill@@XZ 10010340 f   KNpc.obj
 0001:0000f3a0       ?SetCurrentCamp@KNpc@@QAEXH@Z 100103a0 f   KNpc.obj
 0001:0000f3b0       ?SetCamp@KNpc@@QAEXH@Z     100103b0 f   KNpc.obj
 0001:0000f3c0       ?RestoreCurrentCamp@KNpc@@QAEXXZ 100103c0 f   KNpc.obj
 0001:0000f3d0       ?Activate@KNpc@@QAEXXZ     100103d0 f   KNpc.obj
 0001:0000f740       ?ProcStatus@KNpc@@QAEXXZ   10010740 f   KNpc.obj
 0001:0000f820       ?RunWalkStopCmd@KNpc@@QAEXXZ 10010820 f   KNpc.obj
 0001:0000f870       ?ProcCommand@KNpc@@QAEXH@Z 10010870 f   KNpc.obj
 0001:0000fae0       ?ProcessState@KNpc@@QAEHXZ 10010ae0 f   KNpc.obj
 0001:0000fee0       ?DoRide@KNpc@@AAEXXZ       10010ee0 f   KNpc.obj
 0001:0000fef0       ?DoDeath@KNpc@@AAEXHH@Z    10010ef0 f   KNpc.obj
 0001:00010040       ?OnDeath@KNpc@@AAEXXZ      10011040 f   KNpc.obj
 0001:00010160       ?DoDefense@KNpc@@AAEXXZ    10011160 f   KNpc.obj
 0001:00010170       ?OnDefense@KNpc@@AAEXXZ    10011170 f   KNpc.obj
 0001:00010180       ?DoIdle@KNpc@@AAEXXZ       10011180 f   KNpc.obj
 0001:000101a0       ?OnIdle@KNpc@@AAEXXZ       100111a0 f   KNpc.obj
 0001:000101b0       ?DoHurt@KNpc@@AAEXHHHH@Z   100111b0 f   KNpc.obj
 0001:00010260       ?OnHurt@KNpc@@AAEXXZ       10011260 f   KNpc.obj
 0001:00010480       ?DoSpecial1@KNpc@@AAEXXZ   10011480 f   KNpc.obj
 0001:00010490       ?OnSpecial1@KNpc@@AAEXXZ   10011490 f   KNpc.obj
 0001:00010560       ?DoSpecial2@KNpc@@AAEXXZ   10011560 f   KNpc.obj
 0001:00010570       ?OnSpecial2@KNpc@@AAEXXZ   10011570 f   KNpc.obj
 0001:000105f0       ?DoSpecial3@KNpc@@AAEXXZ   100115f0 f   KNpc.obj
 0001:00010600       ?OnSpecial3@KNpc@@AAEXXZ   10011600 f   KNpc.obj
 0001:00010610       ?DoSpecial4@KNpc@@AAEXXZ   10011610 f   KNpc.obj
 0001:00010620       ?OnSpecial4@KNpc@@AAEXXZ   10011620 f   KNpc.obj
 0001:00010630       ?DoStand@KNpc@@QAEXXZ      10011630 f   KNpc.obj
 0001:000106d0       ?OnStand@KNpc@@AAEXXZ      100116d0 f   KNpc.obj
 0001:00010720       ?DoRevive@KNpc@@AAEXXZ     10011720 f   KNpc.obj
 0001:00010800       ?OnRevive@KNpc@@AAEXXZ     10011800 f   KNpc.obj
 0001:00010810       ?DoRun@KNpc@@AAEXXZ        10011810 f   KNpc.obj
 0001:00010890       ?OnRun@KNpc@@AAEXH@Z       10011890 f   KNpc.obj
 0001:00010910       ?DoSit@KNpc@@AAEXXZ        10011910 f   KNpc.obj
 0001:00010950       ?OnSit@KNpc@@AAEXXZ        10011950 f   KNpc.obj
 0001:00010970       ?DoSkill@KNpc@@AAEXHH@Z    10011970 f   KNpc.obj
 0001:00010ad0       ?DoOrdinSkill@KNpc@@AAEHPAVKSkill@@HH@Z 10011ad0 f   KNpc.obj
 0001:00010e80       ?DoAttack@KNpc@@AAEXXZ     10011e80 f   KNpc.obj
 0001:00010ef0       ?CastMeleeSkill@KNpc@@AAEHPAVKSkill@@@Z 10011ef0 f   KNpc.obj
 0001:00011060       ?DoGoAttack@KNpc@@AAEHXZ   10012060 f   KNpc.obj
 0001:00011320       ?DoBlurAttack@KNpc@@AAEHXZ 10012320 f   KNpc.obj
 0001:000113a0       ?DoMagic@KNpc@@AAEXXZ      100123a0 f   KNpc.obj
 0001:00011400       ?OnSkill@KNpc@@AAEXXZ      10012400 f   KNpc.obj
 0001:00011560       ?JumpTo@KNpc@@AAEXHH@Z     10012560 f   KNpc.obj
 0001:000115a0       ?RunTo@KNpc@@AAEXHH@Z      100125a0 f   KNpc.obj
 0001:000115d0       ?Goto@KNpc@@AAEXHH@Z       100125d0 f   KNpc.obj
 0001:00011600       ?Madnessto@KNpc@@QAEXHH@Z  10012600 f   KNpc.obj
 0001:00011620       ?DoWalk@KNpc@@AAEXXZ       10012620 f   KNpc.obj
 0001:00011690       ?DoPlayerTalk@KNpc@@QAEXPAD@Z 10012690 f   KNpc.obj
 0001:000116a0       ?OnPlayerTalk@KNpc@@AAEXXZ 100126a0 f   KNpc.obj
 0001:000116b0       ?OnWalk@KNpc@@AAEXXZ       100126b0 f   KNpc.obj
 0001:000116d0       ?GetSkillLevel@KNpc@@QAEHH@Z 100126d0 f   KNpc.obj
 0001:00011710       ?ModifyAttrib@KNpc@@QAEXHPAX@Z 10012710 f   KNpc.obj
 0001:00011730       ?SetImmediatelySkillEffect@KNpc@@QAEXHPAXH@Z 10012730 f   KNpc.obj
 0001:00011770       ?AppendSkillEffect@KNpc@@QAEXHHHHHPAX0@Z 10012770 f   KNpc.obj
 0001:000123c0       ?CheckPath@KNpc@@QAEHHHH@Z 100133c0 f   KNpc.obj
 0001:00012460       ?ServeMove@KNpc@@AAEXH@Z   10013460 f   KNpc.obj
 0001:00012970       ?ServeJump@KNpc@@AAEXH@Z   10013970 f   KNpc.obj
 0001:00012d10       ?SendCommand@KNpc@@QAEXW4NPCCMD@@HHH@Z 10013d10 f   KNpc.obj
 0001:00012da0       ?NewPath@KNpc@@AAEHHH@Z    10013da0 f   KNpc.obj
 0001:00012dc0       ?NewJump@KNpc@@AAEHHH@Z    10013dc0 f   KNpc.obj
 0001:00013100       ?SelfDamage@KNpc@@QAEXH@Z  10014100 f   KNpc.obj
 0001:00013130       ?Cost@KNpc@@QAEHW4NPCATTRIB@@HH@Z 10014130 f   KNpc.obj
 0001:00013240       ?DoJump@KNpc@@AAEXXZ       10014240 f   KNpc.obj
 0001:000132b0       ?OnJump@KNpc@@AAEHXZ       100142b0 f   KNpc.obj
 0001:000132f0       ?WaitForFrame@KNpc@@AAEHXZ 100142f0 f   KNpc.obj
 0001:00013320       ?IsReachFrame@KNpc@@AAEHH@Z 10014320 f   KNpc.obj
 0001:00013350       ?Load@KNpc@@QAEXHH@Z       10014350 f   KNpc.obj
 0001:00013660       ?GetMpsPos@KNpc@@QAEXPAH0@Z 10014660 f   KNpc.obj
 0001:000136b0       ?SetActiveSkill@KNpc@@QAEHH@Z 100146b0 f   KNpc.obj
 0001:00013760       ?SetAuraSkill@KNpc@@QAEXH@Z 10014760 f   KNpc.obj
 0001:00013800       ?SetPlayerIdx@KNpc@@QAEHH@Z 10014800 f   KNpc.obj
 0001:00013830       ?OnMadnessState@KNpc@@QAEXXZ 10014830 f   KNpc.obj
 0001:000138d0       ?PaintInfo@KNpc@@QAEHH_NHK@Z 100148d0 f   KNpc.obj
 0001:00014db0       ?PaintChat@KNpc@@QAEHH@Z   10015db0 f   KNpc.obj
 0001:00014f40       ?SetChatInfo@KNpc@@QAEHPBD0G@Z 10015f40 f   KNpc.obj
 0001:00015100       ?PaintTopTongKim@KNpc@@QAEHHHHHH@Z 10016100 f   KNpc.obj
 0001:00015260       ?PaintEffect@KNpc@@QAEHXZ  10016260 f   KNpc.obj
 0001:00015270       ?PaintLife@KNpc@@QAEHH_N@Z 10016270 f   KNpc.obj
 0001:00015510       ?PaintMana@KNpc@@QAEHH@Z   10016510 f   KNpc.obj
 0001:00015520       ?Paint@KNpc@@QAEXXZ        10016520 f   KNpc.obj
 0001:000157e0       ?AddBaseLifeMax@KNpc@@QAEXH@Z 100167e0 f   KNpc.obj
 0001:00015800       ?AddCurLifeMax@KNpc@@QAEXH@Z 10016800 f   KNpc.obj
 0001:00015820       ?AddBaseStaminaMax@KNpc@@QAEXH@Z 10016820 f   KNpc.obj
 0001:00015840       ?AddCurStaminaMax@KNpc@@QAEXH@Z 10016840 f   KNpc.obj
 0001:00015860       ?AddBaseManaMax@KNpc@@QAEXH@Z 10016860 f   KNpc.obj
 0001:00015880       ?AddCurManaMax@KNpc@@QAEXH@Z 10016880 f   KNpc.obj
 0001:000158a0       ?CalcCurLifeReplenish@KNpc@@QAEXXZ 100168a0 f   KNpc.obj
 0001:000158b0       ?Remove@KNpc@@QAEXXZ       100168b0 f   KNpc.obj
 0001:000158d0       ?RemoveRes@KNpc@@QAEXXZ    100168d0 f   KNpc.obj
 0001:000158e0       ?SetSeries@KNpc@@QAEXH@Z   100168e0 f   KNpc.obj
 0001:00015900       ?SetSex@KNpc@@QAEXH@Z      10016900 f   KNpc.obj
 0001:00015920       ?SetStateSkillEffect@KNpc@@QAEXHHHPAXHH@Z 10016920 f   KNpc.obj
 0001:00015c50       ??_EKStateNode@@UAEPAXI@Z  10016c50 f i KNpc.obj
 0001:00015c50       ??_GKStateNode@@UAEPAXI@Z  10016c50 f i KNpc.obj
 0001:00015c70       ??1KStateNode@@UAE@XZ      10016c70 f i KNpc.obj
 0001:00015c80       ?ModifyMissleCollsion@KNpc@@QAEHH@Z 10016c80 f   KNpc.obj
 0001:00015cb0       ?ModifyMissleLifeTime@KNpc@@QAEHH@Z 10016cb0 f   KNpc.obj
 0001:00015cc0       ?ModifyMissleSpeed@KNpc@@QAEHH@Z 10016cc0 f   KNpc.obj
 0001:00015ce0       ?DoManyAttack@KNpc@@AAEHXZ 10016ce0 f   KNpc.obj
 0001:00015e10       ?OnManyAttack@KNpc@@AAEXXZ 10016e10 f   KNpc.obj
 0001:00015ec0       ?DoRunAttack@KNpc@@AAEHXZ  10016ec0 f   KNpc.obj
 0001:00016180       ?OnGoAttack@KNpc@@AAEXXZ   10017180 f   KNpc.obj
 0001:000162d0       ?OnRunAttack@KNpc@@AAEXXZ  100172d0 f   KNpc.obj
 0001:00016480       ?DoJumpAttack@KNpc@@AAEHXZ 10017480 f   KNpc.obj
 0001:000166a0       ?OnJumpAttack@KNpc@@AAEHXZ 100176a0 f   KNpc.obj
 0001:000167f0       ?CheckHitTarget@KNpc@@AAEHHHH@Z 100177f0 f   KNpc.obj
 0001:00016860       ?GetNpcCopyFromTemplate@KNpc@@QAEXHH@Z 10017860 f   KNpc.obj
 0001:00016a10       ?LoadDataFromTemplate@KNpc@@QAEXHH@Z 10017a10 f   KNpc.obj
 0001:00016bc0       ?SetPhysicsDamage@KNpc@@QAEXHH@Z 10017bc0 f   KNpc.obj
 0001:00016be0       ?SetReviveFrame@KNpc@@QAEXH@Z 10017be0 f   KNpc.obj
 0001:00016bf0       ?SetBaseAttackRating@KNpc@@QAEXH@Z 10017bf0 f   KNpc.obj
 0001:00016c10       ?SetBaseDefence@KNpc@@QAEXH@Z 10017c10 f   KNpc.obj
 0001:00016c30       ?SetMenuState@KNpc@@QAEXHPADH@Z 10017c30 f   KNpc.obj
 0001:00016c50       ?GetMenuState@KNpc@@QAEHXZ 10017c50 f   KNpc.obj
 0001:00016c60       ?SearchAroundID@KNpc@@QAEKK@Z 10017c60 f   KNpc.obj
 0001:00016ce0       ?SetSpecialSpr@KNpc@@QAEXPAD@Z 10017ce0 f   KNpc.obj
 0001:00016d00       ?SetInstantSpr@KNpc@@QAEXH@Z 10017d00 f   KNpc.obj
 0001:00016d40       ?GetNormalNpcStandDir@KNpc@@QAEHH@Z 10017d40 f   KNpc.obj
 0001:00016d60       ?SetNpcState@KNpc@@QAEXPAE@Z 10017d60 f   KNpc.obj
 0001:00016e00       ?ClearNpcState@KNpc@@QAEXXZ 10017e00 f   KNpc.obj
 0001:00016e60       ?RestoreNpcBaseInfo@KNpc@@QAEXXZ 10017e60 f   KNpc.obj
 0001:00017340       ?DrawBorder@KNpc@@QAEXXZ   10018340 f   KNpc.obj
 0001:00017360       ?DrawMenuState@KNpc@@QAEHH@Z 10018360 f   KNpc.obj
 0001:00017380       ?DrawBlood@KNpc@@QAEXXZ    10018380 f   KNpc.obj
 0001:000173a0       ?IsPlayer@KNpc@@QAEHXZ     100183a0 f   KNpc.obj
 0001:000173c0       ?ClearStateSkillEffect@KNpc@@QAEXXZ 100183c0 f   KNpc.obj
 0001:00017480       ?ClearNormalState@KNpc@@QAEXXZ 10018480 f   KNpc.obj
 0001:00017560       ?CheckTrap@KNpc@@QAEXXZ    10018560 f   KNpc.obj
 0001:000175f0       ?SetFightMode@KNpc@@QAEXH@Z 100185f0 f   KNpc.obj
 0001:00017610       ?TurnTo@KNpc@@QAEXH@Z      10018610 f   KNpc.obj
 0001:00017730       ?ReCalcStateEffect@KNpc@@QAEXXZ 10018730 f   KNpc.obj
 0001:000177b0       ?GetCurActiveWeaponSkill@KNpc@@QAEHXZ 100187b0 f   KNpc.obj
 0001:00017870       ?AutoFixXY@KNpc@@AAEXXZ    10018870 f   KNpc.obj
 0001:00017a80       ?HurtAutoMove@KNpc@@AAEXXZ 10018a80 f   KNpc.obj
 0001:00017e20       ?ProcNetCommand@KNpc@@QAEXW4NPCCMD@@HHH@Z 10018e20 f   KNpc.obj
 0001:00017ee0       ?ClearBlood@KNpc@@QAEXH@Z  10018ee0 f   KNpc.obj
 0001:00017f10       ?SetBlood@KNpc@@QAEXH@Z    10018f10 f   KNpc.obj
 0001:00017fa0       ?FindStateSkill@KNpc@@QAEHH@Z 10018fa0 f   KNpc.obj
 0001:00017fe0       ?PaintBlood@KNpc@@QAEHH@Z  10018fe0 f   KNpc.obj
 0001:00018190       ?GetNpcPate@KNpc@@QAEHXZ   10019190 f   KNpc.obj
 0001:00018210       ?GetNpcPatePeopleInfo@KNpc@@QAEHXZ 10019210 f   KNpc.obj
 0001:000182a0       ?GetFrameCopyFromTemplate@KNpc@@QAEXHH@Z 100192a0 f   KNpc.obj
 0001:00018430       ?ReSetRes@KNpc@@QAEXH@Z    10019430 f   KNpc.obj
 0001:00018610       ?LoadFrameFromTemplate@KNpc@@QAEXHH@Z 10019610 f   KNpc.obj
 0001:000186c0       ??0KNpcAI@@QAE@XZ          100196c0 f   KNpcAI.obj
 0001:000186d0       ?NotActivate@KNpcAI@@QAEXH@Z 100196d0 f   KNpcAI.obj
 0001:00018700       ?Activate@KNpcAI@@QAEXH@Z  10019700 f   KNpcAI.obj
 0001:00018740       ?ProcessShowNpc@KNpcAI@@AAEHXZ 10019740 f   KNpcAI.obj
 0001:00018800       ?ShowNpcType11@KNpcAI@@AAEHXZ 10019800 f   KNpcAI.obj
 0001:00018960       ?ShowNpcType12@KNpcAI@@AAEHXZ 10019960 f   KNpcAI.obj
 0001:00018ad0       ?ShowNpcType13@KNpcAI@@AAEHXZ 10019ad0 f   KNpcAI.obj
 0001:00018c10       ?ShowNpcType14@KNpcAI@@AAEHXZ 10019c10 f   KNpcAI.obj
 0001:00018d90       ?ShowNpcType15@KNpcAI@@AAEHXZ 10019d90 f   KNpcAI.obj
 0001:00018ed0       ?ShowNpcType16@KNpcAI@@AAEHXZ 10019ed0 f   KNpcAI.obj
 0001:00019050       ?ShowNpcType17@KNpcAI@@AAEHXZ 1001a050 f   KNpcAI.obj
 0001:000191e0       ?ProcessPlayer@KNpcAI@@AAEXXZ 1001a1e0 f   KNpcAI.obj
 0001:00019280       ?FollowObject@KNpcAI@@AAEXH@Z 1001a280 f   KNpcAI.obj
 0001:00019310       ?CheckNpc@KNpcAI@@AAEHH@Z  1001a310 f   KNpcAI.obj
 0001:00019370       ?FollowPeople@KNpcAI@@AAEXH@Z 1001a370 f   KNpcAI.obj
 0001:00019860       ?TriggerMapTrap@KNpcAI@@AAEXXZ 1001a860 f   KNpcAI.obj
 0001:00019880       ?TriggerObjectTrap@KNpcAI@@AAEXXZ 1001a880 f   KNpcAI.obj
 0001:00019890       ?GetNearestNpc@KNpcAI@@AAEHH@Z 1001a890 f   KNpcAI.obj
 0001:00019e30       ?GetRandomNumber@@YAHHH@Z  1001ae30 f i KNpcAI.obj
 0001:00019e50       ?IsPlayerCome@KNpcAI@@AAEHXZ 1001ae50 f   KNpcAI.obj
 0001:00019eb0       ?GetNpcNumber@KNpcAI@@AAEHH@Z 1001aeb0 f   KNpcAI.obj
 0001:0001a110       ?KeepAttackRange@KNpcAI@@AAEXHH@Z 1001b110 f   KNpcAI.obj
 0001:0001a280       ?FollowAttack@KNpcAI@@AAEXH@Z 1001b280 f   KNpcAI.obj
 0001:0001a470       ?InEyeshot@KNpcAI@@AAEHH@Z 1001b470 f   KNpcAI.obj
 0001:0001a4b0       ?CommonAction@KNpcAI@@AAEXXZ 1001b4b0 f   KNpcAI.obj
 0001:0001a590       ?KeepActiveRange@KNpcAI@@AAEHXZ 1001b590 f   KNpcAI.obj
 0001:0001a680       ?DoShowFlee@KNpcAI@@AAEHH@Z 1001b680 f   KNpcAI.obj
 0001:0001a7c0       ?Flee@KNpcAI@@AAEXH@Z      1001b7c0 f   KNpcAI.obj
 0001:0001a870       ?ProcessAIType01@KNpcAI@@AAEXXZ 1001b870 f   KNpcAI.obj
 0001:0001aa10       ?ProcessAIType02@KNpcAI@@AAEXXZ 1001ba10 f   KNpcAI.obj
 0001:0001ac80       ?ProcessAIType03@KNpcAI@@AAEXXZ 1001bc80 f   KNpcAI.obj
 0001:0001ae70       ?ProcessAIType04@KNpcAI@@AAEXXZ 1001be70 f   KNpcAI.obj
 0001:0001aff0       ?ProcessAIType05@KNpcAI@@AAEXXZ 1001bff0 f   KNpcAI.obj
 0001:0001b200       ?ProcessAIType06@KNpcAI@@AAEXXZ 1001c200 f   KNpcAI.obj
 0001:0001b3f0       ??0KNpcAttribModify@@QAE@XZ 1001c3f0 f   KNpcAttribModify.obj
 0001:0001b840       ??1KNpcAttribModify@@QAE@XZ 1001c840 f   KNpcAttribModify.obj
 0001:0001b850       ?ModifyAttrib@KNpcAttribModify@@QAEXPAVKNpc@@PAX@Z 1001c850 f   KNpcAttribModify.obj
 0001:0001b880       ?AddColdDamageV@KNpcAttribModify@@AAEXPAVKNpc@@PAX@Z 1001c880 f   KNpcAttribModify.obj
 0001:0001b9d0       ?AddFireDamageV@KNpcAttribModify@@AAEXPAVKNpc@@PAX@Z 1001c9d0 f   KNpcAttribModify.obj
 0001:0001ba20       ?AddLightingDamageV@KNpcAttribModify@@AAEXPAVKNpc@@PAX@Z 1001ca20 f   KNpcAttribModify.obj
 0001:0001ba70       ?AddPhysicsDamageP@KNpcAttribModify@@AAEXPAVKNpc@@PAX@Z 1001ca70 f   KNpcAttribModify.obj
 0001:0001bbe0       ?AddPoisonDamageV@KNpcAttribModify@@AAEXPAVKNpc@@PAX@Z 1001cbe0 f   KNpcAttribModify.obj
 0001:0001bc60       ?AddPhysicsDamageV@KNpcAttribModify@@AAEXPAVKNpc@@PAX@Z 1001cc60 f   KNpcAttribModify.obj
 0001:0001bca0       ?AllresP@KNpcAttribModify@@AAEXPAVKNpc@@PAX@Z 1001cca0 f   KNpcAttribModify.obj
 0001:0001bd20       ?AllSkillV@KNpcAttribModify@@AAEXPAVKNpc@@PAX@Z 1001cd20 f   KNpcAttribModify.obj
 0001:0001bd50       ?AttackRatingP@KNpcAttribModify@@AAEXPAVKNpc@@PAX@Z 1001cd50 f   KNpcAttribModify.obj
 0001:0001bdc0       ?AttackRatingV@KNpcAttribModify@@AAEXPAVKNpc@@PAX@Z 1001cdc0 f   KNpcAttribModify.obj
 0001:0001be00       ?AttackSpeedV@KNpcAttribModify@@AAEXPAVKNpc@@PAX@Z 1001ce00 f   KNpcAttribModify.obj
 0001:0001be40       ?BadStatusTimeReduceV@KNpcAttribModify@@AAEXPAVKNpc@@PAX@Z 1001ce40 f   KNpcAttribModify.obj
 0001:0001be50       ?BurnTimeReduceP@KNpcAttribModify@@AAEXPAVKNpc@@PAX@Z 1001ce50 f   KNpcAttribModify.obj
 0001:0001be60       ?CastSpeedV@KNpcAttribModify@@AAEXPAVKNpc@@PAX@Z 1001ce60 f   KNpcAttribModify.obj
 0001:0001bea0       ?ChangeCampV@KNpcAttribModify@@AAEXPAVKNpc@@PAX@Z 1001cea0 f   KNpcAttribModify.obj
 0001:0001bef0       ?ColdArmorV@KNpcAttribModify@@AAEXPAVKNpc@@PAX@Z 1001cef0 f   KNpcAttribModify.obj
 0001:0001bf60       ?ColdresP@KNpcAttribModify@@AAEXPAVKNpc@@PAX@Z 1001cf60 f   KNpcAttribModify.obj
 0001:0001bfa0       ?DeadlyStrikeP@KNpcAttribModify@@AAEXPAVKNpc@@PAX@Z 1001cfa0 f   KNpcAttribModify.obj
 0001:0001bfe0       ?DexterityV@KNpcAttribModify@@AAEXPAVKNpc@@PAX@Z 1001cfe0 f   KNpcAttribModify.obj
 0001:0001c040       ?EarthSkillV@KNpcAttribModify@@AAEXPAVKNpc@@PAX@Z 1001d040 f   KNpcAttribModify.obj
 0001:0001c090       ?EnergyV@KNpcAttribModify@@AAEXPAVKNpc@@PAX@Z 1001d090 f   KNpcAttribModify.obj
 0001:0001c0f0       ?FastHitRecoverV@KNpcAttribModify@@AAEXPAVKNpc@@PAX@Z 1001d0f0 f   KNpcAttribModify.obj
 0001:0001c130       ?FastWalkRunP@KNpcAttribModify@@AAEXPAVKNpc@@PAX@Z 1001d130 f   KNpcAttribModify.obj
 0001:0001c1c0       ?FireArmorV@KNpcAttribModify@@AAEXPAVKNpc@@PAX@Z 1001d1c0 f   KNpcAttribModify.obj
 0001:0001c230       ?FireSkillV@KNpcAttribModify@@AAEXPAVKNpc@@PAX@Z 1001d230 f   KNpcAttribModify.obj
 0001:0001c280       ?FreezeTimeReduceP@KNpcAttribModify@@AAEXPAVKNpc@@PAX@Z 1001d280 f   KNpcAttribModify.obj
 0001:0001c2c0       ?KnockBackP@KNpcAttribModify@@AAEXPAVKNpc@@PAX@Z 1001d2c0 f   KNpcAttribModify.obj
 0001:0001c300       ?LifeMaxP@KNpcAttribModify@@AAEXPAVKNpc@@PAX@Z 1001d300 f   KNpcAttribModify.obj
 0001:0001c370       ?LifeMaxV@KNpcAttribModify@@AAEXPAVKNpc@@PAX@Z 1001d370 f   KNpcAttribModify.obj
 0001:0001c3b0       ?LifeReplenishV@KNpcAttribModify@@AAEXPAVKNpc@@PAX@Z 1001d3b0 f   KNpcAttribModify.obj
 0001:0001c3d0       ?LifeV@KNpcAttribModify@@AAEXPAVKNpc@@PAX@Z 1001d3d0 f   KNpcAttribModify.obj
 0001:0001c410       ?LightingArmorV@KNpcAttribModify@@AAEXPAVKNpc@@PAX@Z 1001d410 f   KNpcAttribModify.obj
 0001:0001c480       ?LightingresP@KNpcAttribModify@@AAEXPAVKNpc@@PAX@Z 1001d480 f   KNpcAttribModify.obj
 0001:0001c4c0       ?LuckyV@KNpcAttribModify@@AAEXPAVKNpc@@PAX@Z 1001d4c0 f   KNpcAttribModify.obj
 0001:0001c520       ?ManaMaxP@KNpcAttribModify@@AAEXPAVKNpc@@PAX@Z 1001d520 f   KNpcAttribModify.obj
 0001:0001c590       ?ManaMaxV@KNpcAttribModify@@AAEXPAVKNpc@@PAX@Z 1001d590 f   KNpcAttribModify.obj
 0001:0001c5d0       ?ManaReplenishV@KNpcAttribModify@@AAEXPAVKNpc@@PAX@Z 1001d5d0 f   KNpcAttribModify.obj
 0001:0001c610       ?ManaV@KNpcAttribModify@@AAEXPAVKNpc@@PAX@Z 1001d610 f   KNpcAttribModify.obj
 0001:0001c650       ?ManaShieldP@KNpcAttribModify@@AAEXPAVKNpc@@PAX@Z 1001d650 f   KNpcAttribModify.obj
 0001:0001c6b0       ?StateSkillTime@KNpcAttribModify@@AAEXPAVKNpc@@PAX@Z 1001d6b0 f   KNpcAttribModify.obj
 0001:0001c6c0       ?ManaShieldPointP@KNpcAttribModify@@AAEXPAVKNpc@@PAX@Z 1001d6c0 f   KNpcAttribModify.obj
 0001:0001c720       ?LifeReplenishAddP@KNpcAttribModify@@AAEXPAVKNpc@@PAX@Z 1001d720 f   KNpcAttribModify.obj
 0001:0001c740       ?BuffEmtyResP@KNpcAttribModify@@AAEXPAVKNpc@@PAX@Z 1001d740 f   KNpcAttribModify.obj
 0001:0001c770       ?TimeCastSkillEffecV@KNpcAttribModify@@AAEXPAVKNpc@@PAX@Z 1001d770 f   KNpcAttribModify.obj
 0001:0001c790       ?TimeCastSkillEffec1V@KNpcAttribModify@@AAEXPAVKNpc@@PAX@Z 1001d790 f   KNpcAttribModify.obj
 0001:0001c7b0       ?TimeCastSkillEffec2V@KNpcAttribModify@@AAEXPAVKNpc@@PAX@Z 1001d7b0 f   KNpcAttribModify.obj
 0001:0001c7e0       ?DoSkillEffecP@KNpcAttribModify@@AAEXPAVKNpc@@PAX@Z 1001d7e0 f   KNpcAttribModify.obj
 0001:0001c810       ?DoSkillEffec1P@KNpcAttribModify@@AAEXPAVKNpc@@PAX@Z 1001d810 f   KNpcAttribModify.obj
 0001:0001c840       ?DoSkillEffec2P@KNpcAttribModify@@AAEXPAVKNpc@@PAX@Z 1001d840 f   KNpcAttribModify.obj
 0001:0001c870       ?ManaShieldExV@KNpcAttribModify@@AAEXPAVKNpc@@PAX@Z 1001d870 f   KNpcAttribModify.obj
 0001:0001c8a0       ?AddSkillLevelV@KNpcAttribModify@@AAEXPAVKNpc@@PAX@Z 1001d8a0 f   KNpcAttribModify.obj
 0001:0001c8e0       ?AddAllSkillsLevelV@KNpcAttribModify@@AAEXPAVKNpc@@PAX@Z 1001d8e0 f   KNpcAttribModify.obj
 0001:0001c930       ?ManaFromDameP@KNpcAttribModify@@AAEXPAVKNpc@@PAX@Z 1001d930 f   KNpcAttribModify.obj
 0001:0001c950       ?DoSkillBuff1@KNpcAttribModify@@AAEXPAVKNpc@@PAX@Z 1001d950 f   KNpcAttribModify.obj
 0001:0001c960       ?DoSkillBuff2@KNpcAttribModify@@AAEXPAVKNpc@@PAX@Z 1001d960 f   KNpcAttribModify.obj
 0001:0001c970       ?DoSkillBuff3@KNpcAttribModify@@AAEXPAVKNpc@@PAX@Z 1001d970 f   KNpcAttribModify.obj
 0001:0001c980       ?DoSkillBuff4@KNpcAttribModify@@AAEXPAVKNpc@@PAX@Z 1001d980 f   KNpcAttribModify.obj
 0001:0001c990       ?DoSkillBuff5@KNpcAttribModify@@AAEXPAVKNpc@@PAX@Z 1001d990 f   KNpcAttribModify.obj
 0001:0001c9a0       ?ReturnDoSkillEmtyP@KNpcAttribModify@@AAEXPAVKNpc@@PAX@Z 1001d9a0 f   KNpcAttribModify.obj
 0001:0001c9d0       ?MeleeDamageReturnP@KNpcAttribModify@@AAEXPAVKNpc@@PAX@Z 1001d9d0 f   KNpcAttribModify.obj
 0001:0001ca10       ?MeleeDamageReturnV@KNpcAttribModify@@AAEXPAVKNpc@@PAX@Z 1001da10 f   KNpcAttribModify.obj
 0001:0001ca50       ?MetalSkillV@KNpcAttribModify@@AAEXPAVKNpc@@PAX@Z 1001da50 f   KNpcAttribModify.obj
 0001:0001caa0       ?PhysicsArmorV@KNpcAttribModify@@AAEXPAVKNpc@@PAX@Z 1001daa0 f   KNpcAttribModify.obj
 0001:0001cb10       ?PhysicsresP@KNpcAttribModify@@AAEXPAVKNpc@@PAX@Z 1001db10 f   KNpcAttribModify.obj
 0001:0001cb50       ?Damage2ManaP@KNpcAttribModify@@AAEXPAVKNpc@@PAX@Z 1001db50 f   KNpcAttribModify.obj
 0001:0001cb90       ?PoisonArmorV@KNpcAttribModify@@AAEXPAVKNpc@@PAX@Z 1001db90 f   KNpcAttribModify.obj
 0001:0001cc00       ?PoisonDamageReduceV@KNpcAttribModify@@AAEXPAVKNpc@@PAX@Z 1001dc00 f   KNpcAttribModify.obj
 0001:0001cc50       ?PoisonresP@KNpcAttribModify@@AAEXPAVKNpc@@PAX@Z 1001dc50 f   KNpcAttribModify.obj
 0001:0001cc70       ?PoisonTimeReduceP@KNpcAttribModify@@AAEXPAVKNpc@@PAX@Z 1001dc70 f   KNpcAttribModify.obj
 0001:0001cc90       ?RangeDamageReturnV@KNpcAttribModify@@AAEXPAVKNpc@@PAX@Z 1001dc90 f   KNpcAttribModify.obj
 0001:0001ccd0       ?RangeDamageReturnP@KNpcAttribModify@@AAEXPAVKNpc@@PAX@Z 1001dcd0 f   KNpcAttribModify.obj
 0001:0001cd10       ?DamageReturnResistP@KNpcAttribModify@@AAEXPAVKNpc@@PAX@Z 1001dd10 f   KNpcAttribModify.obj
 0001:0001cd30       ?ItemPinkNoMagic@KNpcAttribModify@@AAEXPAVKNpc@@PAX@Z 1001dd30 f   KNpcAttribModify.obj
 0001:0001cd40       ?PoisonDamageReturnP@KNpcAttribModify@@AAEXPAVKNpc@@PAX@Z 1001dd40 f   KNpcAttribModify.obj
 0001:0001cd80       ?BuffEmtyReturnP@KNpcAttribModify@@AAEXPAVKNpc@@PAX@Z 1001dd80 f   KNpcAttribModify.obj
 0001:0001cdd0       ?SlowMissleB@KNpcAttribModify@@AAEXPAVKNpc@@PAX@Z 1001ddd0 f   KNpcAttribModify.obj
 0001:0001ce10       ?StaminaMaxP@KNpcAttribModify@@AAEXPAVKNpc@@PAX@Z 1001de10 f   KNpcAttribModify.obj
 0001:0001ce80       ?StaminaMaxV@KNpcAttribModify@@AAEXPAVKNpc@@PAX@Z 1001de80 f   KNpcAttribModify.obj
 0001:0001cec0       ?StaminaReplenishV@KNpcAttribModify@@AAEXPAVKNpc@@PAX@Z 1001dec0 f   KNpcAttribModify.obj
 0001:0001cf00       ?StaminaV@KNpcAttribModify@@AAEXPAVKNpc@@PAX@Z 1001df00 f   KNpcAttribModify.obj
 0001:0001cf40       ?StealLifeP@KNpcAttribModify@@AAEXPAVKNpc@@PAX@Z 1001df40 f   KNpcAttribModify.obj
 0001:0001cf80       ?StealManaP@KNpcAttribModify@@AAEXPAVKNpc@@PAX@Z 1001df80 f   KNpcAttribModify.obj
 0001:0001cfc0       ?StealStaminaP@KNpcAttribModify@@AAEXPAVKNpc@@PAX@Z 1001dfc0 f   KNpcAttribModify.obj
 0001:0001d000       ?StrengthV@KNpcAttribModify@@AAEXPAVKNpc@@PAX@Z 1001e000 f   KNpcAttribModify.obj
 0001:0001d060       ?StunTimeReduceP@KNpcAttribModify@@AAEXPAVKNpc@@PAX@Z 1001e060 f   KNpcAttribModify.obj
 0001:0001d0a0       ?VisionRadiusP@KNpcAttribModify@@AAEXPAVKNpc@@PAX@Z 1001e0a0 f   KNpcAttribModify.obj
 0001:0001d0e0       ?VitalityV@KNpcAttribModify@@AAEXPAVKNpc@@PAX@Z 1001e0e0 f   KNpcAttribModify.obj
 0001:0001d140       ?WaterSkillV@KNpcAttribModify@@AAEXPAVKNpc@@PAX@Z 1001e140 f   KNpcAttribModify.obj
 0001:0001d290       ?WoodSkillV@KNpcAttribModify@@AAEXPAVKNpc@@PAX@Z 1001e290 f   KNpcAttribModify.obj
 0001:0001d300       ?FireresP@KNpcAttribModify@@AAEXPAVKNpc@@PAX@Z 1001e300 f   KNpcAttribModify.obj
 0001:0001d340       ?ArmorDefenseV@KNpcAttribModify@@AAEXPAVKNpc@@PAX@Z 1001e340 f   KNpcAttribModify.obj
 0001:0001d380       ?ColdEnhanceP@KNpcAttribModify@@AAEXPAVKNpc@@PAX@Z 1001e380 f   KNpcAttribModify.obj
 0001:0001d3c0       ?FireEnhanceP@KNpcAttribModify@@AAEXPAVKNpc@@PAX@Z 1001e3c0 f   KNpcAttribModify.obj
 0001:0001d400       ?LightingEnhanceP@KNpcAttribModify@@AAEXPAVKNpc@@PAX@Z 1001e400 f   KNpcAttribModify.obj
 0001:0001d440       ?PoisonEnhanceP@KNpcAttribModify@@AAEXPAVKNpc@@PAX@Z 1001e440 f   KNpcAttribModify.obj
 0001:0001d480       ?LifePotionV@KNpcAttribModify@@AAEXPAVKNpc@@PAX@Z 1001e480 f   KNpcAttribModify.obj
 0001:0001d4e0       ?ManaPotionV@KNpcAttribModify@@AAEXPAVKNpc@@PAX@Z 1001e4e0 f   KNpcAttribModify.obj
 0001:0001d540       ?PhysicsResMaxP@KNpcAttribModify@@AAEXPAVKNpc@@PAX@Z 1001e540 f   KNpcAttribModify.obj
 0001:0001d580       ?ColdResMaxP@KNpcAttribModify@@AAEXPAVKNpc@@PAX@Z 1001e580 f   KNpcAttribModify.obj
 0001:0001d5c0       ?FireResMaxP@KNpcAttribModify@@AAEXPAVKNpc@@PAX@Z 1001e5c0 f   KNpcAttribModify.obj
 0001:0001d600       ?LightingResMaxP@KNpcAttribModify@@AAEXPAVKNpc@@PAX@Z 1001e600 f   KNpcAttribModify.obj
 0001:0001d640       ?PoisonResMaxP@KNpcAttribModify@@AAEXPAVKNpc@@PAX@Z 1001e640 f   KNpcAttribModify.obj
 0001:0001d680       ?AllResMaxP@KNpcAttribModify@@AAEXPAVKNpc@@PAX@Z 1001e680 f   KNpcAttribModify.obj
 0001:0001d700       ?FatallyStrikeP@KNpcAttribModify@@AAEXPAVKNpc@@PAX@Z 1001e700 f   KNpcAttribModify.obj
 0001:0001d710       ?MixPoisonDamage@KNpcAttribModify@@QAEXPAUKMagicAttrib@@0@Z 1001e710 f   KNpcAttribModify.obj
 0001:0001d7e0       ?Init@KNpcDeathCalcExp@@QAEXH@Z 1001e7e0 f   KNpcDeathCalcExp.obj
 0001:0001d810       ?Active@KNpcDeathCalcExp@@QAEXXZ 1001e810 f   KNpcDeathCalcExp.obj
 0001:0001d860       ?Clear@KNpcDeathCalcExp@@QAEXXZ 1001e860 f   KNpcDeathCalcExp.obj
 0001:0001d880       ??0KNpcFindPath@@QAE@XZ    1001e880 f   KNpcFindPath.obj
 0001:0001d8a0       ?Init@KNpcFindPath@@QAEXH@Z 1001e8a0 f   KNpcFindPath.obj
 0001:0001d8c0       ?GetDir@KNpcFindPath@@QAEHHHHHHHPAH@Z 1001e8c0 f   KNpcFindPath.obj
 0001:0001deb0       ?Dir64To8@KNpcFindPath@@QAEHH@Z 1001eeb0 f   KNpcFindPath.obj
 0001:0001dec0       ?Dir8To64@KNpcFindPath@@QAEHH@Z 1001eec0 f   KNpcFindPath.obj
 0001:0001ded0       ?CheckDistance@KNpcFindPath@@QAEHHHHHH@Z 1001eed0 f   KNpcFindPath.obj
 0001:0001df10       ?CheckBarrier@KNpcFindPath@@QAEHHH@Z 1001ef10 f   KNpcFindPath.obj
 0001:0001df70       ?Init@KNpcGold@@QAEXH@Z    1001ef70 f   KNpcGold.obj
 0001:0001dfb0       ?SetGoldType@KNpcGold@@QAEXH@Z 1001efb0 f   KNpcGold.obj
 0001:0001dfd0       ?SetGoldTypeAndBackData@KNpcGold@@QAEXXZ 1001efd0 f   KNpcGold.obj
 0001:0001e050       ?RecoverBackData@KNpcGold@@QAEXXZ 1001f050 f   KNpcGold.obj
 0001:0001e370       ?RandChangeGold@KNpcGold@@QAEXXZ 1001f370 f   KNpcGold.obj
 0001:0001e6b0       ?GetGoldType@KNpcGold@@QAEHXZ 1001f6b0 f   KNpcGold.obj
 0001:0001e6d0       ?SetGoldCurrentType@KNpcGold@@QAEXH@Z 1001f6d0 f   KNpcGold.obj
 0001:0001e700       ?ClientClearState@KNpcGold@@QAEXXZ 1001f700 f   KNpcGold.obj
 0001:0001e710       ??0KNpcGoldTemplate@@QAE@XZ 1001f710 f   KNpcGold.obj
 0001:0001e730       ?Init@KNpcGoldTemplate@@QAEHXZ 1001f730 f   KNpcGold.obj
 0001:0001e9c0       ??0KNpcRes@@QAE@XZ         1001f9c0 f   KNpcRes.obj
 0001:0001ea90       ?Init@KNpcRes@@QAEHPADPAVKNpcResList@@@Z 1001fa90 f   KNpcRes.obj
 0001:0001ecc0       ?Remove@KNpcRes@@QAEXH@Z   1001fcc0 f   KNpcRes.obj
 0001:0001ed00       ?DrawStun@KNpcRes@@QAEXXZ  1001fd00 f   KNpcRes.obj
 0001:0001ee10       ?Draw@KNpcRes@@QAEXHHHHHHH@Z 1001fe10 f   KNpcRes.obj
 0001:0001f770       ?GetShadowName@KNpcRes@@SAXPAD0@Z 10020770 f   KNpcRes.obj
 0001:0001f790       ??1KNpcRes@@QAE@XZ         10020790 f   KNpcRes.obj
 0001:0001f7a0       ?SetHelm@KNpcRes@@QAEHH@Z  100207a0 f   KNpcRes.obj
 0001:0001f8a0       ?SetArmor@KNpcRes@@QAEHHHH@Z 100208a0 f   KNpcRes.obj
 0001:0001fb40       ?SetWeapon@KNpcRes@@QAEHH@Z 10020b40 f   KNpcRes.obj
 0001:0001ff60       ?SetHorse@KNpcRes@@QAEHH@Z 10020f60 f   KNpcRes.obj
 0001:00020060       ?SetAction@KNpcRes@@QAEHH@Z 10021060 f   KNpcRes.obj
 0001:00020480       ?SetRideHorse@KNpcRes@@QAEHH@Z 10021480 f   KNpcRes.obj
 0001:00020890       ?SetPos@KNpcRes@@QAEXHHHHHH@Z 10021890 f   KNpcRes.obj
 0001:000208f0       ?SetState@KNpcRes@@QAEXPAVKList@@PAVKNpcResList@@@Z 100218f0 f   KNpcRes.obj
 0001:00020b20       ?SetSpecialSpr@KNpcRes@@QAEXPAD@Z 10021b20 f   KNpcRes.obj
 0001:00020bd0       ?SetMenuStateSpr@KNpcRes@@AAEXH@Z 10021bd0 f   KNpcRes.obj
 0001:00020cc0       ?SetBlur@KNpcRes@@QAEXH@Z  10021cc0 f   KNpcRes.obj
 0001:00020cf0       ?GetSoundName@KNpcRes@@AAEXXZ 10021cf0 f   KNpcRes.obj
 0001:00020d10       ?PlaySoundA@KNpcRes@@AAEXHH@Z 10021d10 f   KNpcRes.obj
 0001:00020de0       ?GetSndVolume@KNpcRes@@QAEHH@Z 10021de0 f   KNpcRes.obj
 0001:00020e10       ?StopSound@KNpcRes@@QAEXXZ 10021e10 f   KNpcRes.obj
 0001:00020e50       ?SetMenuState@KNpcRes@@QAEXHPADH@Z 10021e50 f   KNpcRes.obj
 0001:00020e90       ?GetMenuState@KNpcRes@@QAEHXZ 10021e90 f   KNpcRes.obj
 0001:00020eb0       ?SetSleepState@KNpcRes@@QAEXH@Z 10021eb0 f   KNpcRes.obj
 0001:00020f00       ?GetSleepState@KNpcRes@@QAEHXZ 10021f00 f   KNpcRes.obj
 0001:00020f10       ?DrawBorder@KNpcRes@@QAEXXZ 10021f10 f   KNpcRes.obj
 0001:00021020       ?DrawMenuState@KNpcRes@@QAEHH@Z 10022020 f   KNpcRes.obj
 0001:00021110       ?GetNormalNpcStandDir@KNpcRes@@QAEHH@Z 10022110 f   KNpcRes.obj
 0001:00021150       ??0KStateSpr@@QAE@XZ       10022150 f   KNpcRes.obj
 0001:00021170       ?Release@KStateSpr@@QAEXXZ 10022170 f   KNpcRes.obj
 0001:00021190       ??0KNpcBlur@@QAE@XZ        10022190 f   KNpcRes.obj
 0001:000211b0       ??1KNpcBlur@@QAE@XZ        100221b0 f   KNpcRes.obj
 0001:000211c0       ?SetNextNo@KNpcBlur@@QAEXXZ 100221c0 f   KNpcRes.obj
 0001:000211e0       ?SetMapPos@KNpcBlur@@QAEXHHHH@Z 100221e0 f   KNpcRes.obj
 0001:00021240       ?ChangeAlpha@KNpcBlur@@QAEXXZ 10022240 f   KNpcRes.obj
 0001:000212f0       ?ClearCurNo@KNpcBlur@@QAEXXZ 100222f0 f   KNpcRes.obj
 0001:00021320       ?SetFile@KNpcBlur@@QAEXHPADHHHHH@Z 10022320 f   KNpcRes.obj
 0001:00021450       ?Draw@KNpcBlur@@QAEXH@Z    10022450 f   KNpcRes.obj
 0001:00021490       ?NowGetBlur@KNpcBlur@@QAEHXZ 10022490 f   KNpcRes.obj
 0001:000214a0       ?Init@KNpcBlur@@QAEHXZ     100224a0 f   KNpcRes.obj
 0001:000214e0       ?Remove@KNpcBlur@@QAEXXZ   100224e0 f   KNpcRes.obj
 0001:00021520       ?AddObj@KNpcBlur@@QAEXXZ   10022520 f   KNpcRes.obj
 0001:00021530       ?RemoveObj@KNpcBlur@@QAEXXZ 10022530 f   KNpcRes.obj
 0001:00021580       ??0KNpcResList@@QAE@XZ     10022580 f   KNpcResList.obj
 0001:00021600       ??1KNpcResList@@QAE@XZ     10022600 f   KNpcResList.obj
 0001:00021690       ?Init@KNpcResList@@QAEHXZ  10022690 f   KNpcResList.obj
 0001:000216e0       ?FindNpcRes@KNpcResList@@AAEPAVKNpcResNode@@PAD@Z 100226e0 f   KNpcResList.obj
 0001:000217b0       ?AddNpcRes@KNpcResList@@QAEPAVKNpcResNode@@PAD@Z 100227b0 f   KNpcResList.obj
 0001:00021880       ??0KNpcResNode@@QAE@XZ     10022880 f   KNpcResNode.obj
 0001:00021970       ??_EKNpcResNode@@UAEPAXI@Z 10022970 f i KNpcResNode.obj
 0001:00021970       ??_GKNpcResNode@@UAEPAXI@Z 10022970 f i KNpcResNode.obj
 0001:00021990       ??1KNpcResNode@@UAE@XZ     10022990 f   KNpcResNode.obj
 0001:00021a30       ?Init@KNpcResNode@@QAEHPADPAVCActionName@@1@Z 10022a30 f   KNpcResNode.obj
 0001:000228b0       ?ComposePathAndName@KNpcResNode@@QAEXPAD00@Z 100238b0 f   KNpcResNode.obj
 0001:000229b0       ?CheckPartExist@KNpcResNode@@QAEHH@Z 100239b0 f   KNpcResNode.obj
 0001:000229e0       ?GetFileName@KNpcResNode@@QAEHHHHPAD0H@Z 100239e0 f   KNpcResNode.obj
 0001:00022a20       ?GetInterval@KNpcResNode@@QAEHHHHH@Z 10023a20 f   KNpcResNode.obj
 0001:00022a60       ?GetTotalFrames@KNpcResNode@@QAEHHHHH@Z 10023a60 f   KNpcResNode.obj
 0001:00022aa0       ?GetTotalDirs@KNpcResNode@@QAEHHHHH@Z 10023aa0 f   KNpcResNode.obj
 0001:00022ae0       ?GetActNo@KNpcResNode@@QAEHHHH@Z 10023ae0 f   KNpcResNode.obj
 0001:00022b20       ?GetSort@KNpcResNode@@QAEHHHHPAHH@Z 10023b20 f   KNpcResNode.obj
 0001:00022b80       ?GetActionSoundName@KNpcResNode@@QAEXHPAD@Z 10023b80 f   KNpcResNode.obj
 0001:00022bc0       ?GetShadowName@KNpcResNode@@SAXPAD0@Z 10023bc0 f   KNpcResNode.obj
 0001:00022c50       ??0CActionName@@QAE@XZ     10023c50 f   KNpcResNode.obj
 0001:00022c80       ?Init@CActionName@@QAEHPAD@Z 10023c80 f   KNpcResNode.obj
 0001:00022da0       ?GetActionNo@CActionName@@QAEHPAD@Z 10023da0 f   KNpcResNode.obj
 0001:00022e20       ?GetActionCount@CActionName@@QAEHXZ 10023e20 f   KNpcResNode.obj
 0001:00022e30       ?GetActionName@CActionName@@QAEHHPADH@Z 10023e30 f   KNpcResNode.obj
 0001:00022ea0       ??0CShadowFileName@@QAE@XZ 10023ea0 f   KNpcResNode.obj
 0001:00022eb0       ??1CShadowFileName@@QAE@XZ 10023eb0 f   KNpcResNode.obj
 0001:00022ee0       ?Init@CShadowFileName@@QAEXH@Z 10023ee0 f   KNpcResNode.obj
 0001:00022f40       ?GetFile@CShadowFileName@@QAEHHPAH0000PAD@Z 10023f40 f   KNpcResNode.obj
 0001:00022fd0       ??0CStateMagicTable@@QAE@XZ 10023fd0 f   KNpcResNode.obj
 0001:00023030       ?Init@CStateMagicTable@@QAEHXZ 10024030 f   KNpcResNode.obj
 0001:00023290       ?GetInfo@CStateMagicTable@@QAEXHPADPAH111111@Z 10024290 f   KNpcResNode.obj
 0001:000233a0       ??0CRESINFO@@QAE@XZ        100243a0 f   KNpcResNode.obj
 0001:000233b0       ??1CRESINFO@@QAE@XZ        100243b0 f   KNpcResNode.obj
 0001:000233c0       ?AutoDelete@CRESINFO@@QAEXXZ 100243c0 f   KNpcResNode.obj
 0001:000233f0       ?AutoNew@CRESINFO@@QAEHHH@Z 100243f0 f   KNpcResNode.obj
 0001:000234a0       ?GetName@CRESINFO@@QAEHHHPAD0H@Z 100244a0 f   KNpcResNode.obj
 0001:00023530       ?GetInterval@CRESINFO@@QAEHHHH@Z 10024530 f   KNpcResNode.obj
 0001:00023570       ?GetTotalFrames@CRESINFO@@QAEHHHH@Z 10024570 f   KNpcResNode.obj
 0001:000235b0       ?GetTotalDirs@CRESINFO@@QAEHHHH@Z 100245b0 f   KNpcResNode.obj
 0001:000235f0       ??0CEquipStyleTable@@QAE@XZ 100245f0 f   KNpcResNode.obj
 0001:00023600       ??1CEquipStyleTable@@QAE@XZ 10024600 f   KNpcResNode.obj
 0001:00023610       ?AutoDelete@CEquipStyleTable@@QAEXXZ 10024610 f   KNpcResNode.obj
 0001:00023640       ?AutoNew@CEquipStyleTable@@QAEHHH@Z 10024640 f   KNpcResNode.obj
 0001:000236a0       ?SetValue@CEquipStyleTable@@QAEXHHH@Z 100246a0 f   KNpcResNode.obj
 0001:000236e0       ?GetValue@CEquipStyleTable@@QAEHHH@Z 100246e0 f   KNpcResNode.obj
 0001:00023720       ??0CSortTable@@QAE@XZ      10024720 f   KNpcResNode.obj
 0001:00023790       ??1CSortTable@@QAE@XZ      10024790 f   KNpcResNode.obj
 0001:000237a0       ?Release@CSortTable@@AAEXXZ 100247a0 f   KNpcResNode.obj
 0001:000237f0       ?SortStrToNum@CSortTable@@AAEXPADPAHH@Z 100247f0 f   KNpcResNode.obj
 0001:000238a0       ?GetTable@CSortTable@@QAEHPADPAVCActionName@@H@Z 100248a0 f   KNpcResNode.obj
 0001:00023980       ?GetTable@CSortTable@@QAEHPAVKIniFile@@PAVCActionName@@H@Z 10024980 f   KNpcResNode.obj
 0001:00023df0       ?GetSort@CSortTable@@QAEHHHHPAHH@Z 10024df0 f   KNpcResNode.obj
 0001:00024110       ??1KNpcSet@@QAE@XZ         10025110 f i KNpcSet.obj
 0001:00024180       ??0KNpcSet@@QAE@XZ         10025180 f   KNpcSet.obj
 0001:000241e0       ?Init@KNpcSet@@QAEXXZ      100251e0 f   KNpcSet.obj
 0001:00024290       ?LoadPlayerBaseValue@KNpcSet@@QAEXPAD@Z 10025290 f   KNpcSet.obj
 0001:00024400       ?IsNpcExist@KNpcSet@@QAEHHK@Z 10025400 f   KNpcSet.obj
 0001:00024430       ?GenOneRelation@KNpcSet@@AAE?AW4NPC_RELATION@@W4NPCKIND@@0W4NPCCAMP@@1@Z 10025430 f   KNpcSet.obj
 0001:000244c0       ?GenRelationTable@KNpcSet@@AAEHXZ 100254c0 f   KNpcSet.obj
 0001:00024530       ?SearchID@KNpcSet@@QAEHK@Z 10025530 f   KNpcSet.obj
 0001:00024570       ?SearchClientID@KNpcSet@@QAEHUKClientNpcID@@@Z 10025570 f   KNpcSet.obj
 0001:000245c0       ?SearchName@KNpcSet@@QAEHPAD@Z 100255c0 f   KNpcSet.obj
 0001:00024620       ?SearchNameID@KNpcSet@@QAEHK@Z 10025620 f   KNpcSet.obj
 0001:00024680       ?FindFree@KNpcSet@@AAEHXZ  10025680 f   KNpcSet.obj
 0001:000246a0       ?AddClientNpc@KNpcSet@@QAEHHHHHHH@Z 100256a0 f   KNpcSet.obj
 0001:000247b0       ?Add@KNpcSet@@QAEHHPAX@Z   100257b0 f   KNpcSet.obj
 0001:00024880       ?Add@KNpcSet@@QAEHHHHH@Z   10025880 f   KNpcSet.obj
 0001:00024910       ?Add@KNpcSet@@QAEHHHHHHHH@Z 10025910 f   KNpcSet.obj
 0001:00024ae0       ?Remove@KNpcSet@@QAEXH@Z   10025ae0 f   KNpcSet.obj
 0001:00024b50       ?RemoveAll@KNpcSet@@QAEXXZ 10025b50 f   KNpcSet.obj
 0001:00024bf0       ?InsertNpcToRegion@KNpcSet@@QAEXH@Z 10025bf0 f   KNpcSet.obj
 0001:00024cb0       ?SetID@KNpcSet@@AAEXH@Z    10025cb0 f   KNpcSet.obj
 0001:00024d10       ?GetDistance@KNpcSet@@SAHHH@Z 10025d10 f   KNpcSet.obj
 0001:00024e80       ?GetDistanceSquare@KNpcSet@@SAHHH@Z 10025e80 f   KNpcSet.obj
 0001:00024fd0       ?GetNextIdx@KNpcSet@@QAEHH@Z 10025fd0 f   KNpcSet.obj
 0001:00025000       ?CheckBalance@KNpcSet@@QAEXXZ 10026000 f   KNpcSet.obj
 0001:00025200       ?GetLife@KNpcSet@@QAEXHAAH00@Z 10026200 f   KNpcSet.obj
 0001:00025270       ?GetAroundPlayerForTeamInvite@KNpcSet@@QAEHPAUKUiPlayerItem@@H@Z 10026270 f   KNpcSet.obj
 0001:00025430       ?GetAroundPlayer@KNpcSet@@QAEHPAUKUiPlayerItem@@H@Z 10026430 f   KNpcSet.obj
 0001:00025570       ?SetShowNameFlag@KNpcSet@@QAEXH@Z 10026570 f   KNpcSet.obj
 0001:000255a0       ?CheckShowName@KNpcSet@@QAEHXZ 100265a0 f   KNpcSet.obj
 0001:000255b0       ?SetShowLifeFlag@KNpcSet@@QAEXH@Z 100265b0 f   KNpcSet.obj
 0001:000255e0       ?CheckShowLife@KNpcSet@@QAEHXZ 100265e0 f   KNpcSet.obj
 0001:000255f0       ?SetShowChatFlag@KNpcSet@@QAEXH@Z 100265f0 f   KNpcSet.obj
 0001:00025620       ?CheckShowChat@KNpcSet@@QAEHXZ 10026620 f   KNpcSet.obj
 0001:00025630       ?SetShowManaFlag@KNpcSet@@QAEXH@Z 10026630 f   KNpcSet.obj
 0001:00025660       ?CheckShowMana@KNpcSet@@QAEHXZ 10026660 f   KNpcSet.obj
 0001:00025670       ?ClearActivateFlagOfAllNpc@KNpcSet@@QAEXXZ 10026670 f   KNpcSet.obj
 0001:000256b0       ?GetAroundOpenCaptain@KNpcSet@@QAEXH@Z 100266b0 f   KNpcSet.obj
 0001:00025830       ?SearchNpcAt@KNpcSet@@QAEHHHHH@Z 10026830 f   KNpcSet.obj
 0001:000259a0       ?IsNpcRequestExist@KNpcSet@@QAEHK@Z 100269a0 f   KNpcSet.obj
 0001:000259c0       ?InsertNpcRequest@KNpcSet@@QAEHK@Z 100269c0 f   KNpcSet.obj
 0001:00025a50       ?RemoveNpcRequest@KNpcSet@@QAEXK@Z 10026a50 f   KNpcSet.obj
 0001:00025ad0       ?GetRequestIndex@KNpcSet@@QAEHK@Z 10026ad0 f   KNpcSet.obj
 0001:00025b10       ?GetRelation@KNpcSet@@QAE?AW4NPC_RELATION@@HH@Z 10026b10 f   KNpcSet.obj
 0001:00026140       ??0KInstantSpecial@@QAE@XZ 10027140 f   KNpcSet.obj
 0001:00026190       ?LoadSprName@KInstantSpecial@@AAEXXZ 10027190 f   KNpcSet.obj
 0001:00026250       ?LoadSoundName@KInstantSpecial@@AAEXXZ 10027250 f   KNpcSet.obj
 0001:00026340       ?GetSprName@KInstantSpecial@@QAEXHPADH@Z 10027340 f   KNpcSet.obj
 0001:000263d0       ?PlaySoundA@KInstantSpecial@@QAEXH@Z 100273d0 f   KNpcSet.obj
 0001:00026470       ?InitNpcBaseData@KNpcTemplate@@QAEXH@Z 10027470 f   KNpcTemplate.obj
 0001:00026710       ?InitNpcLevelData@KNpcTemplate@@QAEXPAVKTabFile@@HH@Z 10027710 f   KNpcTemplate.obj
 0001:00026770       ?GetNpcLevelDataFromScript@KNpcTemplate@@SAHPAVKLuaScript@@PADH1@Z 10027770 f   KNpcTemplate.obj
 0001:00026810       ?GetNpcLevelDataFromScript@KNpcTemplate@@SAHPAVKLuaScript@@PADHNNN@Z 10027810 f   KNpcTemplate.obj
 0001:000268a0       ?SkillString2Id@KNpcTemplate@@SAHPAD@Z 100278a0 f   KNpcTemplate.obj
 0001:00026950       ?Init@KFaction@@QAEHXZ     10027950 f   KFaction.obj
 0001:00026a90       ?GetID@KFaction@@QAEHHH@Z  10027a90 f   KFaction.obj
 0001:00026ac0       ?GetID@KFaction@@QAEHHPAD@Z 10027ac0 f   KFaction.obj
 0001:00026b30       ?GetCamp@KFaction@@QAEHH@Z 10027b30 f   KFaction.obj
 0001:00026bb0       ??0KPlayer@@QAE@XZ         10027bb0 f   KPlayer.obj
 0001:00026cd0       ??1KPlayerChat@@QAE@XZ     10027cd0 f i KPlayer.obj
 0001:00026d40       ??1KEquipmentArray@@QAE@XZ 10027d40 f i KPlayer.obj
 0001:00026d50       ??1CChatFriendTeam@@QAE@XZ 10027d50 f i KPlayer.obj
 0001:00026d60       ??1KPlayer@@QAE@XZ         10027d60 f   KPlayer.obj
 0001:00026e10       ?Release@KPlayer@@QAEXXZ   10027e10 f   KPlayer.obj
 0001:00027370       ?SetPlayerIndex@KPlayer@@QAEXH@Z 10028370 f   KPlayer.obj
 0001:00027390       ?GetPlayerIndex@KPlayer@@QAEHXZ 10028390 f   KPlayer.obj
 0001:000273a0       ?Active@KPlayer@@QAEXXZ    100283a0 f   KPlayer.obj
 0001:00027760       ?ProcessMsg@KPlayer@@QAEXPAVKWorldMsgNode@@@Z 10028760 f   KPlayer.obj
 0001:00027770       ?PlayerAuto@KPlayer@@QAEXXZ 10028770 f   KPlayer.obj
 0001:00027cd0       ?PlayerSwitchAura@KPlayer@@QAEXXZ 10028cd0 f   KPlayer.obj
 0001:00027d50       ?PlayerMoveMps@KPlayer@@QAEHXZ 10028d50 f   KPlayer.obj
 0001:00027ea0       ?GetMoveMpsCount@KPlayer@@QAEHXZ 10028ea0 f   KPlayer.obj
 0001:00027ec0       ?IsNotValidNpc@KPlayer@@QAEHH@Z 10028ec0 f   KPlayer.obj
 0001:00027fc0       ?IsEquipSatisfyCondition@KPlayer@@QAEHH@Z 10028fc0 f   KPlayer.obj
 0001:00028030       ?PlayerFilterEquip@KPlayer@@QAEXXZ 10029030 f   KPlayer.obj
 0001:00028250       ?AutoAddNpc2Array@KPlayer@@QAEHH@Z 10029250 f   KPlayer.obj
 0001:00028a50       ?FindObjectNearPlayer@KPlayer@@QAEHXZ 10029a50 f   KPlayer.obj
 0001:00028ed0       ?FindNearNpc2Array@KPlayer@@QAEHH@Z 10029ed0 f   KPlayer.obj
 0001:00028fe0       ?FindNearObject2Array@KPlayer@@QAEHXZ 10029fe0 f   KPlayer.obj
 0001:000290f0       ?IsNotValidObject@KPlayer@@QAEHH@Z 1002a0f0 f   KPlayer.obj
 0001:00029200       ?FindSame@KEquipmentArray@@QAEHH@Z 1002a200 f   KPlayer.obj
 0001:00029220       ?PlayerFollowActack@KPlayer@@QAEXH@Z 1002a220 f   KPlayer.obj
 0001:000298e0       ?SetSortEquipment@KPlayer@@QAEXH@Z 1002a8e0 f   KPlayer.obj
 0001:00029920       ?SortEquipment@KPlayer@@QAEXXZ 1002a920 f   KPlayer.obj
 0001:00029ab0       ?CheckEquip@KPlayer@@QAEHE@Z 1002aab0 f   KPlayer.obj
 0001:00029ad0       ?CheckEquipMagic@KPlayer@@QAEHH@Z 1002aad0 f   KPlayer.obj
 0001:00029b40       ?InventoryItem@KPlayer@@QAEHXZ 1002ab40 f   KPlayer.obj
 0001:00029da0       ?AutoSellItem@KPlayer@@QAEHXZ 1002ada0 f   KPlayer.obj
 0001:00029f90       ?ReturnFromPortal@KPlayer@@QAEHXZ 1002af90 f   KPlayer.obj
 0001:0002a660       ??1tagPLAYER_COMMAND@@QAE@XZ 1002b660 f i KPlayer.obj
 0001:0002a680       ?AutoReturn@KPlayer@@QAEXXZ 1002b680 f   KPlayer.obj
 0001:0002a7b0       ?MoveTo@KPlayer@@QAEXHH@Z  1002b7b0 f   KPlayer.obj
 0001:0002a890       ?AutoBuffSkillState@KPlayer@@QAEHXZ 1002b890 f   KPlayer.obj
 0001:0002ab10       ?PlayerFollowObject@KPlayer@@QAEXH@Z 1002bb10 f   KPlayer.obj
 0001:0002ad00       ?AutoParty@KPlayer@@QAEXXZ 1002bd00 f   KPlayer.obj
 0001:0002ae00       ?PlayerEatAItem@KPlayer@@QAEXXZ 1002be00 f   KPlayer.obj
 0001:0002b440       ?PlayerUseItem@KPlayer@@QAEXH@Z 1002c440 f   KPlayer.obj
 0001:0002b9e0       ?ProcessInputMsg@KPlayer@@QAEXIIJ@Z 1002c9e0 f   KPlayer.obj
 0001:0002bb50       ?OnButtonDown@KPlayer@@AAEXHHHW4MOUSE_BUTTON@@@Z 1002cb50 f   KPlayer.obj
 0001:0002bbb0       ?OnButtonMove@KPlayer@@AAEXHHHW4MOUSE_BUTTON@@@Z 1002cbb0 f   KPlayer.obj
 0001:0002bbe0       ?OnButtonUp@KPlayer@@AAEXHHW4MOUSE_BUTTON@@@Z 1002cbe0 f   KPlayer.obj
 0001:0002bc00       ?OnMouseMove@KPlayer@@AAEXHH@Z 1002cc00 f   KPlayer.obj
 0001:0002bd00       ?ProcessMouse@KPlayer@@AAEXHHHW4MOUSE_BUTTON@@@Z 1002cd00 f   KPlayer.obj
 0001:0002c380       ?Walk@KPlayer@@QAEXHH@Z    1002d380 f   KPlayer.obj
 0001:0002c550       ?TurnLeft@KPlayer@@QAEXXZ  1002d550 f   KPlayer.obj
 0001:0002c5a0       ?TurnRight@KPlayer@@QAEXXZ 1002d5a0 f   KPlayer.obj
 0001:0002c5f0       ?TurnBack@KPlayer@@QAEXXZ  1002d5f0 f   KPlayer.obj
 0001:0002c640       ?FindSelectNpc@KPlayer@@QAEXHHH@Z 1002d640 f   KPlayer.obj
 0001:0002c680       ?FindSelectObject@KPlayer@@QAEXHH@Z 1002d680 f   KPlayer.obj
 0001:0002c6b0       ?NetCommandPlayerTalk@KPlayer@@AAEHPAE@Z 1002d6b0 f   KPlayer.obj
 0001:0002c6c0       ?ConformIdx@KPlayer@@QAEHH@Z 1002d6c0 f   KPlayer.obj
 0001:0002c6e0       ?OpenBuyShop@KPlayer@@QAEXK@Z 1002d6e0 f   KPlayer.obj
 0001:0002c720       ?NewPlayerGetBaseAttribute@KPlayer@@QAEHH@Z 1002d720 f   KPlayer.obj
 0001:0002c800       ?CalcCurLucky@KPlayer@@AAEXXZ 1002d800 f   KPlayer.obj
 0001:0002c810       ?ChangeCurStrength@KPlayer@@QAEXH@Z 1002d810 f   KPlayer.obj
 0001:0002c830       ?ChangeCurDexterity@KPlayer@@QAEXH@Z 1002d830 f   KPlayer.obj
 0001:0002c8b0       ?ChangeCurVitality@KPlayer@@QAEXH@Z 1002d8b0 f   KPlayer.obj
 0001:0002c970       ?ChangeCurEngergy@KPlayer@@QAEXH@Z 1002d970 f   KPlayer.obj
 0001:0002c9e0       ?AddBaseLucky@KPlayer@@QAEXH@Z 1002d9e0 f   KPlayer.obj
 0001:0002ca00       ?SetNpcPhysicsDamage@KPlayer@@AAEXXZ 1002da00 f   KPlayer.obj
 0001:0002caf0       ?SetNpcAttackRating@KPlayer@@AAEXXZ 1002daf0 f   KPlayer.obj
 0001:0002cb30       ?SetNpcDefence@KPlayer@@AAEXXZ 1002db30 f   KPlayer.obj
 0001:0002cb70       ?AddExp@KPlayer@@QAEXHHH@Z 1002db70 f   KPlayer.obj
 0001:0002cb90       ?AddSelfExp@KPlayer@@QAEXHH@Z 1002db90 f   KPlayer.obj
 0001:0002cd00       ?DirectAddExp@KPlayer@@QAEXH@Z 1002dd00 f   KPlayer.obj
 0001:0002cdb0       ?SetLevel@KPlayer@@QAEXH@Z 1002ddb0 f   KPlayer.obj
 0001:0002d3f0       ?LevelUp@KPlayer@@QAEXXZ   1002e3f0 f   KPlayer.obj
 0001:0002da00       ?SetImageNpcId@KPlayer@@QAEXH@Z 1002ea00 f   KPlayer.obj
 0001:0002da10       ?UpdataCurData@KPlayer@@QAEXXZ 1002ea10 f   KPlayer.obj
 0001:0002e5f0       ?ReCalcEquip@KPlayer@@QAEXXZ 1002f5f0 f   KPlayer.obj
 0001:0002e6c0       ?ReCalcState@KPlayer@@QAEXXZ 1002f6c0 f   KPlayer.obj
 0001:0002e6f0       ?AddLeadExp@KPlayer@@QAEXH@Z 1002f6f0 f   KPlayer.obj
 0001:0002e780       ?LevelAttriBaseLifeMax@KPlayer@@AAEXXZ 1002f780 f   KPlayer.obj
 0001:0002e850       ?LevelAttriBaseStaminaMax@KPlayer@@AAEXXZ 1002f850 f   KPlayer.obj
 0001:0002e920       ?LevelAttriBaseManaMax@KPlayer@@AAEXXZ 1002f920 f   KPlayer.obj
 0001:0002e9e0       ?ChangePlayerCamp@KPlayer@@QAEXH@Z 1002f9e0 f   KPlayer.obj
 0001:0002ea10       ?ApplyTeamInfo@KPlayer@@QAEXK@Z 1002fa10 f   KPlayer.obj
 0001:0002ea50       ?ApplySelfTeamInfo@KPlayer@@QAEXXZ 1002fa50 f   KPlayer.obj
 0001:0002ea80       ?ApplyCreateTeam@KPlayer@@QAEHXZ 1002fa80 f   KPlayer.obj
 0001:0002ea90       ?ApplyTeamOpenClose@KPlayer@@QAEHH@Z 1002fa90 f   KPlayer.obj
 0001:0002eb30       ?ApplyAddTeam@KPlayer@@QAEXH@Z 1002fb30 f   KPlayer.obj
 0001:0002ec50       ?AcceptTeamMember@KPlayer@@QAEXK@Z 1002fc50 f   KPlayer.obj
 0001:0002ecf0       ?TeamDropApplyOne@KPlayer@@QAEXK@Z 1002fcf0 f   KPlayer.obj
 0001:0002ed40       ?LeaveTeam@KPlayer@@QAEXXZ 1002fd40 f   KPlayer.obj
 0001:0002ed70       ?TeamKickMember@KPlayer@@QAEXK@Z 1002fd70 f   KPlayer.obj
 0001:0002edc0       ?ApplyTeamChangeCaptain@KPlayer@@QAEXK@Z 1002fdc0 f   KPlayer.obj
 0001:0002ee10       ?ApplyTeamDismiss@KPlayer@@QAEXXZ 1002fe10 f   KPlayer.obj
 0001:0002ee60       ?ApplySetPK@KPlayer@@QAEXH@Z 1002fe60 f   KPlayer.obj
 0001:0002eea0       ?ApplyFactionData@KPlayer@@QAEXXZ 1002fea0 f   KPlayer.obj
 0001:0002eed0       ?SendChat@KPlayer@@QAEXPAUKUiMsgParam@@PAD@Z 1002fed0 f   KPlayer.obj
 0001:0002ef60       ?ApplyAddBaseAttribute@KPlayer@@QAEXHH@Z 1002ff60 f   KPlayer.obj
 0001:0002efc0       ?ApplyAddSkillLevel@KPlayer@@QAEHHH@Z 1002ffc0 f   KPlayer.obj
 0001:0002f170       ?ApplyUseItem@KPlayer@@QAEHHUItemPos@@@Z 10030170 f   KPlayer.obj
 0001:0002f490       ?PickUpObj@KPlayer@@QAEXH@Z 10030490 f   KPlayer.obj
 0001:0002f5f0       ?ObjMouseClick@KPlayer@@QAEXH@Z 100305f0 f   KPlayer.obj
 0001:0002f650       ?MoveItem@KPlayer@@QAEXUItemPos@@0@Z 10030650 f   KPlayer.obj
 0001:0002f830       ?ThrowAwayItem@KPlayer@@QAEHXZ 10030830 f   KPlayer.obj
 0001:0002f910       ?ChatAddFriend@KPlayer@@QAEXH@Z 10030910 f   KPlayer.obj
 0001:0002f950       ?ChatRefuseFriend@KPlayer@@QAEXH@Z 10030950 f   KPlayer.obj
 0001:0002f990       ?TradeApplyOpen@KPlayer@@QAEXPADH@Z 10030990 f   KPlayer.obj
 0001:0002fa60       ?TradeApplyClose@KPlayer@@QAEXXZ 10030a60 f   KPlayer.obj
 0001:0002fa90       ?TradeApplyStart@KPlayer@@QAEXH@Z 10030a90 f   KPlayer.obj
 0001:0002fb50       ?TradeMoveMoney@KPlayer@@QAEHH@Z 10030b50 f   KPlayer.obj
 0001:0002fbf0       ?TradeDecision@KPlayer@@QAEXH@Z 10030bf0 f   KPlayer.obj
 0001:0002fc50       ?TradeApplyLock@KPlayer@@QAEXH@Z 10030c50 f   KPlayer.obj
 0001:0002fca0       ?s2cApplyAddTeam@KPlayer@@QAEXPAE@Z 10030ca0 f   KPlayer.obj
 0001:0002feb0       ?SetDefaultImmedSkill@KPlayer@@QAEXXZ 10030eb0 f   KPlayer.obj
 0001:0002ff50       ?SetLeftSkill@KPlayer@@QAEXH@Z 10030f50 f   KPlayer.obj
 0001:0002ffb0       ?SetRightSkill@KPlayer@@QAEXH@Z 10030fb0 f   KPlayer.obj
 0001:00030080       ?UpdateWeaponSkill@KPlayer@@QAEXXZ 10031080 f   KPlayer.obj
 0001:00030170       ?SetChatCurChannel@KPlayer@@QAEXH@Z 10031170 f   KPlayer.obj
 0001:00030190       ?TeamInviteAdd@KPlayer@@QAEXK@Z 10031190 f   KPlayer.obj
 0001:000301b0       ?ExecuteScript@KPlayer@@QAEHPAD0H@Z 100311b0 f   KPlayer.obj
 0001:00030220       ?ExecuteScript@KPlayer@@QAEHKPADH@Z 10031220 f   KPlayer.obj
 0001:00030450       ?ExecuteScript@KPlayer@@QAEHKPAD0@Z 10031450 f   KPlayer.obj
 0001:000306b0       ?ExecuteScript@KPlayer@@QAEHPAD00@Z 100316b0 f   KPlayer.obj
 0001:00030720       ?ExecuteScriptNew@KPlayer@@QAEHKPAD00@Z 10031720 f   KPlayer.obj
 0001:00030950       ?ExecuteScriptNew@KPlayer@@QAEHPAD000@Z 10031950 f   KPlayer.obj
 0001:000309a0       ?DoScript@KPlayer@@QAEHPAD@Z 100319a0 f   KPlayer.obj
 0001:00030b20       ??_GKLuaScript@@UAEPAXI@Z  10031b20 f i KPlayer.obj
 0001:00030b20       ??_EKLuaScript@@UAEPAXI@Z  10031b20 f i KPlayer.obj
 0001:00030b40       ?DoScriptAction@KPlayer@@QAEXPAUPLAYER_SCRIPTACTION_SYNC@@@Z 10031b40 f   KPlayer.obj
 0001:00030b60       ?ProcessPlayerSelectFromUI@KPlayer@@QAEXPAE@Z 10031b60 f   KPlayer.obj
 0001:00030be0       ?OnSelectFromUI@KPlayer@@QAEXPAUPLAYER_SELECTUI_COMMAND@@W4UIInfo@@@Z 10031be0 f   KPlayer.obj
 0001:00030c80       ?ChatFriendOnLine@KPlayer@@QAEXKH@Z 10031c80 f   KPlayer.obj
 0001:00030d90       ?GetFactionName@KPlayer@@QAEXPADH@Z 10031d90 f   KPlayer.obj
 0001:00030db0       ?OnScriptAction@KPlayer@@QAEXPAUPLAYER_SCRIPTACTION_SYNC@@@Z 10031db0 f   KPlayer.obj
 0001:00031a80       ?s2cTradeChangeState@KPlayer@@QAEXPAE@Z 10032a80 f   KPlayer.obj
 0001:00031d70       ?s2cLevelUp@KPlayer@@QAEXPAE@Z 10032d70 f   KPlayer.obj
 0001:00032660       ?s2cGetCurAttribute@KPlayer@@QAEXPAE@Z 10033660 f   KPlayer.obj
 0001:00032830       ?s2cSetExp@KPlayer@@QAEXH@Z 10033830 f   KPlayer.obj
 0001:000328e0       ?s2cSyncMoney@KPlayer@@QAEXPAE@Z 100338e0 f   KPlayer.obj
 0001:000329d0       ?s2cTradeApplyStart@KPlayer@@QAEXPAE@Z 100339d0 f   KPlayer.obj
 0001:00032ab0       ?s2cTradeMoneySync@KPlayer@@QAEXPAE@Z 10033ab0 f   KPlayer.obj
 0001:00032af0       ?s2cTradeDecision@KPlayer@@QAEXPAE@Z 10033af0 f   KPlayer.obj
 0001:00032c80       ?SyncCurPlayer@KPlayer@@QAEXPAE@Z 10033c80 f   KPlayer.obj
 0001:00033250       ?CheckTrading@KPlayer@@QAEHXZ 10034250 f   KPlayer.obj
 0001:00033260       ?CheckShopOpen@KPlayer@@QAEHXZ 10034260 f   KPlayer.obj
 0001:00033270       ?CheckShopBuyOpen@KPlayer@@QAEHXZ 10034270 f   KPlayer.obj
 0001:00033280       ?SetFirstDamage@KPlayer@@QAEXXZ 10034280 f   KPlayer.obj
 0001:00033610       ?SetBaseAttackRating@KPlayer@@QAEXXZ 10034610 f   KPlayer.obj
 0001:00033640       ?SetBaseDefence@KPlayer@@QAEXXZ 10034640 f   KPlayer.obj
 0001:00033670       ?SetBaseResistData@KPlayer@@QAEXXZ 10034670 f   KPlayer.obj
 0001:00033890       ?SetBaseSpeedAndRadius@KPlayer@@QAEXXZ 10034890 f   KPlayer.obj
 0001:00033960       ?DialogNpc@KPlayer@@QAEXH@Z 10034960 f   KPlayer.obj
 0001:000339f0       ?CheckObject@KPlayer@@QAEXH@Z 100349f0 f   KPlayer.obj
 0001:00033ab0       ?DrawSelectInfo@KPlayer@@QAEXXZ 10034ab0 f   KPlayer.obj
 0001:00033c00       ?GetEchoAttack@KPlayer@@QAEXPAHH@Z 10034c00 f   KPlayer.obj
 0001:00033d40       ?GetEchoDamage@KPlayer@@QAEXPAH0H@Z 10034d40 f   KPlayer.obj
 0001:000346d0       ?SetNpcDamageAttrib@KPlayer@@QAEXXZ 100356d0 f   KPlayer.obj
 0001:000346e0       ?SetAutoFlag@KPlayer@@QAEXH@Z 100356e0 f   KPlayer.obj
 0001:000346f0       ?SendInfoAuto@KPlayer@@QAEXXZ 100356f0 f   KPlayer.obj
 0001:00034820       ?PlayerStarBuyItemNumber@KPlayer@@QAEXHHHHHH@Z 10035820 f   KPlayer.obj
 0001:00034860       ?PlayerSetAuto@KPlayer@@QAEXHHHHHHHHHHHHHH@Z 10035860 f   KPlayer.obj
 0001:00034ac0       ?CheckRideHouse@KPlayer@@QAEXH@Z 10035ac0 f   KPlayer.obj
 0001:00034b00       ?SendShopCost@KPlayer@@QAEXXZ 10035b00 f   KPlayer.obj
 0001:00034b80       ?PlayerAutoOn@KPlayer@@QAEXXZ 10035b80 f   KPlayer.obj
 0001:00034c90       ?PlayerAutoPK@KPlayer@@QAEHXZ 10035c90 f   KPlayer.obj
 0001:00035260       ?PlayerAutoLocDo@KPlayer@@QAEHXZ 10036260 f   KPlayer.obj
 0001:00035380       ?checkmap@@YAHH@Z          10036380 f   KPlayer.obj
 0001:000353a0       ?QuayLaiDiaDiemCu2@KPlayer@@QAEHXZ 100363a0 f   KPlayer.obj
 0001:000353b0       ?AutoMove@@YAHHHH@Z        100363b0 f   KPlayer.obj
 0001:00035450       ?QuayLaiDiaDiemCu@KPlayer@@QAEHXZ 10036450 f   KPlayer.obj
 0001:00035530       ?PlayerAutoOnBuffH@KPlayer@@QAEHXZ 10036530 f   KPlayer.obj
 0001:00035700       ?AutoTheoSau@KPlayer@@QAEHXZ 10036700 f   KPlayer.obj
 0001:00035950       ?PlayerAutoOnBuffL@KPlayer@@QAEHXZ 10036950 f   KPlayer.obj
 0001:00035e90       ?PlayerAutoOnBuffE@KPlayer@@QAEHXZ 10036e90 f   KPlayer.obj
 0001:000360f0       ?PlayerAutoOnStolen@KPlayer@@QAEHXZ 100370f0 f   KPlayer.obj
 0001:00036940       ?PlayerAutoOnSkill@KPlayer@@QAEHXZ 10037940 f   KPlayer.obj
 0001:000374f0       ?PlayerAutoOnSkillTheoSau@KPlayer@@QAEHXZ 100384f0 f   KPlayer.obj
 0001:00037950       ?PlayerAutoOnObj@KPlayer@@QAEHXZ 10038950 f   KPlayer.obj
 0001:00037be0       ?Release@KPlayerChat@@QAEXXZ 10038be0 f   KPlayerChat.obj
 0001:00037cb0       ?CheckExist@KPlayerChat@@QAEHK@Z 10038cb0 f   KPlayerChat.obj
 0001:00037d10       ?CheckExist@KPlayerChat@@QAEHPAD@Z 10038d10 f   KPlayerChat.obj
 0001:00037db0       ?GetFriendNode@KPlayerChat@@QAEPAVCChatFriend@@K@Z 10038db0 f   KPlayerChat.obj
 0001:00037e00       ?GetTeamNo@KPlayerChat@@QAEHK@Z 10038e00 f   KPlayerChat.obj
 0001:00037e60       ?GetName@KPlayerChat@@QAEHKPAD@Z 10038e60 f   KPlayerChat.obj
 0001:00037ed0       ?SetCurChannel@KPlayerChat@@QAEXHKH@Z 10038ed0 f   KPlayerChat.obj
 0001:00037f50       ?AddChannel@KPlayerChat@@QAEXH@Z 10038f50 f   KPlayerChat.obj
 0001:00037fc0       ?SubChannel@KPlayerChat@@QAEXH@Z 10038fc0 f   KPlayerChat.obj
 0001:00038030       ?SendTakeChannel@KPlayerChat@@QAEXXZ 10039030 f   KPlayerChat.obj
 0001:00038070       ?SendSentence@KPlayerChat@@QAEXPAUKUiMsgParam@@PAD@Z 10039070 f   KPlayerChat.obj
 0001:00038210       ?QQSendSentence@KPlayerChat@@QAEXKHPAUKUiMsgParam@@PAD@Z 10039210 f   KPlayerChat.obj
 0001:00038370       ?SetTakeChannel@KPlayerChat@@QAEXK@Z 10039370 f   KPlayerChat.obj
 0001:000383a0       ?GetChat@KPlayerChat@@QAEXPAUPLAYER_SEND_CHAT_DATA_SYNC@@@Z 100393a0 f   KPlayerChat.obj
 0001:000388c0       ?ApplyAddFriend@KPlayerChat@@QAEXKPAD@Z 100398c0 f   KPlayerChat.obj
 0001:00038a10       ?GetApplyOneInfo@KPlayerChat@@QAEHPAHPAD1@Z 10039a10 f   KPlayerChat.obj
 0001:00038ac0       ?SaveTeamInfo@KPlayerChat@@QAEXPAD@Z 10039ac0 f   KPlayerChat.obj
 0001:00038c90       ?SaveTakeChannelInfo@KPlayerChat@@QAEXPAD@Z 10039c90 f   KPlayerChat.obj
 0001:00038d90       ?LoadTakeChannelInfo@KPlayerChat@@QAEXPAD@Z 10039d90 f   KPlayerChat.obj
 0001:00038ef0       ?CheckTeamNo@KPlayerChat@@QAEHPAD0@Z 10039ef0 f   KPlayerChat.obj
 0001:000391e0       ?LoadTeamName@KPlayerChat@@QAEXPAD@Z 1003a1e0 f   KPlayerChat.obj
 0001:000393b0       ?AddOne@KPlayerChat@@QAEXKHPADH@Z 1003a3b0 f   KPlayerChat.obj
 0001:00039490       ??_ECChatFriend@@UAEPAXI@Z 1003a490 f i KPlayerChat.obj
 0001:00039490       ??_GCChatFriend@@UAEPAXI@Z 1003a490 f i KPlayerChat.obj
 0001:000394b0       ??1CChatFriend@@UAE@XZ     1003a4b0 f i KPlayerChat.obj
 0001:000394c0       ?CheckIsFriend@KPlayerChat@@QAEHH@Z 1003a4c0 f   KPlayerChat.obj
 0001:00039520       ?AddTeam@KPlayerChat@@QAEHPAD0@Z 1003a520 f   KPlayerChat.obj
 0001:000396d0       ?RenameTeam@KPlayerChat@@QAEHHPAD0@Z 1003a6d0 f   KPlayerChat.obj
 0001:00039850       ?DeleteTeam@KPlayerChat@@QAEHHPAD@Z 1003a850 f   KPlayerChat.obj
 0001:000399b0       ?OneFriendChangeTeam@KPlayerChat@@QAEHKHH@Z 1003a9b0 f   KPlayerChat.obj
 0001:00039ab0       ?GetMsgOffLine@KPlayerChat@@QAEXK@Z 1003aab0 f   KPlayerChat.obj
 0001:00039ba0       ?CheckTakeChannel@KPlayerChat@@QAEHH@Z 1003aba0 f   KPlayerChat.obj
 0001:00039bd0       ?ApplyDeleteFriend@KPlayerChat@@QAEXKHPAD@Z 1003abd0 f   KPlayerChat.obj
 0001:00039cd0       ?CheckTalkChannel@KPlayerChat@@QAEHH@Z 1003acd0 f   KPlayerChat.obj
 0001:00039d00       ?SendSelectChannelList@KPlayerChat@@QAEHPAUKUiChatChannel@@H@Z 1003ad00 f   KPlayerChat.obj
 0001:00039ed0       ?SendTakeChannelList@KPlayerChat@@QAEHPAUKUiChatChannel@@H@Z 1003aed0 f   KPlayerChat.obj
 0001:0003a050       ?GetCurChannel@KPlayerChat@@QAEHPAUKUiChatChannel@@@Z 1003b050 f   KPlayerChat.obj
 0001:0003a160       ?IGetTeamInfo@KPlayerChat@@QAEHHPAUKUiChatGroupInfo@@@Z 1003b160 f   KPlayerChat.obj
 0001:0003a1e0       ?IGetTeamFriendInfo@KPlayerChat@@QAEHHPAUKUiPlayerItem@@@Z 1003b1e0 f   KPlayerChat.obj
 0001:0003a2b0       ??0CChatFriendTeam@@QAE@XZ 1003b2b0 f   KPlayerChat.obj
 0001:0003a300       ?Release@CChatFriendTeam@@QAEXXZ 1003b300 f   KPlayerChat.obj
 0001:0003a370       ?SetTime@KCHAT_RECORDER@@AAEXXZ 1003b370 f   KPlayerChat.obj
 0001:0003a3f0       ?SaveSentenceSingle@KCHAT_RECORDER@@QAEXPAD000@Z 1003b3f0 f   KPlayerChat.obj
 0001:0003a400       ?SaveSentenceChannel@KCHAT_RECORDER@@QAEXPAD00@Z 1003b400 f   KPlayerChat.obj
 0001:0003a410       ??0KPlayerFaction@@QAE@XZ  1003b410 f   KPlayerFaction.obj
 0001:0003a420       ?Release@KPlayerFaction@@QAEXXZ 1003b420 f   KPlayerFaction.obj
 0001:0003a440       ?SetSeries@KPlayerFaction@@QAEXH@Z 1003b440 f   KPlayerFaction.obj
 0001:0003a450       ?AddFaction@KPlayerFaction@@QAEHHPAD@Z 1003b450 f   KPlayerFaction.obj
 0001:0003a490       ?AddFaction@KPlayerFaction@@QAEHHH@Z 1003b490 f   KPlayerFaction.obj
 0001:0003a4e0       ?LeaveFaction@KPlayerFaction@@QAEXXZ 1003b4e0 f   KPlayerFaction.obj
 0001:0003a4f0       ?OpenCurSkillLevel@KPlayerFaction@@QAEHHPAVKSkillList@@@Z 1003b4f0 f   KPlayerFaction.obj
 0001:0003a500       ?GetGurFactionCamp@KPlayerFaction@@QAEHXZ 1003b500 f   KPlayerFaction.obj
 0001:0003a540       ?GetCurFactionNo@KPlayerFaction@@QAEHXZ 1003b540 f   KPlayerFaction.obj
 0001:0003a550       ?GetCurFactionName@KPlayerFaction@@QAEXPAD@Z 1003b550 f   KPlayerFaction.obj
 0001:0003a5b0       ??0KPlayerMenuState@@QAE@XZ 1003b5b0 f   KPlayerMenuState.obj
 0001:0003a5c0       ?Release@KPlayerMenuState@@QAEXXZ 1003b5c0 f   KPlayerMenuState.obj
 0001:0003a5f0       ?SetState@KPlayerMenuState@@QAEXH@Z 1003b5f0 f   KPlayerMenuState.obj
 0001:0003a610       ?Init@KPlayerMenuStateGraph@@QAEHXZ 1003b610 f   KPlayerMenuState.obj
 0001:0003a6d0       ?GetStateSpr@KPlayerMenuStateGraph@@QAEXHPAD@Z 1003b6d0 f   KPlayerMenuState.obj
 0001:0003a710       ?Init@KPlayerPK@@QAEXXZ    1003b710 f   KPlayerPK.obj
 0001:0003a730       ?Active@KPlayerPK@@QAEXXZ  1003b730 f   KPlayerPK.obj
 0001:0003a740       ?SetNormalPKState@KPlayerPK@@QAEXHH@Z 1003b740 f   KPlayerPK.obj
 0001:0003a7e0       ?ApplySetNormalPKState@KPlayerPK@@QAEXH@Z 1003b7e0 f   KPlayerPK.obj
 0001:0003a820       ?GetNormalPKState@KPlayerPK@@QAEHXZ 1003b820 f   KPlayerPK.obj
 0001:0003a830       ?ApplyEnmityPK@KPlayerPK@@QAEXPAD@Z 1003b830 f   KPlayerPK.obj
 0001:0003a880       ?ApplyEnmityPK@KPlayerPK@@QAEXH@Z 1003b880 f   KPlayerPK.obj
 0001:0003a9b0       ?SetEnmityPKState@KPlayerPK@@QAEXHHPAD@Z 1003b9b0 f   KPlayerPK.obj
 0001:0003ab60       ?EnmityPKCountDown@KPlayerPK@@QAEXXZ 1003bb60 f   KPlayerPK.obj
 0001:0003ab80       ?SetExercisePKState@KPlayerPK@@QAEXHHPAD@Z 1003bb80 f   KPlayerPK.obj
 0001:0003abf0       ?SetPKValue@KPlayerPK@@QAEXH@Z 1003bbf0 f   KPlayerPK.obj
 0001:0003acb0       ??1KPlayerSet@@QAE@XZ      1003bcb0 f i KPlayerSet.obj
 0001:0003ad00       ??0KPlayerSet@@QAE@XZ      1003bd00 f   KPlayerSet.obj
 0001:0003ad70       ?Init@KPlayerSet@@QAEHXZ   1003bd70 f   KPlayerSet.obj
 0001:0003af10       ?FindFree@KPlayerSet@@AAEHXZ 1003bf10 f   KPlayerSet.obj
 0001:0003af20       ?FindSame@KPlayerSet@@QAEHK@Z 1003bf20 f   KPlayerSet.obj
 0001:0003af60       ?GetFirstPlayer@KPlayerSet@@QAEHXZ 1003bf60 f   KPlayerSet.obj
 0001:0003af80       ?GetNextPlayer@KPlayerSet@@QAEHXZ 1003bf80 f   KPlayerSet.obj
 0001:0003afa0       ??0KLevelAdd@@QAE@XZ       1003bfa0 f   KPlayerSet.obj
 0001:0003b040       ?Init@KLevelAdd@@QAEHXZ    1003c040 f   KPlayerSet.obj
 0001:0003b2a0       ?GetLevelExp@KLevelAdd@@QAEHH@Z 1003c2a0 f   KPlayerSet.obj
 0001:0003b2c0       ?GetLevelExp1@KLevelAdd@@QAEHH@Z 1003c2c0 f   KPlayerSet.obj
 0001:0003b2e0       ?GetLevelExp2@KLevelAdd@@QAEHH@Z 1003c2e0 f   KPlayerSet.obj
 0001:0003b300       ?GetLevelExp3@KLevelAdd@@QAEHH@Z 1003c300 f   KPlayerSet.obj
 0001:0003b320       ?GetLevelExp4@KLevelAdd@@QAEHH@Z 1003c320 f   KPlayerSet.obj
 0001:0003b340       ?GetLevelExp5@KLevelAdd@@QAEHH@Z 1003c340 f   KPlayerSet.obj
 0001:0003b360       ?GetLifePerLevel@KLevelAdd@@QAEHH@Z 1003c360 f   KPlayerSet.obj
 0001:0003b380       ?GetStaminaPerLevel@KLevelAdd@@QAEHH@Z 1003c380 f   KPlayerSet.obj
 0001:0003b3a0       ?GetManaPerLevel@KLevelAdd@@QAEHH@Z 1003c3a0 f   KPlayerSet.obj
 0001:0003b3c0       ?GetLifePerVitality@KLevelAdd@@QAEHH@Z 1003c3c0 f   KPlayerSet.obj
 0001:0003b3e0       ?GetStaminaPerVitality@KLevelAdd@@QAEHH@Z 1003c3e0 f   KPlayerSet.obj
 0001:0003b400       ?GetManaPerEnergy@KLevelAdd@@QAEHH@Z 1003c400 f   KPlayerSet.obj
 0001:0003b420       ?GetLeadExpShare@KLevelAdd@@QAEHH@Z 1003c420 f   KPlayerSet.obj
 0001:0003b440       ?GetFireResist@KLevelAdd@@QAEHHH@Z 1003c440 f   KPlayerSet.obj
 0001:0003b490       ?GetColdResist@KLevelAdd@@QAEHHH@Z 1003c490 f   KPlayerSet.obj
 0001:0003b4e0       ?GetPoisonResist@KLevelAdd@@QAEHHH@Z 1003c4e0 f   KPlayerSet.obj
 0001:0003b530       ?GetLightResist@KLevelAdd@@QAEHHH@Z 1003c530 f   KPlayerSet.obj
 0001:0003b580       ?GetPhysicsResist@KLevelAdd@@QAEHHH@Z 1003c580 f   KPlayerSet.obj
 0001:0003b5d0       ??0KTeamLeadExp@@QAE@XZ    1003c5d0 f   KPlayerSet.obj
 0001:0003b5f0       ?Init@KTeamLeadExp@@QAEHXZ 1003c5f0 f   KPlayerSet.obj
 0001:0003b6c0       ?GetLevel@KTeamLeadExp@@QAEHKH@Z 1003c6c0 f   KPlayerSet.obj
 0001:0003b710       ?GetMemNumFromExp@KTeamLeadExp@@QAEHK@Z 1003c710 f   KPlayerSet.obj
 0001:0003b730       ?GetMemNumFromLevel@KTeamLeadExp@@QAEHH@Z 1003c730 f   KPlayerSet.obj
 0001:0003b750       ?GetLevelExp@KTeamLeadExp@@QAEHH@Z 1003c750 f   KPlayerSet.obj
 0001:0003b770       ??0KNewPlayerAttribute@@QAE@XZ 1003c770 f   KPlayerSet.obj
[...]
 0003:00008370       ??_C@_09OLLC@Music?$CF03d?$AA@ 10089370     KMapMusic.obj
 0003:0000837c       ??_C@_08COEK@MusicNum?$AA@ 1008937c     KMapMusic.obj
 0003:00008388       ??_C@_07KDJP@Map?$CF03d?$AA@ 10089388     KMapMusic.obj
 0003:00008390       ??_C@_06DHA@MapNum?$AA@    10089390     KMapMusic.obj
 0003:00008398       ??_C@_07FPLM@Stage?$CFd?$AA@ 10089398     KMapMusic.obj
 0003:000083a0       ??_C@_05KJOA@Stage?$AA@    100893a0     KMapMusic.obj
 0003:000083a8       ??_C@_08BMPO@StageNum?$AA@ 100893a8     KMapMusic.obj
 0003:000083b4       ??_C@_0CC@MLHK@?2settings?2music?2MusicFightSet?4in@ 100893b4     KMapMusic.obj
 0003:000083d8       ??_C@_0BN@IFCB@?2settings?2music?2MusicSet?4txt?$AA@ 100893d8     KMapMusic.obj
 0003:00008400       ??_R0?AVtype_info@@@8      10089400     MSVCRT:ti_inst.obj
 0003:00008420       ??_C@_00A@?$AA@            10089420     KThiefSkill.obj
 0003:00008428       ?Missle@@3PAVKMissle@@A    10089428     KMissle.obj
 0003:001859b8       ?g_MisslesLib@@3PAVKMissle@@A 102069b8     KMissle.obj
 0003:00244480       ?g_nRandMissleTab@@3PAHA   102c5480     KMissle.obj
 0003:00244610       ?MissleSet@@3VKMissleSet@@A 102c5610     KMissleSet.obj
 0003:00244628       ?g_SkillManager@@3VKSkillManager@@A 102c5628     KSkillManager.obj
 0003:00268e88       ?g_ulSkillCount@@3KA       102e9e88     KSkillManager.obj
 0003:00268e90       ?SpecialMovieList@@3VKList@@A 102e9e90     KSkillSpecial.obj
 0003:00268ea8       ?g_pNpcTemplate@@3PAY0GE@PAVKNpcTemplate@@A 102e9ea8     KNpc.obj
 0003:0032c3a8       ?Npc@@3PAVKNpc@@A          103ad3a8     KNpc.obj
 0003:00cf23a8       ?NpcAI@@3VKNpcAI@@A        10d733a8     KNpcAI.obj
 0003:00cf23b0       ?g_NpcAttribModify@@3VKNpcAttribModify@@A 10d733b0     KNpcAttribModify.obj
 0003:00cf26f0       ?g_NpcResList@@3VKNpcResList@@A 10d736f0     KNpcResList.obj
 0003:00cfaea8       ?NpcSet@@3VKNpcSet@@A      10d7bea8     KNpcSet.obj
 0003:00cfca10       ?g_Faction@@3VKFaction@@A  10d7da10     KFaction.obj
 0003:00cfcd08       ?g_nLastNetMsgLoop@@3HA    10d7dd08     KPlayer.obj
 0003:00cfcd10       ?Player@@3PAVKPlayer@@A    10d7dd10     KPlayer.obj
 0003:00d10c38       ?PlayerSet@@3VKPlayerSet@@A 10d91c38     KPlayerSet.obj
 0003:00d12840       ?g_Team@@3PAVKTeam@@A      10d93840     KPlayerTeam.obj
 0003:00d12ae8       ?BuySell@@3VKBuySell@@A    10d93ae8     KBuySell.obj
 0003:00d12b00       ?Item@@3PAVKItem@@A        10d93b00     KItem.obj
 0003:00dfe300       ?g_ItemChangeRes@@3VKItemChangeRes@@A 10e7f300     KItemChangeRes.obj
 0003:00dfe3a8       ?ItemGen@@3VKItemGenerator@@A 10e7f3a8     KItemGenerator.obj
 0003:00e03ca8       ?ItemSet@@3VKItemSet@@A    10e84ca8     KItemSet.obj
 0003:00e04558       ?Object@@3PAVKObj@@A       10e85558     KObj.obj
 0003:00e41958       ?ObjSet@@3VKObjSet@@A      10ec2958     KObjSet.obj
 0003:00e419e8       ?g_cViewItem@@3VKViewItem@@A 10ec29e8     KViewItem.obj
 0003:00e41ae0       ?g_WorldScript@@3VKLuaScript@@A 10ec2ae0     KCore.obj
 0003:00e41b54       ?g_bDebugScript@@3HA       10ec2b54     KCore.obj
 0003:00e41b58       ?g_SoundCache@@3VKSoundCache@@A 10ec2b58     KCore.obj
 0003:00e41b7c       ?g_nHandSkill@@3HA         10ec2b7c     KCore.obj
 0003:00e41b80       ?g_nRangeWeaponSkill@@3PAHA 10ec2b80     KCore.obj
 0003:00e41d10       ?g_nMeleeWeaponSkill@@3PAHA 10ec2d10     KCore.obj
 0003:00e41ea0       ?g_NpcKindFile@@3VKTabFile@@A 10ec2ea0     KCore.obj
 0003:00e41ec0       ?g_NpcSetting@@3VKTabFile@@A 10ec2ec0     KCore.obj
 0003:00e41ee0       ?g_SkillLevelSetting@@3VKTabFile@@A 10ec2ee0     KCore.obj
 0003:00e41f00       ?g_MisslesSetting@@3VKTabFile@@A 10ec2f00     KCore.obj
 0003:00e41f20       ?g_OrdinSkillsSetting@@3VKTabFile@@A 10ec2f20     KCore.obj
 0003:00e41f3c       ?g_bPingReply@@3HA         10ec2f3c     KCore.obj
 0003:00e41f40       ?g_pClient@@3PAUIClient@@A 10ec2f40     KCore.obj
 0003:00e41f48       ?g_RankTabSetting@@3VKTabFile@@A 10ec2f48     KCore.obj
 0003:00e41f68       ?g_ClientWeaponSkillTabFile@@3VKTabFile@@A 10ec2f68     KCore.obj
 0003:00e41f84       ?g_pAdjustColorTab@@3PAIA  10ec2f84     KCore.obj
 0003:00e41f88       ?g_ulAdjustColorCount@@3IA 10ec2f88     KCore.obj
 0003:00e41f8c       ?g_bUISelIntelActiveWithServer@@3HA 10ec2f8c     KCore.obj
 0003:00e41f90       ?g_bUISpeakActiveWithServer@@3HA 10ec2f90     KCore.obj
 0003:00e41f94       ?g_bUISelLastSelCount@@3HA 10ec2f94     KCore.obj
 0003:00e41f98       ?g_pMusic@@3PAVKMusic@@A   10ec2f98     KCore.obj
 0003:00e41f9c       ?g_pNpcLevelScript@@3PAVKLuaScript@@A 10ec2f9c     KCore.obj
 0003:00e41fa0       ?SubWorld@@3PAVKSubWorld@@A 10ec2fa0     KSubWorld.obj
 0003:00e420c0       ?PathIts@@3V?$vector@UFindPathNode@@V?$allocator@UFindPathNode@@@std@@@std@@A 10ec30c0     KSubWorldSet.obj
 0003:00e420d0       ?OldY@@3HA                 10ec30d0     KSubWorldSet.obj
 0003:00e420d4       ?OldX@@3HA                 10ec30d4     KSubWorldSet.obj
 0003:00e420d8       ?nActiveRegionCount@@3HA   10ec30d8     KSubWorldSet.obj
 0003:00e420dc       ?pPlayScript@@3PAVKLuaScript@@A 10ec30dc     KSubWorldSet.obj
 0003:00e420e0       ?g_SubWorldSet@@3VKSubWorldSet@@A 10ec30e0     KSubWorldSet.obj
 0003:00e4e218       ?TickMove@@3KA             10ecf218     KSubWorldSet.obj
 0003:00e4e21c       ?g_nConquerSeries@@3PAHA   10ecf21c     KMath.obj
 0003:00e4e230       ?g_nAccrueSeries@@3PAHA    10ecf230     KMath.obj
 0003:00e4e248       ?g_ProtocolProcess@@3VKProtocolProcess@@A 10ecf248     KProtocolProcess.obj
 0003:00e4e640       ?g_TempValue@@3PAHA        10ecf640     ScriptFuns.obj
 0003:00e4ee10       ?g_StoryScriptList@@3VKScriptList@@A 10ecfe10     ScriptFuns.obj
 0003:00e4ee28       ?g_ScriptValueSet@@3VKScriptValueSet@@A 10ecfe28     KScriptValueSet.obj
 0003:00e4ee60       ?g_szCurScriptDir@@3PADA   10ecfe60     KSortScript.obj
 0003:00e4ef64       ?nCurrentScriptNum@@3IA    10ecff64     KSortScript.obj
 0003:00e4ef68       ?g_ScriptBinTree@@3V?$BinSTree@VKSortScriptNode@@@@A 10ecff68     KSortScript.obj
 0003:00e4ef78       ?g_ScriptSet@@3PAVKLuaScript@@A 10ecff78     KSortScript.obj
 0003:00e4f1c0       ?l_pDataChangedNotifyFunc@@3PAUIClientCallback@@A 10ed01c0     CoreShell.obj
 0003:00e4f1c8       ?g_JXPathFinder@@3VKJXPathFinder@@A 10ed01c8     Kjxpathfinder.obj
 0003:00e4f200       ?g_ScenePlace@@3VKScenePlaceC@@A 10ed0200     KScenePlaceC.obj
 0003:00eb984c       ?g_pRepresent@@3PAUiRepresentShell@@A 10f3a84c     ImgRef.obj
 0003:00eb9850       ?l_Time@@3IA               10f3a850     ImgRef.obj
 0003:00eb9858       ?g_MagicDesc@@3VKMagicDesc@@A 10f3a858     KMagicDesc.obj
 0003:00eb9930       ?g_StringResourseTabFile@@3VKTabFile@@A 10f3a930     KTaskFuns.obj
 0003:00eb9950       ?Option@@3VKOption@@A      10f3a950     KOption.obj
 0003:00eb9960       ?Ladder@@3VKLadder@@A      10f3a960     KLadder.obj
 0003:00ebb63c       __adjust_fdiv              10f3c63c     <common>
 0003:00ebb640       __pRawDllMain              10f3c640     <common>
 0003:00ebb644       ___onexitend               10f3c644     <common>
 0003:00ebb648       ___onexitbegin             10f3c648     <common>

 entry point at        0001:000749cd

 Static symbols

 0001:00074190       _$E6                       10075190 f   KLadder.obj
 0001:000741a0       _$E3                       100751a0 f   KLadder.obj
 0001:000741b0       _$E5                       100751b0 f   KLadder.obj
 0001:000741c0       _$E4                       100751c0 f   KLadder.obj
 0001:000733c0       _$E9                       100743c0 f   KTaskFuns.obj
 0001:000733d0       _$E6                       100743d0 f   KTaskFuns.obj
 0001:000733e0       _$E8                       100743e0 f   KTaskFuns.obj
 0001:000733f0       _$E7                       100743f0 f   KTaskFuns.obj
 0001:00072c30       _$E6                       10073c30 f   KMagicDesc.obj
 0001:00072c40       _$E3                       10073c40 f   KMagicDesc.obj
 0001:00072c50       _$E5                       10073c50 f   KMagicDesc.obj
 0001:00072c60       _$E4                       10073c60 f   KMagicDesc.obj
 0001:000706d0       _$E4                       100716d0 f   SceneMath.obj
 0001:000706e0       _$E3                       100716e0 f   SceneMath.obj
 0001:0006a880       _$E12                      1006b880 f   KScenePlaceC.obj
 0001:0006a890       _$E9                       1006b890 f   KScenePlaceC.obj
 0001:0006a8a0       _$E11                      1006b8a0 f   KScenePlaceC.obj
 0001:0006a8b0       _$E10                      1006b8b0 f   KScenePlaceC.obj
 0001:000692f0       _$E9                       1006a2f0 f   Kjxpathfinder.obj
 0001:00069300       _$E6                       1006a300 f   Kjxpathfinder.obj
 0001:00069310       _$E8                       1006a310 f   Kjxpathfinder.obj
 0001:00069320       _$E7                       1006a320 f   Kjxpathfinder.obj
 0001:0005fb10       _$E13                      10060b10 f   CoreShell.obj
 0001:0005fb20       _$E12                      10060b20 f   CoreShell.obj
 0001:0005f1b0       _$E6                       100601b0 f   KSortScript.obj
 0001:0005f1c0       _$E3                       100601c0 f   KSortScript.obj
 0001:0005f1e0       _$E5                       100601e0 f   KSortScript.obj
 0001:0005f1f0       _$E4                       100601f0 f   KSortScript.obj
 0001:0005f210       _$E11                      10060210 f   KSortScript.obj
 0001:0005f220       _$E8                       10060220 f   KSortScript.obj
 0001:0005f240       _$E10                      10060240 f   KSortScript.obj
 0001:0005f250       _$E9                       10060250 f   KSortScript.obj
 0001:0005f320       ?LoadAllScript@@YAKPAD@Z   10060320 f   KSortScript.obj
 0001:0005f600       ?LoadScriptToSortList@@YAHPAD@Z 10060600 f   KSortScript.obj
 0001:0005f6f0       ?LoadScriptToSortListA@@YAHPAD@Z 100606f0 f   KSortScript.obj
 0001:0005e970       _$E6                       1005f970 f   KScriptValueSet.obj
 0001:0005e980       _$E3                       1005f980 f   KScriptValueSet.obj
 0001:0005e990       _$E5                       1005f990 f   KScriptValueSet.obj
 0001:0005e9a0       _$E4                       1005f9a0 f   KScriptValueSet.obj
 0001:0005c170       _$E9                       1005d170 f   ScriptFuns.obj
 0001:0005c180       _$E6                       1005d180 f   ScriptFuns.obj
 0001:0005c190       _$E8                       1005d190 f   ScriptFuns.obj
 0001:0005c1a0       _$E7                       1005d1a0 f   ScriptFuns.obj
 0001:00054f10       _$E14                      10055f10 f   KProtocolProcess.obj
 0001:00054f20       _$E11                      10055f20 f   KProtocolProcess.obj
 0001:00054f30       _$E13                      10055f30 f   KProtocolProcess.obj
 0001:00054f40       _$E12                      10055f40 f   KProtocolProcess.obj
 0001:0005ac50       ?sParseUGName@@YAHABV?$basic_string@DU?$char_traits@D@std@@V?$allocator@D@2@@std@@PAV12@1@Z 1005bc50 f   KProtocolProcess.obj
 0001:00052640       _$E8                       10053640 f   KSubWorldSet.obj
 0001:00052650       _$E5                       10053650 f   KSubWorldSet.obj
 0001:00052660       _$E7                       10053660 f   KSubWorldSet.obj
 0001:00052670       _$E6                       10053670 f   KSubWorldSet.obj
 0001:00052820       _$E16                      10053820 f   KSubWorldSet.obj
 0001:00052830       _$E13                      10053830 f   KSubWorldSet.obj
 0001:00052850       _$E15                      10053850 f   KSubWorldSet.obj
 0001:00052860       _$E14                      10053860 f   KSubWorldSet.obj
 0001:000506c0       _$E14                      100516c0 f   KSubWorld.obj
 0001:000506d0       _$E11                      100516d0 f   KSubWorld.obj
 0001:000506f0       _$E13                      100516f0 f   KSubWorld.obj
 0001:00050700       _$E12                      10051700 f   KSubWorld.obj
 0001:0004fca0       _$E7                       10050ca0 f   KCore.obj
 0001:0004fcb0       _$E4                       10050cb0 f   KCore.obj
 0001:0004fcc0       _$E6                       10050cc0 f   KCore.obj
 0001:0004fcd0       _$E5                       10050cd0 f   KCore.obj
 0001:0004fce0       _$E18                      10050ce0 f   KCore.obj
 0001:0004fcf0       _$E15                      10050cf0 f   KCore.obj
 0001:0004fd00       _$E17                      10050d00 f   KCore.obj
 0001:0004fd10       _$E16                      10050d10 f   KCore.obj
 0001:0004fd20       _$E23                      10050d20 f   KCore.obj
 0001:0004fd30       _$E20                      10050d30 f   KCore.obj
 0001:0004fd50       _$E22                      10050d50 f   KCore.obj
 0001:0004fd60       _$E21                      10050d60 f   KCore.obj
 0001:0004fd80       _$E28                      10050d80 f   KCore.obj
 0001:0004fd90       _$E25                      10050d90 f   KCore.obj
 0001:0004fda0       _$E27                      10050da0 f   KCore.obj
 0001:0004fdb0       _$E26                      10050db0 f   KCore.obj
 0001:0004fdc0       _$E33                      10050dc0 f   KCore.obj
 0001:0004fdd0       _$E30                      10050dd0 f   KCore.obj
 0001:0004fde0       _$E32                      10050de0 f   KCore.obj
 0001:0004fdf0       _$E31                      10050df0 f   KCore.obj
 0001:0004fe00       _$E38                      10050e00 f   KCore.obj
 0001:0004fe10       _$E35                      10050e10 f   KCore.obj
 0001:0004fe20       _$E37                      10050e20 f   KCore.obj
 0001:0004fe30       _$E36                      10050e30 f   KCore.obj
 0001:0004fe40       _$E43                      10050e40 f   KCore.obj
 0001:0004fe50       _$E40                      10050e50 f   KCore.obj
 0001:0004fe60       _$E42                      10050e60 f   KCore.obj
 0001:0004fe70       _$E41                      10050e70 f   KCore.obj
 0001:0004fe80       _$E48                      10050e80 f   KCore.obj
 0001:0004fe90       _$E45                      10050e90 f   KCore.obj
 0001:0004fea0       _$E47                      10050ea0 f   KCore.obj
 0001:0004feb0       _$E46                      10050eb0 f   KCore.obj
 0001:0004f9f0       _$E4                       100509f0 f   KViewItem.obj
 0001:0004fa00       _$E3                       10050a00 f   KViewItem.obj
 0001:0004e830       _$E12                      1004f830 f   KObjSet.obj
 0001:0004e840       _$E9                       1004f840 f   KObjSet.obj
 0001:0004e850       _$E11                      1004f850 f   KObjSet.obj
 0001:0004e860       _$E10                      1004f860 f   KObjSet.obj
 0001:0004d5e0       _$E12                      1004e5e0 f   KObj.obj
 0001:0004d5f0       _$E11                      1004e5f0 f   KObj.obj
 0001:0004cc00       _$E6                       1004dc00 f   KItemSet.obj
 0001:0004cc10       _$E3                       1004dc10 f   KItemSet.obj
 0001:0004cc20       _$E5                       1004dc20 f   KItemSet.obj
 0001:0004cc30       _$E4                       1004dc30 f   KItemSet.obj
 0001:00046230       _$E6                       10047230 f   KItemGenerator.obj
 0001:00046240       _$E3                       10047240 f   KItemGenerator.obj
 0001:00046250       _$E5                       10047250 f   KItemGenerator.obj
 0001:00046260       _$E4                       10047260 f   KItemGenerator.obj
 0001:00045ed0       _$E6                       10046ed0 f   KItemChangeRes.obj
 0001:00045ee0       _$E3                       10046ee0 f   KItemChangeRes.obj
 0001:00045ef0       _$E5                       10046ef0 f   KItemChangeRes.obj
 0001:00045f00       _$E4                       10046f00 f   KItemChangeRes.obj
 0001:00042c50       _$E29                      10043c50 f   KItem.obj
 0001:00042c60       _$E26                      10043c60 f   KItem.obj
 0001:00042c80       _$E28                      10043c80 f   KItem.obj
 0001:00042c90       _$E27                      10043c90 f   KItem.obj
 0001:00041c90       _$E8                       10042c90 f   KBuySell.obj
 0001:00041ca0       _$E5                       10042ca0 f   KBuySell.obj
 0001:00041cb0       _$E7                       10042cb0 f   KBuySell.obj
 0001:00041cc0       _$E6                       10042cc0 f   KBuySell.obj
 0001:0003ba70       _$E6                       1003ca70 f   KPlayerTeam.obj
 0001:0003ba80       _$E5                       1003ca80 f   KPlayerTeam.obj
 0001:0003ac70       _$E8                       1003bc70 f   KPlayerSet.obj
 0001:0003ac80       _$E5                       1003bc80 f   KPlayerSet.obj
 0001:0003ac90       _$E7                       1003bc90 f   KPlayerSet.obj
 0001:0003aca0       _$E6                       1003bca0 f   KPlayerSet.obj
 0001:00026b50       _$E15                      10027b50 f   KPlayer.obj
 0001:00026b60       _$E12                      10027b60 f   KPlayer.obj
 0001:00026b80       _$E14                      10027b80 f   KPlayer.obj
 0001:00026b90       _$E13                      10027b90 f   KPlayer.obj
 0001:000240d0       _$E14                      100250d0 f   KNpcSet.obj
 0001:000240e0       _$E11                      100250e0 f   KNpcSet.obj
 0001:000240f0       _$E13                      100250f0 f   KNpcSet.obj
 0001:00024100       _$E12                      10025100 f   KNpcSet.obj
 0001:00021540       _$E6                       10022540 f   KNpcResList.obj
 0001:00021550       _$E3                       10022550 f   KNpcResList.obj
 0001:00021560       _$E5                       10022560 f   KNpcResList.obj
 0001:00021570       _$E4                       10022570 f   KNpcResList.obj
 0001:0001b3b0       _$E8                       1001c3b0 f   KNpcAttribModify.obj
 0001:0001b3c0       _$E5                       1001c3c0 f   KNpcAttribModify.obj
 0001:0001b3d0       _$E7                       1001c3d0 f   KNpcAttribModify.obj
 0001:0001b3e0       _$E6                       1001c3e0 f   KNpcAttribModify.obj
 0001:000186a0       _$E6                       100196a0 f   KNpcAI.obj
 0001:000186b0       _$E5                       100196b0 f   KNpcAI.obj
 0001:0000ea60       _$E14                      1000fa60 f   KNpc.obj
 0001:0000ea70       _$E11                      1000fa70 f   KNpc.obj
 0001:0000ea90       _$E13                      1000fa90 f   KNpc.obj
 0001:0000eaa0       _$E12                      1000faa0 f   KNpc.obj
 0001:0000e7b0       _$E12                      1000f7b0 f   KSkillSpecial.obj
 0001:0000e7c0       _$E9                       1000f7c0 f   KSkillSpecial.obj
 0001:0000e800       _$E11                      1000f800 f   KSkillSpecial.obj
 0001:0000e810       _$E10                      1000f810 f   KSkillSpecial.obj
 0001:00005a90       _$E8                       10006a90 f   KSkillManager.obj
 0001:00005aa0       _$E5                       10006aa0 f   KSkillManager.obj
 0001:00005ab0       _$E7                       10006ab0 f   KSkillManager.obj
 0001:00005ac0       _$E6                       10006ac0 f   KSkillManager.obj
 0001:000046c0       _$E6                       100056c0 f   KMissleSet.obj
 0001:000046d0       _$E3                       100056d0 f   KMissleSet.obj
 0001:000046e0       _$E5                       100056e0 f   KMissleSet.obj
 0001:000046f0       _$E4                       100056f0 f   KMissleSet.obj
 0001:00000a50       _$E14                      10001a50 f   KMissle.obj
 0001:00000a60       _$E11                      10001a60 f   KMissle.obj
 0001:00000a80       _$E13                      10001a80 f   KMissle.obj
 0001:00000a90       _$E12                      10001a90 f   KMissle.obj
 0001:00000ab0       _$E19                      10001ab0 f   KMissle.obj
 0001:00000ac0       _$E16                      10001ac0 f   KMissle.obj
 0001:00000ae0       _$E18                      10001ae0 f   KMissle.obj
 0001:00000af0       _$E17                      10001af0 f   KMissle.obj
 0001:0007482e       ?ArrayUnwindFilter@@YAHPAU_EXCEPTION_POINTERS@@@Z 1007582e f   MSVCRT:ehvecdtr.obj
